Archive member included to satisfy reference by file (symbol)

/usr/local/mcuxpressoide-11.4.0_6237/ide/plugins/com.nxp.mcuxpresso.tools.linux_11.4.0.202103011116/tools/bin/../lib/gcc/arm-none-eabi/10.2.1/../../../../arm-none-eabi/lib/thumb/v7e-m+fp/hard/libcr_semihost_nf.a(_cr__main.o)
                              ./startup/startup_mkv31f51212.o (__main)
/usr/local/mcuxpressoide-11.4.0_6237/ide/plugins/com.nxp.mcuxpresso.tools.linux_11.4.0.202103011116/tools/bin/../lib/gcc/arm-none-eabi/10.2.1/../../../../arm-none-eabi/lib/thumb/v7e-m+fp/hard/libcr_semihost_nf.a(_cr_assert.o)
                              ./source/UART_EDMA_Bidirectional_Exercise.o (__assertion_failed)
/usr/local/mcuxpressoide-11.4.0_6237/ide/plugins/com.nxp.mcuxpresso.tools.linux_11.4.0.202103011116/tools/bin/../lib/gcc/arm-none-eabi/10.2.1/../../../../arm-none-eabi/lib/thumb/v7e-m+fp/hard/libcr_semihost_nf.a(__ciob.o)
                              /usr/local/mcuxpressoide-11.4.0_6237/ide/plugins/com.nxp.mcuxpresso.tools.linux_11.4.0.202103011116/tools/bin/../lib/gcc/arm-none-eabi/10.2.1/../../../../arm-none-eabi/lib/thumb/v7e-m+fp/hard/libcr_semihost_nf.a(_cr_assert.o) (__Ciob)
/usr/local/mcuxpressoide-11.4.0_6237/ide/plugins/com.nxp.mcuxpresso.tools.linux_11.4.0.202103011116/tools/bin/../lib/gcc/arm-none-eabi/10.2.1/../../../../arm-none-eabi/lib/thumb/v7e-m+fp/hard/libcr_semihost_nf.a(__sys_appexit.o)
                              /usr/local/mcuxpressoide-11.4.0_6237/ide/plugins/com.nxp.mcuxpresso.tools.linux_11.4.0.202103011116/tools/bin/../lib/gcc/arm-none-eabi/10.2.1/../../../../arm-none-eabi/lib/thumb/v7e-m+fp/hard/libcr_semihost_nf.a(_cr_assert.o) (__sys_appexit)
/usr/local/mcuxpressoide-11.4.0_6237/ide/plugins/com.nxp.mcuxpresso.tools.linux_11.4.0.202103011116/tools/bin/../lib/gcc/arm-none-eabi/10.2.1/../../../../arm-none-eabi/lib/thumb/v7e-m+fp/hard/libcr_c.a(memcpy.o)
                              ./utilities/fsl_str.o (memcpy)
/usr/local/mcuxpressoide-11.4.0_6237/ide/plugins/com.nxp.mcuxpresso.tools.linux_11.4.0.202103011116/tools/bin/../lib/gcc/arm-none-eabi/10.2.1/../../../../arm-none-eabi/lib/thumb/v7e-m+fp/hard/libcr_c.a(memset.o)
                              ./drivers/fsl_edma.o (memset)
/usr/local/mcuxpressoide-11.4.0_6237/ide/plugins/com.nxp.mcuxpresso.tools.linux_11.4.0.202103011116/tools/bin/../lib/gcc/arm-none-eabi/10.2.1/../../../../arm-none-eabi/lib/thumb/v7e-m+fp/hard/libcr_c.a(_deferredlazyseek.o)
                              /usr/local/mcuxpressoide-11.4.0_6237/ide/plugins/com.nxp.mcuxpresso.tools.linux_11.4.0.202103011116/tools/bin/../lib/gcc/arm-none-eabi/10.2.1/../../../../arm-none-eabi/lib/thumb/v7e-m+fp/hard/libcr_semihost_nf.a(_cr_assert.o) (__flsbuf)
/usr/local/mcuxpressoide-11.4.0_6237/ide/plugins/com.nxp.mcuxpresso.tools.linux_11.4.0.202103011116/tools/bin/../lib/gcc/arm-none-eabi/10.2.1/../../../../arm-none-eabi/lib/thumb/v7e-m+fp/hard/libcr_c.a(_fflush.o)
                              /usr/local/mcuxpressoide-11.4.0_6237/ide/plugins/com.nxp.mcuxpresso.tools.linux_11.4.0.202103011116/tools/bin/../lib/gcc/arm-none-eabi/10.2.1/../../../../arm-none-eabi/lib/thumb/v7e-m+fp/hard/libcr_c.a(_deferredlazyseek.o) (_fflush)
/usr/local/mcuxpressoide-11.4.0_6237/ide/plugins/com.nxp.mcuxpresso.tools.linux_11.4.0.202103011116/tools/bin/../lib/gcc/arm-none-eabi/10.2.1/../../../../arm-none-eabi/lib/thumb/v7e-m+fp/hard/libcr_c.a(_writebuf.o)
                              /usr/local/mcuxpressoide-11.4.0_6237/ide/plugins/com.nxp.mcuxpresso.tools.linux_11.4.0.202103011116/tools/bin/../lib/gcc/arm-none-eabi/10.2.1/../../../../arm-none-eabi/lib/thumb/v7e-m+fp/hard/libcr_c.a(_deferredlazyseek.o) (_Cwritebuf)
/usr/local/mcuxpressoide-11.4.0_6237/ide/plugins/com.nxp.mcuxpresso.tools.linux_11.4.0.202103011116/tools/bin/../lib/gcc/arm-none-eabi/10.2.1/../../../../arm-none-eabi/lib/thumb/v7e-m+fp/hard/libcr_c.a(alloc.o)
                              ./drivers/fsl_common.o (malloc)
/usr/local/mcuxpressoide-11.4.0_6237/ide/plugins/com.nxp.mcuxpresso.tools.linux_11.4.0.202103011116/tools/bin/../lib/gcc/arm-none-eabi/10.2.1/../../../../arm-none-eabi/lib/thumb/v7e-m+fp/hard/libcr_c.a(errno.o)
                              ./utilities/fsl_str.o (errno)
/usr/local/mcuxpressoide-11.4.0_6237/ide/plugins/com.nxp.mcuxpresso.tools.linux_11.4.0.202103011116/tools/bin/../lib/gcc/arm-none-eabi/10.2.1/../../../../arm-none-eabi/lib/thumb/v7e-m+fp/hard/libcr_c.a(fputs.o)
                              /usr/local/mcuxpressoide-11.4.0_6237/ide/plugins/com.nxp.mcuxpresso.tools.linux_11.4.0.202103011116/tools/bin/../lib/gcc/arm-none-eabi/10.2.1/../../../../arm-none-eabi/lib/thumb/v7e-m+fp/hard/libcr_semihost_nf.a(_cr_assert.o) (fputs)
/usr/local/mcuxpressoide-11.4.0_6237/ide/plugins/com.nxp.mcuxpresso.tools.linux_11.4.0.202103011116/tools/bin/../lib/gcc/arm-none-eabi/10.2.1/../../../../arm-none-eabi/lib/thumb/v7e-m+fp/hard/libcr_c.a(fseek.o)
[...]
Memory Configuration

Name             Origin             Length             Attributes
PROGRAM_FLASH    0x0000000000000000 0x0000000000080000 xr
SRAM_UPPER       0x0000000020000000 0x0000000000010000 xrw
SRAM_LOWER       0x000000001fff8000 0x0000000000008000 xrw
*default*        0x0000000000000000 0xffffffffffffffff

Linker script and memory map

LOAD ./utilities/fsl_debug_console.o
LOAD ./utilities/fsl_str.o
LOAD ./startup/startup_mkv31f51212.o
LOAD ./source/UART_EDMA_Bidirectional_Exercise.o
LOAD ./source/semihost_hardfault.o
LOAD ./drivers/fsl_clock.o
LOAD ./drivers/fsl_common.o
LOAD ./drivers/fsl_common_arm.o
LOAD ./drivers/fsl_dmamux.o
LOAD ./drivers/fsl_edma.o
LOAD ./drivers/fsl_ftm.o
LOAD ./drivers/fsl_gpio.o
LOAD ./drivers/fsl_i2c.o
LOAD ./drivers/fsl_sim.o
LOAD ./drivers/fsl_smc.o
LOAD ./drivers/fsl_uart.o
LOAD ./drivers/fsl_uart_edma.o
LOAD ./device/system_MKV31F51212.o
LOAD ./component/uart/fsl_adapter_uart.o
LOAD ./component/serial_manager/fsl_component_serial_manager.o
LOAD ./component/serial_manager/fsl_component_serial_port_uart.o
LOAD ./component/lists/fsl_component_generic_list.o
LOAD ./board/board.o
LOAD ./board/clock_config.o
LOAD ./board/peripherals.o
LOAD ./board/pin_mux.o
START GROUP
LOAD /usr/local/mcuxpressoide-11.4.0_6237/ide/plugins/com.nxp.mcuxpresso.tools.linux_11.4.0.202103011116/tools/bin/../lib/gcc/arm-none-eabi/10.2.1/../../../../arm-none-eabi/lib/thumb/v7e-m+fp/hard/libcr_semihost_nf.a
LOAD /usr/local/mcuxpressoide-11.4.0_6237/ide/plugins/com.nxp.mcuxpresso.tools.linux_11.4.0.202103011116/tools/bin/../lib/gcc/arm-none-eabi/10.2.1/../../../../arm-none-eabi/lib/thumb/v7e-m+fp/hard/libcr_c.a
LOAD /usr/local/mcuxpressoide-11.4.0_6237/ide/plugins/com.nxp.mcuxpresso.tools.linux_11.4.0.202103011116/tools/bin/../lib/gcc/arm-none-eabi/10.2.1/thumb/v7e-m+fp/hard/libcr_eabihelpers.a
LOAD /usr/local/mcuxpressoide-11.4.0_6237/ide/plugins/com.nxp.mcuxpresso.tools.linux_11.4.0.202103011116/tools/bin/../lib/gcc/arm-none-eabi/10.2.1/thumb/v7e-m+fp/hard/libgcc.a
END GROUP
                0x0000000000000000                __base_PROGRAM_FLASH = 0x0
                0x0000000000000000                __base_Flash = 0x0
                0x0000000000080000                __top_PROGRAM_FLASH = 0x80000
                0x0000000000080000                __top_Flash = 0x80000
                0x0000000020000000                __base_SRAM_UPPER = 0x20000000
                0x0000000020000000                __base_RAM = 0x20000000
                0x0000000020010000                __top_SRAM_UPPER = 0x20010000
                0x0000000020010000                __top_RAM = 0x20010000
                0x000000001fff8000                __base_SRAM_LOWER = 0x1fff8000
                0x000000001fff8000                __base_RAM2 = 0x1fff8000
                0x0000000020000000                __top_SRAM_LOWER = 0x20000000
                0x0000000020000000                __top_RAM2 = 0x20000000

.text           0x0000000000000000     0x5aac
 FILL mask 0xff
                0x0000000000000000                __vectors_start__ = ABSOLUTE (.)
 *(SORT_BY_ALIGNMENT(.isr_vector))
 .isr_vector    0x0000000000000000      0x168 ./startup/startup_mkv31f51212.o
                0x0000000000000000                __Vectors
                0x0000000000000000                g_pfnVectors
                0x0000000000000168                . = ALIGN (0x4)
                0x0000000000000168                __section_table_start = .
                0x0000000000000168                __data_section_table = .
                0x0000000000000168        0x4 LONG 0x5aac LOADADDR (.data)
                0x000000000000016c        0x4 LONG 0x20000000 ADDR (.data)
                0x0000000000000170        0x4 LONG 0x18 SIZEOF (.data)
                0x0000000000000174        0x4 LONG 0x5aac LOADADDR (.data_RAM2)
                0x0000000000000178        0x4 LONG 0x1fff8000 ADDR (.data_RAM2)
                0x000000000000017c        0x4 LONG 0x0 SIZEOF (.data_RAM2)
                0x0000000000000180                __data_section_table_end = .
                0x0000000000000180                __bss_section_table = .
                0x0000000000000180        0x4 LONG 0x20000018 ADDR (.bss)
                0x0000000000000184        0x4 LONG 0x29c SIZEOF (.bss)
                0x0000000000000188        0x4 LONG 0x1fff8000 ADDR (.bss_RAM2)
                0x000000000000018c        0x4 LONG 0x0 SIZEOF (.bss_RAM2)
                0x0000000000000190                __bss_section_table_end = .
                0x0000000000000190                __section_table_end = .
 *(SORT_BY_ALIGNMENT(.after_vectors*))
 .after_vectors.reset
                0x0000000000000190       0x4c ./startup/startup_mkv31f51212.o
                0x0000000000000190                ResetISR
 .after_vectors.init_data
                0x00000000000001dc       0x1e ./startup/startup_mkv31f51212.o
                0x00000000000001dc                data_init
 .after_vectors.init_bss
                0x00000000000001fa       0x12 ./startup/startup_mkv31f51212.o
                0x00000000000001fa                bss_init
 .after_vectors
                0x000000000000020c       0x14 ./startup/startup_mkv31f51212.o
                0x000000000000020c                NMI_Handler
                0x0000000000000210                MemManage_Handler
                0x0000000000000212                BusFault_Handler
                0x0000000000000214                UsageFault_Handler
                0x0000000000000216                SVC_Handler
                0x0000000000000218                DebugMon_Handler
                0x000000000000021a                PendSV_Handler
                0x000000000000021c                SysTick_Handler
                0x000000000000021e                PORTB_DriverIRQHandler
                0x000000000000021e                SPI1_DriverIRQHandler
                0x000000000000021e                LPTMR0_DriverIRQHandler
                0x000000000000021e                DMA_Error_DriverIRQHandler
                0x000000000000021e                FTM1_DriverIRQHandler
                0x000000000000021e                FTM2_DriverIRQHandler
                0x000000000000021e                PIT2_DriverIRQHandler
                0x000000000000021e                Reserved82_DriverIRQHandler
                0x000000000000021e                FTF_DriverIRQHandler
                0x000000000000021e                LLWU_DriverIRQHandler
                0x000000000000021e                MCM_DriverIRQHandler
                0x000000000000021e                MCG_DriverIRQHandler
                0x000000000000021e                Reserved63_DriverIRQHandler
                0x000000000000021e                DAC1_DriverIRQHandler
                0x000000000000021e                Reserved69_DriverIRQHandler
                0x000000000000021e                CMP1_DriverIRQHandler
                0x000000000000021e                FTM0_DriverIRQHandler
                0x000000000000021e                IntDefaultHandler
                0x000000000000021e                PORTC_DriverIRQHandler
                0x000000000000021e                DAC0_DriverIRQHandler
                0x000000000000021e                UART2_ERR_DriverIRQHandler
                0x000000000000021e                LVD_LVW_DriverIRQHandler
                0x000000000000021e                Reserved84_DriverIRQHandler
                0x000000000000021e                PIT0_DriverIRQHandler
                0x000000000000021e                RNG_DriverIRQHandler
                0x000000000000021e                Reserved53_DriverIRQHandler
                0x000000000000021e                Reserved45_DriverIRQHandler
                0x000000000000021e                UART0_ERR_DriverIRQHandler
                0x000000000000021e                Reserved71_DriverIRQHandler
                0x000000000000021e                ADC1_DriverIRQHandler
                0x000000000000021e                PORTA_DriverIRQHandler
                0x000000000000021e                PIT3_DriverIRQHandler
                0x000000000000021e                PIT1_DriverIRQHandler
                0x000000000000021e                WDOG_EWM_DriverIRQHandler
                0x000000000000021e                PDB0_DriverIRQHandler
                0x000000000000021e                Reserved83_DriverIRQHandler
                0x000000000000021e                Reserved61_DriverIRQHandler
                0x000000000000021e                Read_Collision_DriverIRQHandler
                0x000000000000021e                Reserved54_DriverIRQHandler
                0x000000000000021e                SWI_DriverIRQHandler
                0x000000000000021e                Reserved62_DriverIRQHandler
                0x000000000000021e                Reserved44_DriverIRQHandler
                0x000000000000021e                LPUART0_DriverIRQHandler
                0x000000000000021e                Reserved85_DriverIRQHandler
                0x000000000000021e                Reserved81_DriverIRQHandler
                0x000000000000021e                SPI0_DriverIRQHandler
                0x000000000000021e                ADC0_DriverIRQHandler
                0x000000000000021e                CMP0_DriverIRQHandler
                0x000000000000021e                FTM3_DriverIRQHandler
                0x000000000000021e                UART1_ERR_DriverIRQHandler
                0x000000000000021e                PORTD_DriverIRQHandler
                0x000000000000021e                Reserved70_DriverIRQHandler
                0x000000000000021e                Reserved86_DriverIRQHandler
                0x000000000000021e                PORTE_DriverIRQHandler
                0x0000000000000400                . = 0x400
 *fill*         0x0000000000000220      0x1e0 ff
                0x0000000000000400                PROVIDE (__FLASH_CONFIG_START__ = .)
 *(SORT_BY_ALIGNMENT(.FlashConfig))
 .FlashConfig   0x0000000000000400       0x10 ./startup/startup_mkv31f51212.o
                0x0000000000000400                Flash_Config
                0x0000000000000410                PROVIDE (__FLASH_CONFIG_END__ = .)
                0x0000000000000001                ASSERT (! ((__FLASH_CONFIG_START__ == __FLASH_CONFIG_END__)), Linker Flash Config Support Enabled, but no .FlashConfig section provided within application)
 *(SORT_BY_ALIGNMENT(.text*))
 .text.DMAMUX_EnableChannel
                0x0000000000000410       0x3c ./source/UART_EDMA_Bidirectional_Exercise.o
 .text.DMAMUX_SetSource
                0x000000000000044c       0x4c ./source/UART_EDMA_Bidirectional_Exercise.o
 .text.UART_UserCallback
                0x0000000000000498       0x58 ./source/UART_EDMA_Bidirectional_Exercise.o
                0x0000000000000498                UART_UserCallback
 .text.main     0x00000000000004f0      0x1b8 ./source/UART_EDMA_Bidirectional_Exercise.o
                0x00000000000004f0                main
 .text.CLOCK_SetEr32kClock
                0x00000000000006a8       0x30 ./drivers/fsl_clock.o
 .text.CLOCK_SetPllFllSelClock
                0x00000000000006d8       0x38 ./drivers/fsl_clock.o
 .text.CLOCK_GetMcgExtClkFreq
                0x0000000000000710       0x7c ./drivers/fsl_clock.o
 .text.CLOCK_GetFllExtRefClkFreq
                0x000000000000078c       0xb0 ./drivers/fsl_clock.o
 .text.CLOCK_GetInternalRefClkSelectFreq
                0x000000000000083c       0x4c ./drivers/fsl_clock.o
 .text.CLOCK_GetFllRefClkFreq
                0x0000000000000888       0x34 ./drivers/fsl_clock.o
 .text.CLOCK_GetOscRangeFromFreq
                0x00000000000008bc       0x3c ./drivers/fsl_clock.o
 .text.CLOCK_GetOsc0ErClkUndivFreq
                0x00000000000008f8       0x44 ./drivers/fsl_clock.o
                0x00000000000008f8                CLOCK_GetOsc0ErClkUndivFreq
 .text.CLOCK_GetOsc0ErClkDivFreq
                0x000000000000093c       0x58 ./drivers/fsl_clock.o
                0x000000000000093c                CLOCK_GetOsc0ErClkDivFreq
 .text.CLOCK_GetEr32kClkFreq
                0x0000000000000994       0x74 ./drivers/fsl_clock.o
                0x0000000000000994                CLOCK_GetEr32kClkFreq
 .text.CLOCK_GetPllFllSelClkFreq
                0x0000000000000a08       0x54 ./drivers/fsl_clock.o
                0x0000000000000a08                CLOCK_GetPllFllSelClkFreq
 .text.CLOCK_GetFreq
                0x0000000000000a5c      0x148 ./drivers/fsl_clock.o
                0x0000000000000a5c                CLOCK_GetFreq
 .text.CLOCK_SetSimConfig
                0x0000000000000ba4       0x34 ./drivers/fsl_clock.o
                0x0000000000000ba4                CLOCK_SetSimConfig
 .text.CLOCK_GetOutClkFreq
                0x0000000000000bd8       0x64 ./drivers/fsl_clock.o
                0x0000000000000bd8                CLOCK_GetOutClkFreq
 .text.CLOCK_GetFllFreq
                0x0000000000000c3c       0x84 ./drivers/fsl_clock.o
                0x0000000000000c3c                CLOCK_GetFllFreq
 .text.CLOCK_GetInternalRefClkFreq
                0x0000000000000cc0       0x30 ./drivers/fsl_clock.o
                0x0000000000000cc0                CLOCK_GetInternalRefClkFreq
 .text.CLOCK_GetPll0Freq
                0x0000000000000cf0       0x78 ./drivers/fsl_clock.o
                0x0000000000000cf0                CLOCK_GetPll0Freq
 .text.CLOCK_SetExternalRefClkConfig
                0x0000000000000d68       0x6c ./drivers/fsl_clock.o
                0x0000000000000d68                CLOCK_SetExternalRefClkConfig
 .text.CLOCK_SetInternalRefClkConfig
                0x0000000000000dd4      0x104 ./drivers/fsl_clock.o
                0x0000000000000dd4                CLOCK_SetInternalRefClkConfig
 .text.CLOCK_EnablePll0
                0x0000000000000ed8       0x88 ./drivers/fsl_clock.o
                0x0000000000000ed8                CLOCK_EnablePll0
 .text.CLOCK_InitOsc0
                0x0000000000000f60       0x8c ./drivers/fsl_clock.o
                0x0000000000000f60                CLOCK_InitOsc0
 .text.CLOCK_SetPbeMode
                0x0000000000000fec       0xa8 ./drivers/fsl_clock.o
                0x0000000000000fec                CLOCK_SetPbeMode
 .text.CLOCK_BootToPeeMode
                0x0000000000001094       0x64 ./drivers/fsl_clock.o
                0x0000000000001094                CLOCK_BootToPeeMode
 .text.DMAMUX_GetInstance
                0x00000000000010f8       0x44 ./drivers/fsl_dmamux.o
 .text.DMAMUX_Init
                0x000000000000113c       0x24 ./drivers/fsl_dmamux.o
                0x000000000000113c                DMAMUX_Init
 .text.__NVIC_EnableIRQ
                0x0000000000001160       0x3c ./drivers/fsl_edma.o
 .text.EDMA_GetInstance
                0x000000000000119c       0x44 ./drivers/fsl_edma.o
 .text.EDMA_InstallTCD
                0x00000000000011e0      0x14c ./drivers/fsl_edma.o
                0x00000000000011e0                EDMA_InstallTCD
 .text.EDMA_Init
                0x000000000000132c       0x98 ./drivers/fsl_edma.o
                0x000000000000132c                EDMA_Init
 .text.EDMA_GetDefaultConfig
                0x00000000000013c4       0x44 ./drivers/fsl_edma.o
                0x00000000000013c4                EDMA_GetDefaultConfig
 .text.EDMA_SetTransferConfig
                0x0000000000001408       0x60 ./drivers/fsl_edma.o
                0x0000000000001408                EDMA_SetTransferConfig
 .text.EDMA_TcdReset
                0x0000000000001468       0x78 ./drivers/fsl_edma.o
                0x0000000000001468                EDMA_TcdReset
 .text.EDMA_TcdSetTransferConfig
                0x00000000000014e0      0x12c ./drivers/fsl_edma.o
                0x00000000000014e0                EDMA_TcdSetTransferConfig
 .text.EDMA_GetInstanceOffset
                0x000000000000160c       0x48 ./drivers/fsl_edma.o
 .text.EDMA_CreateHandle
                0x0000000000001654       0xe0 ./drivers/fsl_edma.o
                0x0000000000001654                EDMA_CreateHandle
 .text.EDMA_SetCallback
                0x0000000000001734       0x30 ./drivers/fsl_edma.o
                0x0000000000001734                EDMA_SetCallback
 .text.EDMA_TransferWidthMapping
                0x0000000000001764       0xd0 ./drivers/fsl_edma.o
 .text.EDMA_PrepareTransferConfig
                0x0000000000001834      0x134 ./drivers/fsl_edma.o
                0x0000000000001834                EDMA_PrepareTransferConfig
 .text.EDMA_PrepareTransfer
                0x0000000000001968       0xa4 ./drivers/fsl_edma.o
                0x0000000000001968                EDMA_PrepareTransfer
 .text.EDMA_SubmitTransfer
                0x0000000000001a0c      0x304 ./drivers/fsl_edma.o
                0x0000000000001a0c                EDMA_SubmitTransfer
 .text.EDMA_StartTransfer
                0x0000000000001d10       0xb0 ./drivers/fsl_edma.o
                0x0000000000001d10                EDMA_StartTransfer
 .text.EDMA_HandleIRQ
                0x0000000000001dc0      0x180 ./drivers/fsl_edma.o
                0x0000000000001dc0                EDMA_HandleIRQ
 .text.DMA0_DriverIRQHandler
                0x0000000000001f40       0x1c ./drivers/fsl_edma.o
                0x0000000000001f40                DMA0_DriverIRQHandler
 .text.DMA1_DriverIRQHandler
                0x0000000000001f5c       0x1c ./drivers/fsl_edma.o
                0x0000000000001f5c                DMA1_DriverIRQHandler
 .text.DMA2_DriverIRQHandler
                0x0000000000001f78       0x1c ./drivers/fsl_edma.o
                0x0000000000001f78                DMA2_DriverIRQHandler
 .text.DMA3_DriverIRQHandler
                0x0000000000001f94       0x1c ./drivers/fsl_edma.o
                0x0000000000001f94                DMA3_DriverIRQHandler
 .text.DMA4_DriverIRQHandler
                0x0000000000001fb0       0x1c ./drivers/fsl_edma.o
                0x0000000000001fb0                DMA4_DriverIRQHandler
 .text.DMA5_DriverIRQHandler
                0x0000000000001fcc       0x1c ./drivers/fsl_edma.o
                0x0000000000001fcc                DMA5_DriverIRQHandler
 .text.DMA6_DriverIRQHandler
                0x0000000000001fe8       0x1c ./drivers/fsl_edma.o
                0x0000000000001fe8                DMA6_DriverIRQHandler
 .text.DMA7_DriverIRQHandler
                0x0000000000002004       0x1c ./drivers/fsl_edma.o
                0x0000000000002004                DMA7_DriverIRQHandler
 .text.DMA8_DriverIRQHandler
                0x0000000000002020       0x1c ./drivers/fsl_edma.o
                0x0000000000002020                DMA8_DriverIRQHandler
 .text.DMA9_DriverIRQHandler
                0x000000000000203c       0x1c ./drivers/fsl_edma.o
                0x000000000000203c                DMA9_DriverIRQHandler
 .text.DMA10_DriverIRQHandler
                0x0000000000002058       0x1c ./drivers/fsl_edma.o
                0x0000000000002058                DMA10_DriverIRQHandler
 .text.DMA11_DriverIRQHandler
                0x0000000000002074       0x1c ./drivers/fsl_edma.o
                0x0000000000002074                DMA11_DriverIRQHandler
 .text.DMA12_DriverIRQHandler
                0x0000000000002090       0x1c ./drivers/fsl_edma.o
                0x0000000000002090                DMA12_DriverIRQHandler
 .text.DMA13_DriverIRQHandler
                0x00000000000020ac       0x1c ./drivers/fsl_edma.o
                0x00000000000020ac                DMA13_DriverIRQHandler
 .text.DMA14_DriverIRQHandler
                0x00000000000020c8       0x1c ./drivers/fsl_edma.o
                0x00000000000020c8                DMA14_DriverIRQHandler
 .text.DMA15_DriverIRQHandler
                0x00000000000020e4       0x1c ./drivers/fsl_edma.o
                0x00000000000020e4                DMA15_DriverIRQHandler
 .text.I2C_TransferCommonIRQHandler
                0x0000000000002100       0x58 ./drivers/fsl_i2c.o
 .text.I2C0_DriverIRQHandler
                0x0000000000002158       0x1c ./drivers/fsl_i2c.o
                0x0000000000002158                I2C0_DriverIRQHandler
 .text.I2C1_DriverIRQHandler
                0x0000000000002174       0x1c ./drivers/fsl_i2c.o
                0x0000000000002174                I2C1_DriverIRQHandler
 .text.UART_GetInstance
                0x0000000000002190       0x54 ./drivers/fsl_uart.o
                0x0000000000002190                UART_GetInstance
 .text.UART_Init
                0x00000000000021e4      0x294 ./drivers/fsl_uart.o
                0x00000000000021e4                UART_Init
 .text.UART_GetDefaultConfig
                0x0000000000002478       0x64 ./drivers/fsl_uart.o
                0x0000000000002478                UART_GetDefaultConfig
 .text.UART_EnableInterrupts
                0x00000000000024dc       0x70 ./drivers/fsl_uart.o
                0x00000000000024dc                UART_EnableInterrupts
 .text.UART_DisableInterrupts
                0x000000000000254c       0x90 ./drivers/fsl_uart.o
                0x000000000000254c                UART_DisableInterrupts
 .text.UART0_DriverIRQHandler
                0x00000000000025dc       0x28 ./drivers/fsl_uart.o
                0x00000000000025dc                UART0_DriverIRQHandler
 .text.UART1_DriverIRQHandler
                0x0000000000002604       0x28 ./drivers/fsl_uart.o
                0x0000000000002604                UART1_DriverIRQHandler
 .text.UART2_DriverIRQHandler
                0x000000000000262c       0x28 ./drivers/fsl_uart.o
                0x000000000000262c                UART2_DriverIRQHandler
 .text.__NVIC_EnableIRQ
                0x0000000000002654       0x3c ./drivers/fsl_uart_edma.o
 .text.UART_SendEDMACallback
                0x0000000000002690       0x54 ./drivers/fsl_uart_edma.o
 .text.UART_ReceiveEDMACallback
                0x00000000000026e4       0x68 ./drivers/fsl_uart_edma.o
 .text.UART_TransferCreateHandleEDMA
                0x000000000000274c       0xfc ./drivers/fsl_uart_edma.o
                0x000000000000274c                UART_TransferCreateHandleEDMA
 .text.UART_SendEDMA
                0x0000000000002848       0xe8 ./drivers/fsl_uart_edma.o
                0x0000000000002848                UART_SendEDMA
 .text.UART_ReceiveEDMA
                0x0000000000002930       0xe8 ./drivers/fsl_uart_edma.o
                0x0000000000002930                UART_ReceiveEDMA
 .text.UART_TransferAbortReceiveEDMA
                0x0000000000002a18       0x4c ./drivers/fsl_uart_edma.o
                0x0000000000002a18                UART_TransferAbortReceiveEDMA
 .text.UART_TransferEdmaHandleIRQ
                0x0000000000002a64       0x50 ./drivers/fsl_uart_edma.o
                0x0000000000002a64                UART_TransferEdmaHandleIRQ
 .text.SystemInit
                0x0000000000002ab4       0x3c ./device/system_MKV31F51212.o
                0x0000000000002ab4                SystemInit
 .text.CLOCK_SetTraceClock
                0x0000000000002af0       0x38 ./board/clock_config.o
 .text.CLOCK_SetClkOutClock
                0x0000000000002b28       0x34 ./board/clock_config.o
 .text.CLOCK_SetLpuartClock
                0x0000000000002b5c       0x40 ./board/clock_config.o
 .text.CLOCK_SetSimSafeDivs
                0x0000000000002b9c       0x24 ./board/clock_config.o
 .text.CLOCK_SetXtal0Freq
                0x0000000000002bc0       0x20 ./board/clock_config.o
 .text.CLOCK_CONFIG_SetFllExtRefDiv
                0x0000000000002be0       0x3c ./board/clock_config.o
 .text.BOARD_BootClockHSRUN
                0x0000000000002c1c       0x90 ./board/clock_config.o
                0x0000000000002c1c                BOARD_BootClockHSRUN
 .text.DMAMUX_EnableChannel
                0x0000000000002cac       0x3c ./board/peripherals.o
 .text.DMAMUX_SetSource
                0x0000000000002ce8       0x4c ./board/peripherals.o
 .text.UART1_init
                0x0000000000002d34       0x8c ./board/peripherals.o
 .text.UART2_init
                0x0000000000002dc0       0x8c ./board/peripherals.o
 .text.BOARD_InitPeripherals
                0x0000000000002e4c       0x2c ./board/peripherals.o
                0x0000000000002e4c                BOARD_InitPeripherals
 .text.PORT_SetPinConfig
                0x0000000000002e78       0x38 ./board/pin_mux.o
 .text.BOARD_InitPins
                0x0000000000002eb0       0x80 ./board/pin_mux.o
                0x0000000000002eb0                BOARD_InitPins
 .text.BOARD_InitDEBUG_UARTPins
                0x0000000000002f30       0x68 ./board/pin_mux.o
                0x0000000000002f30                BOARD_InitDEBUG_UARTPins
 .text.__assertion_failed
                0x0000000000002f98       0x4c /usr/local/mcuxpressoide-11.4.0_6237/ide/plugins/com.nxp.mcuxpresso.tools.linux_11.4.0.202103011116/tools/bin/../lib/gcc/arm-none-eabi/10.2.1/../../../../arm-none-eabi/lib/thumb/v7e-m+fp/hard/libcr_semihost_nf.a(_cr_assert.o)
                0x0000000000002f98                __assertion_failed
 .text.__sys_appexit
                0x0000000000002fe4        0xc /usr/local/mcuxpressoide-11.4.0_6237/ide/plugins/com.nxp.mcuxpresso.tools.linux_11.4.0.202103011116/tools/bin/../lib/gcc/arm-none-eabi/10.2.1/../../../../arm-none-eabi/lib/thumb/v7e-m+fp/hard/libcr_semihost_nf.a(__sys_appexit.o)
                0x0000000000002fe4                __exit
                0x0000000000002fe4                __sys_appexit
 .text._Cwritebuf
                0x0000000000002ff0       0x6c /usr/local/mcuxpressoide-11.4.0_6237/ide/plugins/com.nxp.mcuxpresso.tools.linux_11.4.0.202103011116/tools/bin/../lib/gcc/arm-none-eabi/10.2.1/../../../../arm-none-eabi/lib/thumb/v7e-m+fp/hard/libcr_c.a(_writebuf.o)
                0x0000000000002ff0                _Cwritebuf
 .text.malloc   0x000000000000305c       0xc8 /usr/local/mcuxpressoide-11.4.0_6237/ide/plugins/com.nxp.mcuxpresso.tools.linux_11.4.0.202103011116/tools/bin/../lib/gcc/arm-none-eabi/10.2.1/../../../../arm-none-eabi/lib/thumb/v7e-m+fp/hard/libcr_c.a(alloc.o)
                0x000000000000305c                malloc
 .text._Csys_alloc
                0x0000000000003124       0x20 /usr/local/mcuxpressoide-11.4.0_6237/ide/plugins/com.nxp.mcuxpresso.tools.linux_11.4.0.202103011116/tools/bin/../lib/gcc/arm-none-eabi/10.2.1/../../../../arm-none-eabi/lib/thumb/v7e-m+fp/hard/libcr_c.a(alloc.o)
                0x0000000000003124                _Csys_alloc
 .text.fseek    0x0000000000003144      0x100 /usr/local/mcuxpressoide-11.4.0_6237/ide/plugins/com.nxp.mcuxpresso.tools.linux_11.4.0.202103011116/tools/bin/../lib/gcc/arm-none-eabi/10.2.1/../../../../arm-none-eabi/lib/thumb/v7e-m+fp/hard/libcr_c.a(fseek.o)
                0x0000000000003144                fseek
 .text.ftell    0x0000000000003244       0x44 /usr/local/mcuxpressoide-11.4.0_6237/ide/plugins/com.nxp.mcuxpresso.tools.linux_11.4.0.202103011116/tools/bin/../lib/gcc/arm-none-eabi/10.2.1/../../../../arm-none-eabi/lib/thumb/v7e-m+fp/hard/libcr_c.a(ftell.o)
                0x0000000000003244                ftell
 .text._initio  0x0000000000003288       0x78 /usr/local/mcuxpressoide-11.4.0_6237/ide/plugins/com.nxp.mcuxpresso.tools.linux_11.4.0.202103011116/tools/bin/../lib/gcc/arm-none-eabi/10.2.1/../../../../arm-none-eabi/lib/thumb/v7e-m+fp/hard/libcr_c.a(initio.o)
                0x0000000000003288                _initio
 .text.__vfprintf
                0x0000000000003300      0xbf4 /usr/local/mcuxpressoide-11.4.0_6237/ide/plugins/com.nxp.mcuxpresso.tools.linux_11.4.0.202103011116/tools/bin/../lib/gcc/arm-none-eabi/10.2.1/../../../../arm-none-eabi/lib/thumb/v7e-m+fp/hard/libcr_c.a(printf.o)
                0x0000000000003300                __vfprintf
 .text._vsnprintf
                0x0000000000003ef4       0x68 /usr/local/mcuxpressoide-11.4.0_6237/ide/plugins/com.nxp.mcuxpresso.tools.linux_11.4.0.202103011116/tools/bin/../lib/gcc/arm-none-eabi/10.2.1/../../../../arm-none-eabi/lib/thumb/v7e-m+fp/hard/libcr_c.a(printf.o)
                0x0000000000003ef4                _vsnprintf
 .text._printf  0x0000000000003f5c       0x54 /usr/local/mcuxpressoide-11.4.0_6237/ide/plugins/com.nxp.mcuxpresso.tools.linux_11.4.0.202103011116/tools/bin/../lib/gcc/arm-none-eabi/10.2.1/../../../../arm-none-eabi/lib/thumb/v7e-m+fp/hard/libcr_c.a(printf.o)
                0x0000000000003f5c                _printf
 .text._sbrk    0x0000000000003fb0       0x3c /usr/local/mcuxpressoide-11.4.0_6237/ide/plugins/com.nxp.mcuxpresso.tools.linux_11.4.0.202103011116/tools/bin/../lib/gcc/arm-none-eabi/10.2.1/../../../../arm-none-eabi/lib/thumb/v7e-m+fp/hard/libcr_c.a(_cr_sbrk.o)
                0x0000000000003fb0                _sbrk
 .text.fflush   0x0000000000003fec       0x3c /usr/local/mcuxpressoide-11.4.0_6237/ide/plugins/com.nxp.mcuxpresso.tools.linux_11.4.0.202103011116/tools/bin/../lib/gcc/arm-none-eabi/10.2.1/../../../../arm-none-eabi/lib/thumb/v7e-m+fp/hard/libcr_c.a(fflush.o)
                0x0000000000003fec                fflush
 .text.__check_heap_overflow
                0x0000000000004028       0x18 /usr/local/mcuxpressoide-11.4.0_6237/ide/plugins/com.nxp.mcuxpresso.tools.linux_11.4.0.202103011116/tools/bin/../lib/gcc/arm-none-eabi/10.2.1/../../../../arm-none-eabi/lib/thumb/v7e-m+fp/hard/libcr_c.a(_cr_check_heap.o)
                0x0000000000004028                __check_heap_overflow
 .text.DMA0_IRQHandler
                0x0000000000004040        0x8 ./startup/startup_mkv31f51212.o
                0x0000000000004040                DMA0_IRQHandler
 .text.DMA1_IRQHandler
                0x0000000000004048        0x8 ./startup/startup_mkv31f51212.o
                0x0000000000004048                DMA1_IRQHandler
 .text.DMA2_IRQHandler
                0x0000000000004050        0x8 ./startup/startup_mkv31f51212.o
                0x0000000000004050                DMA2_IRQHandler
 .text.DMA3_IRQHandler
                0x0000000000004058        0x8 ./startup/startup_mkv31f51212.o
                0x0000000000004058                DMA3_IRQHandler
 .text.DMA4_IRQHandler
                0x0000000000004060        0x8 ./startup/startup_mkv31f51212.o
                0x0000000000004060                DMA4_IRQHandler
 .text.DMA5_IRQHandler
                0x0000000000004068        0x8 ./startup/startup_mkv31f51212.o
                0x0000000000004068                DMA5_IRQHandler
 .text.DMA6_IRQHandler
                0x0000000000004070        0x8 ./startup/startup_mkv31f51212.o
                0x0000000000004070                DMA6_IRQHandler
 .text.DMA7_IRQHandler
                0x0000000000004078        0x8 ./startup/startup_mkv31f51212.o
                0x0000000000004078                DMA7_IRQHandler
 .text.DMA8_IRQHandler
                0x0000000000004080        0x8 ./startup/startup_mkv31f51212.o
                0x0000000000004080                DMA8_IRQHandler
 .text.DMA9_IRQHandler
                0x0000000000004088        0x8 ./startup/startup_mkv31f51212.o
                0x0000000000004088                DMA9_IRQHandler
 .text.DMA10_IRQHandler
                0x0000000000004090        0x8 ./startup/startup_mkv31f51212.o
                0x0000000000004090                DMA10_IRQHandler
 .text.DMA11_IRQHandler
                0x0000000000004098        0x8 ./startup/startup_mkv31f51212.o
                0x0000000000004098                DMA11_IRQHandler
 .text.DMA12_IRQHandler
                0x00000000000040a0        0x8 ./startup/startup_mkv31f51212.o
                0x00000000000040a0                DMA12_IRQHandler
 .text.DMA13_IRQHandler
                0x00000000000040a8        0x8 ./startup/startup_mkv31f51212.o
                0x00000000000040a8                DMA13_IRQHandler
 .text.DMA14_IRQHandler
                0x00000000000040b0        0x8 ./startup/startup_mkv31f51212.o
                0x00000000000040b0                DMA14_IRQHandler
 .text.DMA15_IRQHandler
                0x00000000000040b8        0x8 ./startup/startup_mkv31f51212.o
                0x00000000000040b8                DMA15_IRQHandler
 .text.DMA_Error_IRQHandler
                0x00000000000040c0        0x8 ./startup/startup_mkv31f51212.o
                0x00000000000040c0                DMA_Error_IRQHandler
 .text.MCM_IRQHandler
                0x00000000000040c8        0x8 ./startup/startup_mkv31f51212.o
                0x00000000000040c8                MCM_IRQHandler
 .text.FTF_IRQHandler
                0x00000000000040d0        0x8 ./startup/startup_mkv31f51212.o
                0x00000000000040d0                FTF_IRQHandler
 .text.Read_Collision_IRQHandler
                0x00000000000040d8        0x8 ./startup/startup_mkv31f51212.o
                0x00000000000040d8                Read_Collision_IRQHandler
 .text.LVD_LVW_IRQHandler
                0x00000000000040e0        0x8 ./startup/startup_mkv31f51212.o
                0x00000000000040e0                LVD_LVW_IRQHandler
 .text.LLWU_IRQHandler
                0x00000000000040e8        0x8 ./startup/startup_mkv31f51212.o
                0x00000000000040e8                LLWU_IRQHandler
 .text.WDOG_EWM_IRQHandler
                0x00000000000040f0        0x8 ./startup/startup_mkv31f51212.o
                0x00000000000040f0                WDOG_EWM_IRQHandler
 .text.RNG_IRQHandler
                0x00000000000040f8        0x8 ./startup/startup_mkv31f51212.o
                0x00000000000040f8                RNG_IRQHandler
 .text.I2C0_IRQHandler
                0x0000000000004100        0x8 ./startup/startup_mkv31f51212.o
                0x0000000000004100                I2C0_IRQHandler
 .text.I2C1_IRQHandler
                0x0000000000004108        0x8 ./startup/startup_mkv31f51212.o
                0x0000000000004108                I2C1_IRQHandler
 .text.SPI0_IRQHandler
                0x0000000000004110        0x8 ./startup/startup_mkv31f51212.o
                0x0000000000004110                SPI0_IRQHandler
 .text.SPI1_IRQHandler
                0x0000000000004118        0x8 ./startup/startup_mkv31f51212.o
                0x0000000000004118                SPI1_IRQHandler
 .text.Reserved44_IRQHandler
                0x0000000000004120        0x8 ./startup/startup_mkv31f51212.o
                0x0000000000004120                Reserved44_IRQHandler
 .text.Reserved45_IRQHandler
                0x0000000000004128        0x8 ./startup/startup_mkv31f51212.o
                0x0000000000004128                Reserved45_IRQHandler
 .text.LPUART0_IRQHandler
                0x0000000000004130        0x8 ./startup/startup_mkv31f51212.o
                0x0000000000004130                LPUART0_IRQHandler
 .text.UART0_RX_TX_IRQHandler
                0x0000000000004138        0x8 ./startup/startup_mkv31f51212.o
                0x0000000000004138                UART0_RX_TX_IRQHandler
 .text.UART0_ERR_IRQHandler
                0x0000000000004140        0x8 ./startup/startup_mkv31f51212.o
                0x0000000000004140                UART0_ERR_IRQHandler
 .text.UART1_RX_TX_IRQHandler
                0x0000000000004148        0x8 ./startup/startup_mkv31f51212.o
                0x0000000000004148                UART1_RX_TX_IRQHandler
 .text.UART1_ERR_IRQHandler
                0x0000000000004150        0x8 ./startup/startup_mkv31f51212.o
                0x0000000000004150                UART1_ERR_IRQHandler
 .text.UART2_RX_TX_IRQHandler
                0x0000000000004158        0x8 ./startup/startup_mkv31f51212.o
                0x0000000000004158                UART2_RX_TX_IRQHandler
 .text.UART2_ERR_IRQHandler
                0x0000000000004160        0x8 ./startup/startup_mkv31f51212.o
                0x0000000000004160                UART2_ERR_IRQHandler
 .text.Reserved53_IRQHandler
                0x0000000000004168        0x8 ./startup/startup_mkv31f51212.o
                0x0000000000004168                Reserved53_IRQHandler
 .text.Reserved54_IRQHandler
                0x0000000000004170        0x8 ./startup/startup_mkv31f51212.o
                0x0000000000004170                Reserved54_IRQHandler
 .text.ADC0_IRQHandler
                0x0000000000004178        0x8 ./startup/startup_mkv31f51212.o
                0x0000000000004178                ADC0_IRQHandler
 .text.CMP0_IRQHandler
                0x0000000000004180        0x8 ./startup/startup_mkv31f51212.o
                0x0000000000004180                CMP0_IRQHandler
 .text.CMP1_IRQHandler
                0x0000000000004188        0x8 ./startup/startup_mkv31f51212.o
                0x0000000000004188                CMP1_IRQHandler
 .text.FTM0_IRQHandler
                0x0000000000004190        0x8 ./startup/startup_mkv31f51212.o
                0x0000000000004190                FTM0_IRQHandler
 .text.FTM1_IRQHandler
                0x0000000000004198        0x8 ./startup/startup_mkv31f51212.o
                0x0000000000004198                FTM1_IRQHandler
 .text.FTM2_IRQHandler
                0x00000000000041a0        0x8 ./startup/startup_mkv31f51212.o
                0x00000000000041a0                FTM2_IRQHandler
 .text.Reserved61_IRQHandler
                0x00000000000041a8        0x8 ./startup/startup_mkv31f51212.o
                0x00000000000041a8                Reserved61_IRQHandler
 .text.Reserved62_IRQHandler
                0x00000000000041b0        0x8 ./startup/startup_mkv31f51212.o
                0x00000000000041b0                Reserved62_IRQHandler
 .text.Reserved63_IRQHandler
                0x00000000000041b8        0x8 ./startup/startup_mkv31f51212.o
                0x00000000000041b8                Reserved63_IRQHandler
 .text.PIT0_IRQHandler
                0x00000000000041c0        0x8 ./startup/startup_mkv31f51212.o
                0x00000000000041c0                PIT0_IRQHandler
 .text.PIT1_IRQHandler
                0x00000000000041c8        0x8 ./startup/startup_mkv31f51212.o
                0x00000000000041c8                PIT1_IRQHandler
 .text.PIT2_IRQHandler
                0x00000000000041d0        0x8 ./startup/startup_mkv31f51212.o
                0x00000000000041d0                PIT2_IRQHandler
 .text.PIT3_IRQHandler
                0x00000000000041d8        0x8 ./startup/startup_mkv31f51212.o
                0x00000000000041d8                PIT3_IRQHandler
 .text.PDB0_IRQHandler
                0x00000000000041e0        0x8 ./startup/startup_mkv31f51212.o
                0x00000000000041e0                PDB0_IRQHandler
 .text.Reserved69_IRQHandler
                0x00000000000041e8        0x8 ./startup/startup_mkv31f51212.o
                0x00000000000041e8                Reserved69_IRQHandler
 .text.Reserved70_IRQHandler
                0x00000000000041f0        0x8 ./startup/startup_mkv31f51212.o
                0x00000000000041f0                Reserved70_IRQHandler
 .text.Reserved71_IRQHandler
                0x00000000000041f8        0x8 ./startup/startup_mkv31f51212.o
                0x00000000000041f8                Reserved71_IRQHandler
 .text.DAC0_IRQHandler
                0x0000000000004200        0x8 ./startup/startup_mkv31f51212.o
                0x0000000000004200                DAC0_IRQHandler
 .text.MCG_IRQHandler
                0x0000000000004208        0x8 ./startup/startup_mkv31f51212.o
                0x0000000000004208                MCG_IRQHandler
 .text.LPTMR0_IRQHandler
                0x0000000000004210        0x8 ./startup/startup_mkv31f51212.o
                0x0000000000004210                LPTMR0_IRQHandler
 .text.PORTA_IRQHandler
                0x0000000000004218        0x8 ./startup/startup_mkv31f51212.o
                0x0000000000004218                PORTA_IRQHandler
 .text.PORTB_IRQHandler
                0x0000000000004220        0x8 ./startup/startup_mkv31f51212.o
                0x0000000000004220                PORTB_IRQHandler
 .text.PORTC_IRQHandler
                0x0000000000004228        0x8 ./startup/startup_mkv31f51212.o
                0x0000000000004228                PORTC_IRQHandler
 .text.PORTD_IRQHandler
                0x0000000000004230        0x8 ./startup/startup_mkv31f51212.o
                0x0000000000004230                PORTD_IRQHandler
 .text.PORTE_IRQHandler
                0x0000000000004238        0x8 ./startup/startup_mkv31f51212.o
                0x0000000000004238                PORTE_IRQHandler
 .text.SWI_IRQHandler
                0x0000000000004240        0x8 ./startup/startup_mkv31f51212.o
                0x0000000000004240                SWI_IRQHandler
 .text.Reserved81_IRQHandler
                0x0000000000004248        0x8 ./startup/startup_mkv31f51212.o
                0x0000000000004248                Reserved81_IRQHandler
 .text.Reserved82_IRQHandler
                0x0000000000004250        0x8 ./startup/startup_mkv31f51212.o
                0x0000000000004250                Reserved82_IRQHandler
 .text.Reserved83_IRQHandler
                0x0000000000004258        0x8 ./startup/startup_mkv31f51212.o
                0x0000000000004258                Reserved83_IRQHandler
 .text.Reserved84_IRQHandler
                0x0000000000004260        0x8 ./startup/startup_mkv31f51212.o
                0x0000000000004260                Reserved84_IRQHandler
 .text.Reserved85_IRQHandler
                0x0000000000004268        0x8 ./startup/startup_mkv31f51212.o
                0x0000000000004268                Reserved85_IRQHandler
 .text.Reserved86_IRQHandler
                0x0000000000004270        0x8 ./startup/startup_mkv31f51212.o
                0x0000000000004270                Reserved86_IRQHandler
 .text.FTM3_IRQHandler
                0x0000000000004278        0x8 ./startup/startup_mkv31f51212.o
                0x0000000000004278                FTM3_IRQHandler
 .text.DAC1_IRQHandler
                0x0000000000004280        0x8 ./startup/startup_mkv31f51212.o
                0x0000000000004280                DAC1_IRQHandler
 .text.ADC1_IRQHandler
                0x0000000000004288        0x8 ./startup/startup_mkv31f51212.o
                0x0000000000004288                ADC1_IRQHandler
 .text.HardFault_Handler
                0x0000000000004290       0x2c ./source/semihost_hardfault.o
                0x0000000000004290                HardFault_Handler
 .text.OSC_SetExtRefClkConfig
                0x00000000000042bc       0x40 ./drivers/fsl_clock.o
 .text.OSC_SetCapLoad
                0x00000000000042fc       0x34 ./drivers/fsl_clock.o
 .text.CLOCK_GetPll0RefFreq
                0x0000000000004330        0xe ./drivers/fsl_clock.o
 .text.CLOCK_GetFixedFreqClkFreq
                0x000000000000433e       0x34 ./drivers/fsl_clock.o
                0x000000000000433e                CLOCK_GetFixedFreqClkFreq
 .text.CLOCK_EnableClock
                0x0000000000004372       0x34 ./drivers/fsl_dmamux.o
 .text.CLOCK_EnableClock
                0x00000000000043a6       0x34 ./drivers/fsl_edma.o
 .text.EnableIRQ
                0x00000000000043da       0x32 ./drivers/fsl_edma.o
 .text.DisableGlobalIRQ
                0x000000000000440c       0x22 ./drivers/fsl_edma.o
 .text.EnableGlobalIRQ
                0x000000000000442e       0x20 ./drivers/fsl_edma.o
 .text.EDMA_AbortTransfer
                0x000000000000444e       0x96 ./drivers/fsl_edma.o
                0x000000000000444e                EDMA_AbortTransfer
 .text.SMC_SetPowerModeHsrun
                0x00000000000044e4       0x32 ./drivers/fsl_smc.o
                0x00000000000044e4                SMC_SetPowerModeHsrun
 .text.CLOCK_EnableClock
                0x0000000000004516       0x34 ./drivers/fsl_uart.o
 .text.UART0_RX_TX_DriverIRQHandler
                0x000000000000454a       0x12 ./drivers/fsl_uart.o
                0x000000000000454a                UART0_RX_TX_DriverIRQHandler
 .text.UART1_RX_TX_DriverIRQHandler
                0x000000000000455c       0x12 ./drivers/fsl_uart.o
                0x000000000000455c                UART1_RX_TX_DriverIRQHandler
 .text.UART2_RX_TX_DriverIRQHandler
                0x000000000000456e       0x12 ./drivers/fsl_uart.o
                0x000000000000456e                UART2_RX_TX_DriverIRQHandler
 .text.EnableIRQ
                0x0000000000004580       0x32 ./drivers/fsl_uart_edma.o
 .text.UART_GetDataRegisterAddress
                0x00000000000045b2       0x18 ./drivers/fsl_uart_edma.o
 .text.UART_EnableTxDMA
                0x00000000000045ca       0x60 ./drivers/fsl_uart_edma.o
 .text.UART_EnableRxDMA
                0x000000000000462a       0x60 ./drivers/fsl_uart_edma.o
 .text.SystemInitHook
                0x000000000000468a        0xe ./device/system_MKV31F51212.o
                0x000000000000468a                SystemInitHook
 .text.SMC_SetPowerModeProtection
                0x0000000000004698       0x1e ./board/clock_config.o
 .text.SMC_GetPowerModeState
                0x00000000000046b6       0x1a ./board/clock_config.o
 .text.BOARD_InitBootClocks
                0x00000000000046d0        0xc ./board/clock_config.o
                0x00000000000046d0                BOARD_InitBootClocks
 .text.BOARD_InitBootPeripherals
                0x00000000000046dc        0xc ./board/peripherals.o
                0x00000000000046dc                BOARD_InitBootPeripherals
 .text.CLOCK_EnableClock
                0x00000000000046e8       0x34 ./board/pin_mux.o
 .text.PORT_SetPinMux
                0x000000000000471c       0x3a ./board/pin_mux.o
 .text.BOARD_InitBootPins
                0x0000000000004756       0x10 ./board/pin_mux.o
                0x0000000000004756                BOARD_InitBootPins
 .text.__main   0x0000000000004766        0xe /usr/local/mcuxpressoide-11.4.0_6237/ide/plugins/com.nxp.mcuxpresso.tools.linux_11.4.0.202103011116/tools/bin/../lib/gcc/arm-none-eabi/10.2.1/../../../../arm-none-eabi/lib/thumb/v7e-m+fp/hard/libcr_semihost_nf.a(_cr__main.o)
                0x0000000000004766                __main
                0x0000000000004766                __CR_SEMIHOST
 .text.memset   0x0000000000004774        0x4 /usr/local/mcuxpressoide-11.4.0_6237/ide/plugins/com.nxp.mcuxpresso.tools.linux_11.4.0.202103011116/tools/bin/../lib/gcc/arm-none-eabi/10.2.1/../../../../arm-none-eabi/lib/thumb/v7e-m+fp/hard/libcr_c.a(memset.o)
                0x0000000000004774                memset
 .text._deferredlazyseek
                0x0000000000004778       0x40 /usr/local/mcuxpressoide-11.4.0_6237/ide/plugins/com.nxp.mcuxpresso.tools.linux_11.4.0.202103011116/tools/bin/../lib/gcc/arm-none-eabi/10.2.1/../../../../arm-none-eabi/lib/thumb/v7e-m+fp/hard/libcr_c.a(_deferredlazyseek.o)
                0x0000000000004778                _deferredlazyseek
 .text.__flsbuf
                0x00000000000047b8      0x140 /usr/local/mcuxpressoide-11.4.0_6237/ide/plugins/com.nxp.mcuxpresso.tools.linux_11.4.0.202103011116/tools/bin/../lib/gcc/arm-none-eabi/10.2.1/../../../../arm-none-eabi/lib/thumb/v7e-m+fp/hard/libcr_c.a(_deferredlazyseek.o)
                0x00000000000047b8                __flsbuf
 .text._fflush  0x00000000000048f8       0x52 /usr/local/mcuxpressoide-11.4.0_6237/ide/plugins/com.nxp.mcuxpresso.tools.linux_11.4.0.202103011116/tools/bin/../lib/gcc/arm-none-eabi/10.2.1/../../../../arm-none-eabi/lib/thumb/v7e-m+fp/hard/libcr_c.a(_fflush.o)
                0x00000000000048f8                _fflush
 .text.free     0x000000000000494a       0x30 /usr/local/mcuxpressoide-11.4.0_6237/ide/plugins/com.nxp.mcuxpresso.tools.linux_11.4.0.202103011116/tools/bin/../lib/gcc/arm-none-eabi/10.2.1/../../../../arm-none-eabi/lib/thumb/v7e-m+fp/hard/libcr_c.a(alloc.o)
                0x000000000000494a                free
 .text.fputs    0x000000000000497a       0x2c /usr/local/mcuxpressoide-11.4.0_6237/ide/plugins/com.nxp.mcuxpresso.tools.linux_11.4.0.202103011116/tools/bin/../lib/gcc/arm-none-eabi/10.2.1/../../../../arm-none-eabi/lib/thumb/v7e-m+fp/hard/libcr_c.a(fputs.o)
                0x000000000000497a                fputs
 .text.no_fp_display
                0x00000000000049a6        0x4 /usr/local/mcuxpressoide-11.4.0_6237/ide/plugins/com.nxp.mcuxpresso.tools.linux_11.4.0.202103011116/tools/bin/../lib/gcc/arm-none-eabi/10.2.1/../../../../arm-none-eabi/lib/thumb/v7e-m+fp/hard/libcr_c.a(printf.o)
 .text.setvbuf  0x00000000000049aa       0x3e /usr/local/mcuxpressoide-11.4.0_6237/ide/plugins/com.nxp.mcuxpresso.tools.linux_11.4.0.202103011116/tools/bin/../lib/gcc/arm-none-eabi/10.2.1/../../../../arm-none-eabi/lib/thumb/v7e-m+fp/hard/libcr_c.a(setvbuf.o)
                0x00000000000049aa                setvbuf
 .text.strlen   0x00000000000049e8       0x48 /usr/local/mcuxpressoide-11.4.0_6237/ide/plugins/com.nxp.mcuxpresso.tools.linux_11.4.0.202103011116/tools/bin/../lib/gcc/arm-none-eabi/10.2.1/../../../../arm-none-eabi/lib/thumb/v7e-m+fp/hard/libcr_c.a(strlen.o)
                0x00000000000049e8                strlen
 .text._fdopen  0x0000000000004a30       0x68 /usr/local/mcuxpressoide-11.4.0_6237/ide/plugins/com.nxp.mcuxpresso.tools.linux_11.4.0.202103011116/tools/bin/../lib/gcc/arm-none-eabi/10.2.1/../../../../arm-none-eabi/lib/thumb/v7e-m+fp/hard/libcr_c.a(_fdopen.o)
                0x0000000000004a30                _fdopen
 .text.fclose   0x0000000000004a98       0x58 /usr/local/mcuxpressoide-11.4.0_6237/ide/plugins/com.nxp.mcuxpresso.tools.linux_11.4.0.202103011116/tools/bin/../lib/gcc/arm-none-eabi/10.2.1/../../../../arm-none-eabi/lib/thumb/v7e-m+fp/hard/libcr_c.a(fclose.o)
                0x0000000000004a98                fclose
 .text.remove   0x0000000000004af0       0x14 /usr/local/mcuxpressoide-11.4.0_6237/ide/plugins/com.nxp.mcuxpresso.tools.linux_11.4.0.202103011116/tools/bin/../lib/gcc/arm-none-eabi/10.2.1/../../../../arm-none-eabi/lib/thumb/v7e-m+fp/hard/libcr_c.a(remove.o)
                0x0000000000004af0                remove
 .text._do_fflush
                0x0000000000004b04       0x40 /usr/local/mcuxpressoide-11.4.0_6237/ide/plugins/com.nxp.mcuxpresso.tools.linux_11.4.0.202103011116/tools/bin/../lib/gcc/arm-none-eabi/10.2.1/../../../../arm-none-eabi/lib/thumb/v7e-m+fp/hard/libcr_c.a(_do_fflush.o)
                0x0000000000004b04                _do_fflush
 .text.__aeabi_memset_lowlevel
                0x0000000000004b44       0x32 /usr/local/mcuxpressoide-11.4.0_6237/ide/plugins/com.nxp.mcuxpresso.tools.linux_11.4.0.202103011116/tools/bin/../lib/gcc/arm-none-eabi/10.2.1/thumb/v7e-m+fp/hard/libcr_eabihelpers.a(memcpy.o)
                0x0000000000004b44                __aeabi_lowlevel_memset
 .text.__sys_close
                0x0000000000004b76        0xc /usr/local/mcuxpressoide-11.4.0_6237/ide/plugins/com.nxp.mcuxpresso.tools.linux_11.4.0.202103011116/tools/bin/../lib/gcc/arm-none-eabi/10.2.1/../../../../arm-none-eabi/lib/thumb/v7e-m+fp/hard/libcr_semihost_nf.a(__sys_close.o)
                0x0000000000004b76                __sys_close
 .text.__sys_flen
                0x0000000000004b82        0xc /usr/local/mcuxpressoide-11.4.0_6237/ide/plugins/com.nxp.mcuxpresso.tools.linux_11.4.0.202103011116/tools/bin/../lib/gcc/arm-none-eabi/10.2.1/../../../../arm-none-eabi/lib/thumb/v7e-m+fp/hard/libcr_semihost_nf.a(__sys_flen.o)
                0x0000000000004b82                __sys_flen
 .text.__sys_istty
                0x0000000000004b8e        0xc /usr/local/mcuxpressoide-11.4.0_6237/ide/plugins/com.nxp.mcuxpresso.tools.linux_11.4.0.202103011116/tools/bin/../lib/gcc/arm-none-eabi/10.2.1/../../../../arm-none-eabi/lib/thumb/v7e-m+fp/hard/libcr_semihost_nf.a(__sys_istty.o)
                0x0000000000004b8e                __sys_istty
 .text.__sys_remove
                0x0000000000004b9a        0xc /usr/local/mcuxpressoide-11.4.0_6237/ide/plugins/com.nxp.mcuxpresso.tools.linux_11.4.0.202103011116/tools/bin/../lib/gcc/arm-none-eabi/10.2.1/../../../../arm-none-eabi/lib/thumb/v7e-m+fp/hard/libcr_semihost_nf.a(__sys_remove.o)
                0x0000000000004b9a                __sys_remove
 .text.__sys_seek
                0x0000000000004ba6        0xc /usr/local/mcuxpressoide-11.4.0_6237/ide/plugins/com.nxp.mcuxpresso.tools.linux_11.4.0.202103011116/tools/bin/../lib/gcc/arm-none-eabi/10.2.1/../../../../arm-none-eabi/lib/thumb/v7e-m+fp/hard/libcr_semihost_nf.a(__sys_seek.o)
                0x0000000000004ba6                __sys_seek
 .text.__sys_tmpnam
                0x0000000000004bb2        0xc /usr/local/mcuxpressoide-11.4.0_6237/ide/plugins/com.nxp.mcuxpresso.tools.linux_11.4.0.202103011116/tools/bin/../lib/gcc/arm-none-eabi/10.2.1/../../../../arm-none-eabi/lib/thumb/v7e-m+fp/hard/libcr_semihost_nf.a(__sys_tmpnam.o)
                0x0000000000004bb2                __sys_tmpnam
 .text.__sys_write
                0x0000000000004bbe        0xc /usr/local/mcuxpressoide-11.4.0_6237/ide/plugins/com.nxp.mcuxpresso.tools.linux_11.4.0.202103011116/tools/bin/../lib/gcc/arm-none-eabi/10.2.1/../../../../arm-none-eabi/lib/thumb/v7e-m+fp/hard/libcr_semihost_nf.a(__sys_write.o)
                0x0000000000004bbe                __sys_write
 *(SORT_BY_ALIGNMENT(.rodata) SORT_BY_ALIGNMENT(.rodata.*) SORT_BY_ALIGNMENT(.constdata) SORT_BY_ALIGNMENT(.constdata.*))
 *fill*         0x0000000000004bca        0x2 ff
 .rodata.DMAMUX_EnableChannel.str1.4
                0x0000000000004bcc       0x92 ./source/UART_EDMA_Bidirectional_Exercise.o
 *fill*         0x0000000000004c5e        0x2 ff
 .rodata.DMAMUX_SetSource.str1.4
                0x0000000000004c60       0x93 ./source/UART_EDMA_Bidirectional_Exercise.o
 *fill*         0x0000000000004cf3        0x1 ff
 .rodata.main.str1.4
                0x0000000000004cf4        0xa ./source/UART_EDMA_Bidirectional_Exercise.o
 *fill*         0x0000000000004cfe        0x2 ff
 .rodata.CLOCK_GetMcgExtClkFreq.str1.4
                0x0000000000004d00       0x4e ./drivers/fsl_clock.o
 *fill*         0x0000000000004d4e        0x2 ff
 .rodata.CLOCK_GetOsc0ErClkUndivFreq.str1.4
                0x0000000000004d50       0x1f ./drivers/fsl_clock.o
 *fill*         0x0000000000004d6f        0x1 ff
 .rodata.CLOCK_GetOsc0ErClkDivFreq.str1.4
                0x0000000000004d70       0x1f ./drivers/fsl_clock.o
 *fill*         0x0000000000004d8f        0x1 ff
 .rodata.CLOCK_GetEr32kClkFreq.str1.4
                0x0000000000004d90       0x20 ./drivers/fsl_clock.o
 .rodata.CLOCK_GetPll0Freq.str1.4
                0x0000000000004db0       0x1e ./drivers/fsl_clock.o
 *fill*         0x0000000000004dce        0x2 ff
 .rodata.CLOCK_EnablePll0.str1.4
                0x0000000000004dd0       0x1b ./drivers/fsl_clock.o
 *fill*         0x0000000000004deb        0x1 ff
 .rodata.CLOCK_SetPbeMode.str1.4
                0x0000000000004dec       0x1b ./drivers/fsl_clock.o
 *fill*         0x0000000000004e07        0x1 ff
 .rodata.CLOCK_BootToPeeMode.str1.4
                0x0000000000004e08       0x1b ./drivers/fsl_clock.o
 *fill*         0x0000000000004e23        0x1 ff
 .rodata.fllFactorTable.1
                0x0000000000004e24       0x10 ./drivers/fsl_clock.o
 .rodata.DMAMUX_GetInstance.str1.4
                0x0000000000004e34       0x38 ./drivers/fsl_dmamux.o
 .rodata.s_edmaIRQNumber
                0x0000000000004e6c       0x10 ./drivers/fsl_edma.o
 .rodata.EDMA_GetInstance.str1.4
                0x0000000000004e7c       0x34 ./drivers/fsl_edma.o
 .rodata.EDMA_InstallTCD.str1.4
                0x0000000000004eb0       0x97 ./drivers/fsl_edma.o
 *fill*         0x0000000000004f47        0x1 ff
 .rodata.EDMA_Init.str1.4
                0x0000000000004f48       0x21 ./drivers/fsl_edma.o
 *fill*         0x0000000000004f69        0x3 ff
 .rodata.EDMA_GetDefaultConfig.str1.4
                0x0000000000004f6c       0x21 ./drivers/fsl_edma.o
 *fill*         0x0000000000004f8d        0x3 ff
 .rodata.EDMA_SetTransferConfig.str1.4
                0x0000000000004f90       0xa0 ./drivers/fsl_edma.o
 .rodata.EDMA_TcdReset.str1.4
                0x0000000000005030       0x50 ./drivers/fsl_edma.o
 .rodata.EDMA_TcdSetTransferConfig.str1.4
                0x0000000000005080      0x159 ./drivers/fsl_edma.o
 *fill*         0x00000000000051d9        0x3 ff
 .rodata.EDMA_GetInstanceOffset.str1.4
                0x00000000000051dc       0x2f ./drivers/fsl_edma.o
 *fill*         0x000000000000520b        0x1 ff
 .rodata.EDMA_CreateHandle.str1.4
                0x000000000000520c       0x6a ./drivers/fsl_edma.o
 *fill*         0x0000000000005276        0x2 ff
 .rodata.EDMA_SetCallback.str1.4
                0x0000000000005278       0x21 ./drivers/fsl_edma.o
 *fill*         0x0000000000005299        0x3 ff
 .rodata.EDMA_TransferWidthMapping.str1.4
                0x000000000000529c       0x18 ./drivers/fsl_edma.o
 .rodata.EDMA_PrepareTransferConfig.str1.4
                0x00000000000052b4      0x1fb ./drivers/fsl_edma.o
 *fill*         0x00000000000054af        0x1 ff
 .rodata.EDMA_PrepareTransfer.str1.4
                0x00000000000054b0       0x3d ./drivers/fsl_edma.o
 *fill*         0x00000000000054ed        0x3 ff
 .rodata.EDMA_SubmitTransfer.str1.4
                0x00000000000054f0       0x46 ./drivers/fsl_edma.o
 *fill*         0x0000000000005536        0x2 ff
 .rodata.EDMA_StartTransfer.str1.4
                0x0000000000005538       0x22 ./drivers/fsl_edma.o
 *fill*         0x000000000000555a        0x2 ff
 .rodata.EDMA_HandleIRQ.str1.4
                0x000000000000555c       0x22 ./drivers/fsl_edma.o
 *fill*         0x000000000000557e        0x2 ff
 .rodata.s_uartBases
                0x0000000000005580        0xc ./drivers/fsl_uart.o
 .rodata.s_uartIRQ
                0x000000000000558c        0x3 ./drivers/fsl_uart.o
                0x000000000000558c                s_uartIRQ
 *fill*         0x000000000000558f        0x1 ff
 .rodata.s_uartClock
                0x0000000000005590        0xc ./drivers/fsl_uart.o
 .rodata.UART_GetInstance.str1.4
                0x000000000000559c       0x2c ./drivers/fsl_uart.o
 .rodata.UART_Init.str1.4
                0x00000000000055c8      0x104 ./drivers/fsl_uart.o
 .rodata.UART_GetDefaultConfig.str1.4
                0x00000000000056cc       0x21 ./drivers/fsl_uart.o
 *fill*         0x00000000000056ed        0x3 ff
 .rodata.UART_SendEDMACallback.str1.4
                0x00000000000056f0       0x25 ./drivers/fsl_uart_edma.o
 *fill*         0x0000000000005715        0x3 ff
 .rodata.UART_ReceiveEDMACallback.str1.4
                0x0000000000005718       0x25 ./drivers/fsl_uart_edma.o
 *fill*         0x000000000000573d        0x3 ff
 .rodata.UART_TransferCreateHandleEDMA.str1.4
                0x0000000000005740       0x26 ./drivers/fsl_uart_edma.o
 *fill*         0x0000000000005766        0x2 ff
 .rodata.UART_SendEDMA.str1.4
                0x0000000000005768       0xd8 ./drivers/fsl_uart_edma.o
 .rodata.UART_ReceiveEDMA.str1.4
                0x0000000000005840       0xd8 ./drivers/fsl_uart_edma.o
 .rodata.UART_TransferAbortReceiveEDMA.str1.4
                0x0000000000005918       0x5c ./drivers/fsl_uart_edma.o
 .rodata.UART_TransferEdmaHandleIRQ.str1.4
                0x0000000000005974       0x2e ./drivers/fsl_uart_edma.o
 *fill*         0x00000000000059a2        0x2 ff
 .rodata.mcgConfig_BOARD_BootClockHSRUN
                0x00000000000059a4        0xb ./board/clock_config.o
                0x00000000000059a4                mcgConfig_BOARD_BootClockHSRUN
 *fill*         0x00000000000059af        0x1 ff
 .rodata.simConfig_BOARD_BootClockHSRUN
                0x00000000000059b0        0x8 ./board/clock_config.o
                0x00000000000059b0                simConfig_BOARD_BootClockHSRUN
 .rodata.oscConfig_BOARD_BootClockHSRUN
                0x00000000000059b8        0x8 ./board/clock_config.o
                0x00000000000059b8                oscConfig_BOARD_BootClockHSRUN
 .rodata.DMAMUX_EnableChannel.str1.4
                0x00000000000059c0       0x92 ./board/peripherals.o
 .rodata.DMAMUX_SetSource.str1.4
                0x00000000000059c0       0x93 ./board/peripherals.o
 .rodata.DMA_config
                0x00000000000059c0        0x4 ./board/peripherals.o
                0x00000000000059c0                DMA_config
 .rodata.UART1_config
                0x00000000000059c4        0xc ./board/peripherals.o
                0x00000000000059c4                UART1_config
 .rodata.UART2_config
                0x00000000000059d0        0xc ./board/peripherals.o
                0x00000000000059d0                UART2_config
 .rodata.PORT_SetPinConfig.str1.4
                0x00000000000059dc       0x62 ./board/pin_mux.o
 *fill*         0x0000000000005a3e        0x2 ff
 .rodata.__num_Ciob_streams
                0x0000000000005a40        0x4 /usr/local/mcuxpressoide-11.4.0_6237/ide/plugins/com.nxp.mcuxpresso.tools.linux_11.4.0.202103011116/tools/bin/../lib/gcc/arm-none-eabi/10.2.1/../../../../arm-none-eabi/lib/thumb/v7e-m+fp/hard/libcr_semihost_nf.a(__ciob.o)
                0x0000000000005a40                __num_Ciob_streams
 .rodata.__assertion_failed.str1.1
                0x0000000000005a44       0x15 /usr/local/mcuxpressoide-11.4.0_6237/ide/plugins/com.nxp.mcuxpresso.tools.linux_11.4.0.202103011116/tools/bin/../lib/gcc/arm-none-eabi/10.2.1/../../../../arm-none-eabi/lib/thumb/v7e-m+fp/hard/libcr_semihost_nf.a(_cr_assert.o)
 .rodata._Csys_alloc.str1.1
                0x0000000000005a59       0x18 /usr/local/mcuxpressoide-11.4.0_6237/ide/plugins/com.nxp.mcuxpresso.tools.linux_11.4.0.202103011116/tools/bin/../lib/gcc/arm-none-eabi/10.2.1/../../../../arm-none-eabi/lib/thumb/v7e-m+fp/hard/libcr_c.a(alloc.o)
 .rodata._initio.str1.1
                0x0000000000005a71        0x4 /usr/local/mcuxpressoide-11.4.0_6237/ide/plugins/com.nxp.mcuxpresso.tools.linux_11.4.0.202103011116/tools/bin/../lib/gcc/arm-none-eabi/10.2.1/../../../../arm-none-eabi/lib/thumb/v7e-m+fp/hard/libcr_c.a(initio.o)
 .rodata.__vfprintf.str1.1
                0x0000000000005a75       0x35 /usr/local/mcuxpressoide-11.4.0_6237/ide/plugins/com.nxp.mcuxpresso.tools.linux_11.4.0.202103011116/tools/bin/../lib/gcc/arm-none-eabi/10.2.1/../../../../arm-none-eabi/lib/thumb/v7e-m+fp/hard/libcr_c.a(printf.o)
                                         0x38 (size before relaxing)
                0x0000000000005aac                . = ALIGN (0x4)
 *fill*         0x0000000000005aaa        0x2 ff

.glue_7         0x0000000000005aac        0x0
 .glue_7        0x0000000000005aac        0x0 linker stubs

.glue_7t        0x0000000000005aac        0x0
 .glue_7t       0x0000000000005aac        0x0 linker stubs

.vfp11_veneer   0x0000000000005aac        0x0
 .vfp11_veneer  0x0000000000005aac        0x0 linker stubs

.v4_bx          0x0000000000005aac        0x0
 .v4_bx         0x0000000000005aac        0x0 linker stubs

.iplt           0x0000000000005aac        0x0
 .iplt          0x0000000000005aac        0x0 ./startup/startup_mkv31f51212.o

.rel.dyn        0x0000000000005aac        0x0
 .rel.iplt      0x0000000000005aac        0x0 ./startup/startup_mkv31f51212.o

.ARM.extab
 *(SORT_BY_ALIGNMENT(.ARM.extab*) SORT_BY_ALIGNMENT(.gnu.linkonce.armextab.*))

.ARM.exidx      0x0000000000005aac        0x0
                0x0000000000005aac                __exidx_start = .
 *(SORT_BY_ALIGNMENT(.ARM.exidx*) SORT_BY_ALIGNMENT(.gnu.linkonce.armexidx.*))
                0x0000000000005aac                __exidx_end = .
                0x0000000000005aac                _etext = .

.data_RAM2      0x000000001fff8000        0x0 load address 0x0000000000005aac
 FILL mask 0xff
                [!provide]                        PROVIDE (__start_data_RAM2 = .)
                [!provide]                        PROVIDE (__start_data_SRAM_LOWER = .)
 *(SORT_BY_ALIGNMENT(.ramfunc.$RAM2))
 *(SORT_BY_ALIGNMENT(.ramfunc.$SRAM_LOWER))
 *(SORT_BY_ALIGNMENT(.data.$RAM2))
 *(SORT_BY_ALIGNMENT(.data.$SRAM_LOWER))
 *(SORT_BY_ALIGNMENT(.data.$RAM2.*))
 *(SORT_BY_ALIGNMENT(.data.$SRAM_LOWER.*))
                0x000000001fff8000                . = ALIGN (0x4)
                [!provide]                        PROVIDE (__end_data_RAM2 = .)
                [!provide]                        PROVIDE (__end_data_SRAM_LOWER = .)

.uninit_RESERVED
                0x0000000020000000        0x0
                0x0000000020000000                _start_uninit_RESERVED = .
 *(SORT_BY_ALIGNMENT(.bss.$RESERVED*))
                0x0000000020000000                . = ALIGN (0x4)
                0x0000000020000000                _end_uninit_RESERVED = .

.data           0x0000000020000000       0x18 load address 0x0000000000005aac
 FILL mask 0xff
                0x0000000020000000                _data = .
                [!provide]                        PROVIDE (__start_data_RAM = .)
                [!provide]                        PROVIDE (__start_data_SRAM_UPPER = .)
 *(SORT_BY_ALIGNMENT(vtable))
 *(SORT_BY_ALIGNMENT(.ramfunc*))
 *(SORT_BY_ALIGNMENT(CodeQuickAccess))
 *(SORT_BY_ALIGNMENT(DataQuickAccess))
 *(SORT_BY_ALIGNMENT(RamFunction))
 *(SORT_BY_ALIGNMENT(.data*))
 .data.g_txBuffer
                0x0000000020000000        0x8 ./source/UART_EDMA_Bidirectional_Exercise.o
                0x0000000020000000                g_txBuffer
 .data.s_slowIrcFreq
                0x0000000020000008        0x4 ./drivers/fsl_clock.o
 .data.s_fastIrcFreq
                0x000000002000000c        0x4 ./drivers/fsl_clock.o
 .data.SystemCoreClock
                0x0000000020000010        0x4 ./device/system_MKV31F51212.o
                0x0000000020000010                SystemCoreClock
 .data.rxBufferEmpty
                0x0000000020000014        0x1 ./source/UART_EDMA_Bidirectional_Exercise.o
                0x0000000020000014                rxBufferEmpty
                0x0000000020000018                . = ALIGN (0x4)
 *fill*         0x0000000020000015        0x3 ff
                0x0000000020000018                _edata = .
                [!provide]                        PROVIDE (__end_data_RAM = .)
                [!provide]                        PROVIDE (__end_data_SRAM_UPPER = .)

.igot.plt       0x0000000020000018        0x0 load address 0x0000000000005ac4
 .igot.plt      0x0000000020000018        0x0 ./startup/startup_mkv31f51212.o

.bss_RAM2       0x000000001fff8000        0x0
                [!provide]                        PROVIDE (__start_bss_RAM2 = .)
                [!provide]                        PROVIDE (__start_bss_SRAM_LOWER = .)
 *(SORT_BY_ALIGNMENT(.bss.$RAM2))
 *(SORT_BY_ALIGNMENT(.bss.$SRAM_LOWER))
 *(SORT_BY_ALIGNMENT(.bss.$RAM2.*))
 *(SORT_BY_ALIGNMENT(.bss.$SRAM_LOWER.*))
                0x000000001fff8000                . = ALIGN ((. != 0x0)?0x4:0x1)
                [!provide]                        PROVIDE (__end_bss_RAM2 = .)
                [!provide]                        PROVIDE (__end_bss_SRAM_LOWER = .)

.bss            0x0000000020000018      0x29c
                0x0000000020000018                _bss = .
                [!provide]                        PROVIDE (__start_bss_RAM = .)
                [!provide]                        PROVIDE (__start_bss_SRAM_UPPER = .)
 *(SORT_BY_ALIGNMENT(.bss*))
 .bss.config    0x0000000020000018        0x4 ./source/UART_EDMA_Bidirectional_Exercise.o
                0x0000000020000018                config
 .bss.sendXfer  0x000000002000001c        0x8 ./source/UART_EDMA_Bidirectional_Exercise.o
                0x000000002000001c                sendXfer
 .bss.receiveXfer
                0x0000000020000024        0x8 ./source/UART_EDMA_Bidirectional_Exercise.o
                0x0000000020000024                receiveXfer
 .bss.uartConfig1
                0x000000002000002c        0xc ./source/UART_EDMA_Bidirectional_Exercise.o
                0x000000002000002c                uartConfig1
 .bss.g_uartEdmaHandle1
                0x0000000020000038       0x1c ./source/UART_EDMA_Bidirectional_Exercise.o
                0x0000000020000038                g_uartEdmaHandle1
 .bss.g_uartTxEdmaHandle1
                0x0000000020000054       0x18 ./source/UART_EDMA_Bidirectional_Exercise.o
                0x0000000020000054                g_uartTxEdmaHandle1
 .bss.g_uartRxEdmaHandle1
                0x000000002000006c       0x18 ./source/UART_EDMA_Bidirectional_Exercise.o
                0x000000002000006c                g_uartRxEdmaHandle1
 .bss.g_uartEdmaHandle2
                0x0000000020000084       0x1c ./source/UART_EDMA_Bidirectional_Exercise.o
                0x0000000020000084                g_uartEdmaHandle2
 .bss.g_uartTxEdmaHandle2
                0x00000000200000a0       0x18 ./source/UART_EDMA_Bidirectional_Exercise.o
                0x00000000200000a0                g_uartTxEdmaHandle2
 .bss.g_uartRxEdmaHandle2
                0x00000000200000b8       0x18 ./source/UART_EDMA_Bidirectional_Exercise.o
                0x00000000200000b8                g_uartRxEdmaHandle2
 .bss.g_rxBuffer
                0x00000000200000d0        0x8 ./source/UART_EDMA_Bidirectional_Exercise.o
                0x00000000200000d0                g_rxBuffer
 .bss.g_xtal0Freq
                0x00000000200000d8        0x4 ./drivers/fsl_clock.o
                0x00000000200000d8                g_xtal0Freq
 .bss.g_xtal32Freq
                0x00000000200000dc        0x4 ./drivers/fsl_clock.o
                0x00000000200000dc                g_xtal32Freq
 .bss.s_EDMAHandle
                0x00000000200000e0       0x40 ./drivers/fsl_edma.o
 .bss.s_i2cHandle
                0x0000000020000120        0x8 ./drivers/fsl_i2c.o
 .bss.s_i2cMasterIsr
                0x0000000020000128        0x4 ./drivers/fsl_i2c.o
 .bss.s_i2cSlaveIsr
                0x000000002000012c        0x4 ./drivers/fsl_i2c.o
 .bss.s_uartHandle
                0x0000000020000130        0xc ./drivers/fsl_uart.o
                0x0000000020000130                s_uartHandle
 .bss.s_uartIsr
                0x000000002000013c        0x4 ./drivers/fsl_uart.o
                0x000000002000013c                s_uartIsr
 .bss.s_edmaPrivateHandle
                0x0000000020000140       0x18 ./drivers/fsl_uart_edma.o
 .bss.UART1_RX_Handle
                0x0000000020000158       0x18 ./board/peripherals.o
                0x0000000020000158                UART1_RX_Handle
 .bss.UART1_TX_Handle
                0x0000000020000170       0x18 ./board/peripherals.o
                0x0000000020000170                UART1_TX_Handle
 .bss.UART1_UART_eDMA_Handle
                0x0000000020000188       0x1c ./board/peripherals.o
                0x0000000020000188                UART1_UART_eDMA_Handle
 .bss.UART2_RX_Handle
                0x00000000200001a4       0x18 ./board/peripherals.o
                0x00000000200001a4                UART2_RX_Handle
 .bss.UART2_TX_Handle
                0x00000000200001bc       0x18 ./board/peripherals.o
                0x00000000200001bc                UART2_TX_Handle
 .bss.UART2_UART_eDMA_Handle
                0x00000000200001d4       0x1c ./board/peripherals.o
                0x00000000200001d4                UART2_UART_eDMA_Handle
 .bss.__Ciob    0x00000000200001f0       0xb4 /usr/local/mcuxpressoide-11.4.0_6237/ide/plugins/com.nxp.mcuxpresso.tools.linux_11.4.0.202103011116/tools/bin/../lib/gcc/arm-none-eabi/10.2.1/../../../../arm-none-eabi/lib/thumb/v7e-m+fp/hard/libcr_semihost_nf.a(__ciob.o)
                0x00000000200001f0                __Ciob
 .bss.errno     0x00000000200002a4        0x4 /usr/local/mcuxpressoide-11.4.0_6237/ide/plugins/com.nxp.mcuxpresso.tools.linux_11.4.0.202103011116/tools/bin/../lib/gcc/arm-none-eabi/10.2.1/../../../../arm-none-eabi/lib/thumb/v7e-m+fp/hard/libcr_c.a(errno.o)
                0x00000000200002a4                errno
 .bss.__end_of_heap
                0x00000000200002a8        0x4 /usr/local/mcuxpressoide-11.4.0_6237/ide/plugins/com.nxp.mcuxpresso.tools.linux_11.4.0.202103011116/tools/bin/../lib/gcc/arm-none-eabi/10.2.1/../../../../arm-none-eabi/lib/thumb/v7e-m+fp/hard/libcr_c.a(__init_alloc.o)
                0x00000000200002a8                __end_of_heap
 .bss.__heaps   0x00000000200002ac        0x4 /usr/local/mcuxpressoide-11.4.0_6237/ide/plugins/com.nxp.mcuxpresso.tools.linux_11.4.0.202103011116/tools/bin/../lib/gcc/arm-none-eabi/10.2.1/../../../../arm-none-eabi/lib/thumb/v7e-m+fp/hard/libcr_c.a(__init_alloc.o)
                0x00000000200002ac                __heaps
 .bss.txBufferFull
                0x00000000200002b0        0x1 ./source/UART_EDMA_Bidirectional_Exercise.o
                0x00000000200002b0                txBufferFull
 .bss.txOnGoing
                0x00000000200002b1        0x1 ./source/UART_EDMA_Bidirectional_Exercise.o
                0x00000000200002b1                txOnGoing
 .bss.rxOnGoing
                0x00000000200002b2        0x1 ./source/UART_EDMA_Bidirectional_Exercise.o
                0x00000000200002b2                rxOnGoing
 .bss.startInstanceNum.0
                0x00000000200002b3        0x1 ./drivers/fsl_edma.o
 *(SORT_BY_ALIGNMENT(COMMON))
                0x00000000200002b4                . = ALIGN (0x4)
                0x00000000200002b4                _ebss = .
                [!provide]                        PROVIDE (__end_bss_RAM = .)
                [!provide]                        PROVIDE (__end_bss_SRAM_UPPER = .)
                [!provide]                        PROVIDE (end = .)

.noinit_RAM2    0x000000001fff8000        0x0
                [!provide]                        PROVIDE (__start_noinit_RAM2 = .)
                [!provide]                        PROVIDE (__start_noinit_SRAM_LOWER = .)
 *(SORT_BY_ALIGNMENT(.noinit.$RAM2))
 *(SORT_BY_ALIGNMENT(.noinit.$SRAM_LOWER))
 *(SORT_BY_ALIGNMENT(.noinit.$RAM2.*))
 *(SORT_BY_ALIGNMENT(.noinit.$SRAM_LOWER.*))
                0x000000001fff8000                . = ALIGN (0x4)
                [!provide]                        PROVIDE (__end_noinit_RAM2 = .)
                [!provide]                        PROVIDE (__end_noinit_SRAM_LOWER = .)

.noinit         0x00000000200002b4        0x0
                0x00000000200002b4                _noinit = .
                [!provide]                        PROVIDE (__start_noinit_RAM = .)
                [!provide]                        PROVIDE (__start_noinit_SRAM_UPPER = .)
 *(SORT_BY_ALIGNMENT(.noinit*))
                0x00000000200002b4                . = ALIGN (0x4)
                0x00000000200002b4                _end_noinit = .
                [!provide]                        PROVIDE (__end_noinit_RAM = .)
                [!provide]                        PROVIDE (__end_noinit_SRAM_UPPER = .)
                0x0000000000001000                _HeapSize = 0x1000

.heap           0x00000000200002b4     0x1000
                0x00000000200002b4                _pvHeapStart = .
                0x00000000200012b4                . = (. + _HeapSize)
 *fill*         0x00000000200002b4     0x1000 
                0x00000000200012b4                . = ALIGN (0x4)
                0x00000000200012b4                _pvHeapLimit = .
                0x0000000000001000                _StackSize = 0x1000

.heap2stackfill
                0x00000000200012b4     0x1000
                0x00000000200022b4                . = (. + _StackSize)
 *fill*         0x00000000200012b4     0x1000 

.stack          0x000000002000f000        0x0
                0x000000002000f000                _vStackBase = .
                0x000000002000f000                . = ALIGN (0x4)
                0x0000000020010000                _vStackTop = (. + _StackSize)
                0x0000000000000000                _image_start = LOADADDR (.text)
                0x0000000000005ac4                _image_end = (LOADADDR (.data) + SIZEOF (.data))
                0x0000000000005ac4                _image_size = (_image_end - _image_start)
OUTPUT(UART_EDMA_Bidirectional_Exercise.axf elf32-littlearm)
LOAD linker stubs

.debug_info     0x0000000000000000     0xee82
 .debug_info    0x0000000000000000      0x856 ./startup/startup_mkv31f51212.o
 .debug_info    0x0000000000000856     0x13a7 ./source/UART_EDMA_Bidirectional_Exercise.o
 .debug_info    0x0000000000001bfd       0x3c ./source/semihost_hardfault.o
 .debug_info    0x0000000000001c39     0x1af2 ./drivers/fsl_clock.o
 .debug_info    0x000000000000372b      0x60b ./drivers/fsl_dmamux.o
 .debug_info    0x0000000000003d36     0x2334 ./drivers/fsl_edma.o
 .debug_info    0x000000000000606a     0x1de9 ./drivers/fsl_i2c.o
 .debug_info    0x0000000000007e53      0xb61 ./drivers/fsl_smc.o
 .debug_info    0x00000000000089b4     0x1e7e ./drivers/fsl_uart.o
 .debug_info    0x000000000000a832     0x17db ./drivers/fsl_uart_edma.o
 .debug_info    0x000000000000c00d      0x63a ./device/system_MKV31F51212.o
 .debug_info    0x000000000000c647      0xc73 ./board/clock_config.o
 .debug_info    0x000000000000d2ba     0x11da ./board/peripherals.o
 .debug_info    0x000000000000e494      0x9ee ./board/pin_mux.o

.debug_abbrev   0x0000000000000000     0x22e2
 .debug_abbrev  0x0000000000000000      0x185 ./startup/startup_mkv31f51212.o
 .debug_abbrev  0x0000000000000185      0x281 ./source/UART_EDMA_Bidirectional_Exercise.o
 .debug_abbrev  0x0000000000000406       0x31 ./source/semihost_hardfault.o
 .debug_abbrev  0x0000000000000437      0x350 ./drivers/fsl_clock.o
 .debug_abbrev  0x0000000000000787      0x17e ./drivers/fsl_dmamux.o
 .debug_abbrev  0x0000000000000905      0x3cb ./drivers/fsl_edma.o
 .debug_abbrev  0x0000000000000cd0      0x363 ./drivers/fsl_i2c.o
 .debug_abbrev  0x0000000000001033      0x312 ./drivers/fsl_smc.o
 .debug_abbrev  0x0000000000001345      0x42e ./drivers/fsl_uart.o
 .debug_abbrev  0x0000000000001773      0x30e ./drivers/fsl_uart_edma.o
 .debug_abbrev  0x0000000000001a81      0x148 ./device/system_MKV31F51212.o
 .debug_abbrev  0x0000000000001bc9      0x23d ./board/clock_config.o
 .debug_abbrev  0x0000000000001e06      0x24a ./board/peripherals.o
 .debug_abbrev  0x0000000000002050      0x292 ./board/pin_mux.o

.debug_aranges  0x0000000000000000      0xcd0
 .debug_aranges
                0x0000000000000000      0x2d0 ./startup/startup_mkv31f51212.o
 .debug_aranges
                0x00000000000002d0       0x38 ./source/UART_EDMA_Bidirectional_Exercise.o
 .debug_aranges
                0x0000000000000308       0x20 ./source/semihost_hardfault.o
 .debug_aranges
                0x0000000000000328      0x1e8 ./drivers/fsl_clock.o
 .debug_aranges
                0x0000000000000510       0x40 ./drivers/fsl_dmamux.o
 .debug_aranges
                0x0000000000000550      0x1f8 ./drivers/fsl_edma.o
 .debug_aranges
                0x0000000000000748      0x178 ./drivers/fsl_i2c.o
 .debug_aranges
                0x00000000000008c0       0x98 ./drivers/fsl_smc.o
 .debug_aranges
                0x0000000000000958      0x188 ./drivers/fsl_uart.o
 .debug_aranges
                0x0000000000000ae0       0x90 ./drivers/fsl_uart_edma.o
 .debug_aranges
                0x0000000000000b70       0x30 ./device/system_MKV31F51212.o
 .debug_aranges
                0x0000000000000ba0       0x70 ./board/clock_config.o
 .debug_aranges
                0x0000000000000c10       0x48 ./board/peripherals.o
 .debug_aranges
                0x0000000000000c58       0x78 ./board/pin_mux.o

.debug_ranges   0x0000000000000000      0xbf0
 .debug_ranges  0x0000000000000000      0x2c0 ./startup/startup_mkv31f51212.o
 .debug_ranges  0x00000000000002c0       0x28 ./source/UART_EDMA_Bidirectional_Exercise.o
 .debug_ranges  0x00000000000002e8       0x10 ./source/semihost_hardfault.o
 .debug_ranges  0x00000000000002f8      0x1d8 ./drivers/fsl_clock.o
 .debug_ranges  0x00000000000004d0       0x30 ./drivers/fsl_dmamux.o
 .debug_ranges  0x0000000000000500      0x1e8 ./drivers/fsl_edma.o
 .debug_ranges  0x00000000000006e8      0x168 ./drivers/fsl_i2c.o
 .debug_ranges  0x0000000000000850       0x88 ./drivers/fsl_smc.o
 .debug_ranges  0x00000000000008d8      0x178 ./drivers/fsl_uart.o
 .debug_ranges  0x0000000000000a50       0x80 ./drivers/fsl_uart_edma.o
 .debug_ranges  0x0000000000000ad0       0x20 ./device/system_MKV31F51212.o
 .debug_ranges  0x0000000000000af0       0x60 ./board/clock_config.o
 .debug_ranges  0x0000000000000b50       0x38 ./board/peripherals.o
 .debug_ranges  0x0000000000000b88       0x68 ./board/pin_mux.o

.debug_macro    0x0000000000000000     0x1533
 .debug_macro   0x0000000000000000       0x29 ./startup/startup_mkv31f51212.o
 .debug_macro   0x0000000000000029      0x208 ./source/UART_EDMA_Bidirectional_Exercise.o
 .debug_macro   0x0000000000000231       0xd8 ./source/UART_EDMA_Bidirectional_Exercise.o
 .debug_macro   0x0000000000000309       0x22 ./source/UART_EDMA_Bidirectional_Exercise.o
 .debug_macro   0x000000000000032b       0x16 ./source/UART_EDMA_Bidirectional_Exercise.o
 .debug_macro   0x0000000000000341       0x16 ./source/UART_EDMA_Bidirectional_Exercise.o
 .debug_macro   0x0000000000000357      0x12a ./source/UART_EDMA_Bidirectional_Exercise.o
 .debug_macro   0x0000000000000481       0x16 ./source/UART_EDMA_Bidirectional_Exercise.o
 .debug_macro   0x0000000000000497       0x10 ./source/UART_EDMA_Bidirectional_Exercise.o
 .debug_macro   0x00000000000004a7       0x16 ./source/UART_EDMA_Bidirectional_Exercise.o
 .debug_macro   0x00000000000004bd       0x88 ./source/UART_EDMA_Bidirectional_Exercise.o
 .debug_macro   0x0000000000000545      0x1f6 ./source/UART_EDMA_Bidirectional_Exercise.o
 .debug_macro   0x000000000000073b       0x2e ./source/UART_EDMA_Bidirectional_Exercise.o
 .debug_macro   0x0000000000000769       0x11 ./source/semihost_hardfault.o
 .debug_macro   0x000000000000077a      0x1d8 ./drivers/fsl_clock.o
 .debug_macro   0x0000000000000952       0x1c ./drivers/fsl_clock.o
 .debug_macro   0x000000000000096e      0x122 ./drivers/fsl_dmamux.o
 .debug_macro   0x0000000000000a90      0x127 ./drivers/fsl_edma.o
 .debug_macro   0x0000000000000bb7       0x10 ./drivers/fsl_edma.o
 .debug_macro   0x0000000000000bc7      0x121 ./drivers/fsl_i2c.o
 .debug_macro   0x0000000000000ce8       0x1c ./drivers/fsl_i2c.o
 .debug_macro   0x0000000000000d04      0x122 ./drivers/fsl_smc.o
 .debug_macro   0x0000000000000e26      0x127 ./drivers/fsl_uart.o
 .debug_macro   0x0000000000000f4d       0x10 ./drivers/fsl_uart.o
 .debug_macro   0x0000000000000f5d      0x140 ./drivers/fsl_uart_edma.o
 .debug_macro   0x000000000000109d       0x98 ./device/system_MKV31F51212.o
 .debug_macro   0x0000000000001135      0x165 ./board/clock_config.o
 .debug_macro   0x000000000000129a      0x15c ./board/peripherals.o
 .debug_macro   0x00000000000013f6      0x127 ./board/pin_mux.o
 .debug_macro   0x000000000000151d       0x16 ./board/pin_mux.o

.debug_line     0x0000000000000000     0x827d
 .debug_line    0x0000000000000000      0x7f5 ./startup/startup_mkv31f51212.o
 .debug_line    0x00000000000007f5      0x6b6 ./source/UART_EDMA_Bidirectional_Exercise.o
 .debug_line    0x0000000000000eab       0x59 ./source/semihost_hardfault.o
 .debug_line    0x0000000000000f04     0x1437 ./drivers/fsl_clock.o
 .debug_line    0x000000000000233b      0x3ed ./drivers/fsl_dmamux.o
 .debug_line    0x0000000000002728     0x13a1 ./drivers/fsl_edma.o
 .debug_line    0x0000000000003ac9     0x13bb ./drivers/fsl_i2c.o
 .debug_line    0x0000000000004e84      0x637 ./drivers/fsl_smc.o
 .debug_line    0x00000000000054bb     0x1384 ./drivers/fsl_uart.o
 .debug_line    0x000000000000683f      0x6fb ./drivers/fsl_uart_edma.o
 .debug_line    0x0000000000006f3a      0x3f2 ./device/system_MKV31F51212.o
 .debug_line    0x000000000000732c      0x506 ./board/clock_config.o
 .debug_line    0x0000000000007832      0x474 ./board/peripherals.o
 .debug_line    0x0000000000007ca6      0x5d7 ./board/pin_mux.o

.debug_str      0x0000000000000000    0x5237b
 .debug_str     0x0000000000000000     0x34b9 ./startup/startup_mkv31f51212.o
                                       0x3534 (size before relaxing)
 .debug_str     0x00000000000034b9    0x49876 ./source/UART_EDMA_Bidirectional_Exercise.o
                                      0x4c7b0 (size before relaxing)
 .debug_str     0x000000000004cd2f       0x1f ./source/semihost_hardfault.o
                                       0x2dd1 (size before relaxing)
 .debug_str     0x000000000004cd4e     0x1775 ./drivers/fsl_clock.o
                                      0x4ada2 (size before relaxing)
 .debug_str     0x000000000004e4c3      0x2a4 ./drivers/fsl_dmamux.o
                                      0x4967d (size before relaxing)
 .debug_str     0x000000000004e767     0x1360 ./drivers/fsl_edma.o
                                      0x4ad75 (size before relaxing)
 .debug_str     0x000000000004fac7      0xc8e ./drivers/fsl_i2c.o
                                      0x4a8ff (size before relaxing)
 .debug_str     0x0000000000050755      0x468 ./drivers/fsl_smc.o
                                      0x4991f (size before relaxing)
 .debug_str     0x0000000000050bbd      0x98d ./drivers/fsl_uart.o
                                      0x4aace (size before relaxing)
 .debug_str     0x000000000005154a      0x213 ./drivers/fsl_uart_edma.o
                                      0x4a6e1 (size before relaxing)
 .debug_str     0x000000000005175d       0xd7 ./device/system_MKV31F51212.o
                                      0x47514 (size before relaxing)
 .debug_str     0x0000000000051834      0x473 ./board/clock_config.o
                                      0x49d62 (size before relaxing)
 .debug_str     0x0000000000051ca7       0xf0 ./board/peripherals.o
                                      0x4a61d (size before relaxing)
 .debug_str     0x0000000000051d97      0x5e4 ./board/pin_mux.o
                                      0x49c95 (size before relaxing)

.comment        0x0000000000000000       0x4d
 .comment       0x0000000000000000       0x4d ./startup/startup_mkv31f51212.o
                                         0x4e (size before relaxing)
 .comment       0x000000000000004d       0x4e ./source/UART_EDMA_Bidirectional_Exercise.o
 .comment       0x000000000000004d       0x4e ./source/semihost_hardfault.o
 .comment       0x000000000000004d       0x4e ./drivers/fsl_clock.o
 .comment       0x000000000000004d       0x4e ./drivers/fsl_dmamux.o
 .comment       0x000000000000004d       0x4e ./drivers/fsl_edma.o
 .comment       0x000000000000004d       0x4e ./drivers/fsl_i2c.o
 .comment       0x000000000000004d       0x4e ./drivers/fsl_smc.o
 .comment       0x000000000000004d       0x4e ./drivers/fsl_uart.o
 .comment       0x000000000000004d       0x4e ./drivers/fsl_uart_edma.o
 .comment       0x000000000000004d       0x4e ./device/system_MKV31F51212.o
 .comment       0x000000000000004d       0x4e ./board/clock_config.o
 .comment       0x000000000000004d       0x4e ./board/peripherals.o
 .comment       0x000000000000004d       0x4e ./board/pin_mux.o
 .comment       0x000000000000004d       0x4e /usr/local/mcuxpressoide-11.4.0_6237/ide/plugins/com.nxp.mcuxpresso.tools.linux_11.4.0.202103011116/tools/bin/../lib/gcc/arm-none-eabi/10.2.1/../../../../arm-none-eabi/lib/thumb/v7e-m+fp/hard/libcr_semihost_nf.a(_cr__main.o)
 .comment       0x000000000000004d       0x4e /usr/local/mcuxpressoide-11.4.0_6237/ide/plugins/com.nxp.mcuxpresso.tools.linux_11.4.0.202103011116/tools/bin/../lib/gcc/arm-none-eabi/10.2.1/../../../../arm-none-eabi/lib/thumb/v7e-m+fp/hard/libcr_semihost_nf.a(_cr_assert.o)
 .comment       0x000000000000004d       0x4e /usr/local/mcuxpressoide-11.4.0_6237/ide/plugins/com.nxp.mcuxpresso.tools.linux_11.4.0.202103011116/tools/bin/../lib/gcc/arm-none-eabi/10.2.1/../../../../arm-none-eabi/lib/thumb/v7e-m+fp/hard/libcr_semihost_nf.a(__ciob.o)
 .comment       0x000000000000004d       0x4e /usr/local/mcuxpressoide-11.4.0_6237/ide/plugins/com.nxp.mcuxpresso.tools.linux_11.4.0.202103011116/tools/bin/../lib/gcc/arm-none-eabi/10.2.1/../../../../arm-none-eabi/lib/thumb/v7e-m+fp/hard/libcr_c.a(memset.o)
 .comment       0x000000000000004d       0x4e /usr/local/mcuxpressoide-11.4.0_6237/ide/plugins/com.nxp.mcuxpresso.tools.linux_11.4.0.202103011116/tools/bin/../lib/gcc/arm-none-eabi/10.2.1/../../../../arm-none-eabi/lib/thumb/v7e-m+fp/hard/libcr_c.a(_deferredlazyseek.o)
 .comment       0x000000000000004d       0x4e /usr/local/mcuxpressoide-11.4.0_6237/ide/plugins/com.nxp.mcuxpresso.tools.linux_11.4.0.202103011116/tools/bin/../lib/gcc/arm-none-eabi/10.2.1/../../../../arm-none-eabi/lib/thumb/v7e-m+fp/hard/libcr_c.a(_fflush.o)
 .comment       0x000000000000004d       0x4e /usr/local/mcuxpressoide-11.4.0_6237/ide/plugins/com.nxp.mcuxpresso.tools.linux_11.4.0.202103011116/tools/bin/../lib/gcc/arm-none-eabi/10.2.1/../../../../arm-none-eabi/lib/thumb/v7e-m+fp/hard/libcr_c.a(_writebuf.o)
 .comment       0x000000000000004d       0x4e /usr/local/mcuxpressoide-11.4.0_6237/ide/plugins/com.nxp.mcuxpresso.tools.linux_11.4.0.202103011116/tools/bin/../lib/gcc/arm-none-eabi/10.2.1/../../../../arm-none-eabi/lib/thumb/v7e-m+fp/hard/libcr_c.a(alloc.o)
 .comment       0x000000000000004d       0x4e /usr/local/mcuxpressoide-11.4.0_6237/ide/plugins/com.nxp.mcuxpresso.tools.linux_11.4.0.202103011116/tools/bin/../lib/gcc/arm-none-eabi/10.2.1/../../../../arm-none-eabi/lib/thumb/v7e-m+fp/hard/libcr_c.a(errno.o)
 .comment       0x000000000000004d       0x4e /usr/local/mcuxpressoide-11.4.0_6237/ide/plugins/com.nxp.mcuxpresso.tools.linux_11.4.0.202103011116/tools/bin/../lib/gcc/arm-none-eabi/10.2.1/../../../../arm-none-eabi/lib/thumb/v7e-m+fp/hard/libcr_c.a(fputs.o)
 .comment       0x000000000000004d       0x4e /usr/local/mcuxpressoide-11.4.0_6237/ide/plugins/com.nxp.mcuxpresso.tools.linux_11.4.0.202103011116/tools/bin/../lib/gcc/arm-none-eabi/10.2.1/../../../../arm-none-eabi/lib/thumb/v7e-m+fp/hard/libcr_c.a(fseek.o)
 .comment       0x000000000000004d       0x4e /usr/local/mcuxpressoide-11.4.0_6237/ide/plugins/com.nxp.mcuxpresso.tools.linux_11.4.0.202103011116/tools/bin/../lib/gcc/arm-none-eabi/10.2.1/../../../../arm-none-eabi/lib/thumb/v7e-m+fp/hard/libcr_c.a(ftell.o)
 .comment       0x000000000000004d       0x4e /usr/local/mcuxpressoide-11.4.0_6237/ide/plugins/com.nxp.mcuxpresso.tools.linux_11.4.0.202103011116/tools/bin/../lib/gcc/arm-none-eabi/10.2.1/../../../../arm-none-eabi/lib/thumb/v7e-m+fp/hard/libcr_c.a(initio.o)
 .comment       0x000000000000004d       0x4e /usr/local/mcuxpressoide-11.4.0_6237/ide/plugins/com.nxp.mcuxpresso.tools.linux_11.4.0.202103011116/tools/bin/../lib/gcc/arm-none-eabi/10.2.1/../../../../arm-none-eabi/lib/thumb/v7e-m+fp/hard/libcr_c.a(printf.o)
 .comment       0x000000000000004d       0x4e /usr/local/mcuxpressoide-11.4.0_6237/ide/plugins/com.nxp.mcuxpresso.tools.linux_11.4.0.202103011116/tools/bin/../lib/gcc/arm-none-eabi/10.2.1/../../../../arm-none-eabi/lib/thumb/v7e-m+fp/hard/libcr_c.a(setvbuf.o)
 .comment       0x000000000000004d       0x4e /usr/local/mcuxpressoide-11.4.0_6237/ide/plugins/com.nxp.mcuxpresso.tools.linux_11.4.0.202103011116/tools/bin/../lib/gcc/arm-none-eabi/10.2.1/../../../../arm-none-eabi/lib/thumb/v7e-m+fp/hard/libcr_c.a(strlen.o)
 .comment       0x000000000000004d       0x4e /usr/local/mcuxpressoide-11.4.0_6237/ide/plugins/com.nxp.mcuxpresso.tools.linux_11.4.0.202103011116/tools/bin/../lib/gcc/arm-none-eabi/10.2.1/../../../../arm-none-eabi/lib/thumb/v7e-m+fp/hard/libcr_c.a(__init_alloc.o)
 .comment       0x000000000000004d       0x4e /usr/local/mcuxpressoide-11.4.0_6237/ide/plugins/com.nxp.mcuxpresso.tools.linux_11.4.0.202103011116/tools/bin/../lib/gcc/arm-none-eabi/10.2.1/../../../../arm-none-eabi/lib/thumb/v7e-m+fp/hard/libcr_c.a(_cr_sbrk.o)
 .comment       0x000000000000004d       0x4e /usr/local/mcuxpressoide-11.4.0_6237/ide/plugins/com.nxp.mcuxpresso.tools.linux_11.4.0.202103011116/tools/bin/../lib/gcc/arm-none-eabi/10.2.1/../../../../arm-none-eabi/lib/thumb/v7e-m+fp/hard/libcr_c.a(_fdopen.o)
 .comment       0x000000000000004d       0x4e /usr/local/mcuxpressoide-11.4.0_6237/ide/plugins/com.nxp.mcuxpresso.tools.linux_11.4.0.202103011116/tools/bin/../lib/gcc/arm-none-eabi/10.2.1/../../../../arm-none-eabi/lib/thumb/v7e-m+fp/hard/libcr_c.a(fclose.o)
 .comment       0x000000000000004d       0x4e /usr/local/mcuxpressoide-11.4.0_6237/ide/plugins/com.nxp.mcuxpresso.tools.linux_11.4.0.202103011116/tools/bin/../lib/gcc/arm-none-eabi/10.2.1/../../../../arm-none-eabi/lib/thumb/v7e-m+fp/hard/libcr_c.a(fflush.o)
 .comment       0x000000000000004d       0x4e /usr/local/mcuxpressoide-11.4.0_6237/ide/plugins/com.nxp.mcuxpresso.tools.linux_11.4.0.202103011116/tools/bin/../lib/gcc/arm-none-eabi/10.2.1/../../../../arm-none-eabi/lib/thumb/v7e-m+fp/hard/libcr_c.a(remove.o)
 .comment       0x000000000000004d       0x4e /usr/local/mcuxpressoide-11.4.0_6237/ide/plugins/com.nxp.mcuxpresso.tools.linux_11.4.0.202103011116/tools/bin/../lib/gcc/arm-none-eabi/10.2.1/../../../../arm-none-eabi/lib/thumb/v7e-m+fp/hard/libcr_c.a(_cr_check_heap.o)
 .comment       0x000000000000004d       0x4e /usr/local/mcuxpressoide-11.4.0_6237/ide/plugins/com.nxp.mcuxpresso.tools.linux_11.4.0.202103011116/tools/bin/../lib/gcc/arm-none-eabi/10.2.1/../../../../arm-none-eabi/lib/thumb/v7e-m+fp/hard/libcr_c.a(_do_fflush.o)

.ARM.attributes
                0x0000000000000000       0x32
 .ARM.attributes
                0x0000000000000000       0x34 ./startup/startup_mkv31f51212.o
 .ARM.attributes
                0x0000000000000034       0x34 ./source/UART_EDMA_Bidirectional_Exercise.o
 .ARM.attributes
                0x0000000000000068       0x34 ./source/semihost_hardfault.o
 .ARM.attributes
                0x000000000000009c       0x34 ./drivers/fsl_clock.o
 .ARM.attributes
                0x00000000000000d0       0x34 ./drivers/fsl_dmamux.o
 .ARM.attributes
                0x0000000000000104       0x34 ./drivers/fsl_edma.o
 .ARM.attributes
                0x0000000000000138       0x34 ./drivers/fsl_i2c.o
 .ARM.attributes
                0x000000000000016c       0x34 ./drivers/fsl_smc.o
 .ARM.attributes
                0x00000000000001a0       0x34 ./drivers/fsl_uart.o
 .ARM.attributes
                0x00000000000001d4       0x34 ./drivers/fsl_uart_edma.o
 .ARM.attributes
                0x0000000000000208       0x34 ./device/system_MKV31F51212.o
 .ARM.attributes
                0x000000000000023c       0x34 ./board/clock_config.o
 .ARM.attributes
                0x0000000000000270       0x34 ./board/peripherals.o
 .ARM.attributes
                0x00000000000002a4       0x34 ./board/pin_mux.o
 .ARM.attributes
                0x00000000000002d8       0x34 /usr/local/mcuxpressoide-11.4.0_6237/ide/plugins/com.nxp.mcuxpresso.tools.linux_11.4.0.202103011116/tools/bin/../lib/gcc/arm-none-eabi/10.2.1/../../../../arm-none-eabi/lib/thumb/v7e-m+fp/hard/libcr_semihost_nf.a(_cr__main.o)
 .ARM.attributes
                0x000000000000030c       0x34 /usr/local/mcuxpressoide-11.4.0_6237/ide/plugins/com.nxp.mcuxpresso.tools.linux_11.4.0.202103011116/tools/bin/../lib/gcc/arm-none-eabi/10.2.1/../../../../arm-none-eabi/lib/thumb/v7e-m+fp/hard/libcr_semihost_nf.a(_cr_assert.o)
 .ARM.attributes
                0x0000000000000340       0x39 /usr/local/mcuxpressoide-11.4.0_6237/ide/plugins/com.nxp.mcuxpresso.tools.linux_11.4.0.202103011116/tools/bin/../lib/gcc/arm-none-eabi/10.2.1/../../../../arm-none-eabi/lib/thumb/v7e-m+fp/hard/libcr_semihost_nf.a(__ciob.o)
 .ARM.attributes