/home/harini/Documents/MCUXpresso_11.4.0_6237/workspace/UART Polling Bidirectional/CMSIS/core_cm4.h:1679:22:__NVIC_EnableIRQ	16	static
../drivers/fsl_clock.h:602:20:CLOCK_EnableClock	24	static
../drivers/fsl_clock.h:613:20:CLOCK_DisableClock	24	static
../drivers/fsl_common_arm.h:488:24:EnableIRQ	24	static
../drivers/fsl_common_arm.h:568:24:DisableGlobalIRQ	16	static
../drivers/fsl_common_arm.h:595:20:EnableGlobalIRQ	24	static
../drivers/fsl_uart.h:396:20:UART_Set9thTransmitBit	16	static
../drivers/fsl_uart.h:406:20:UART_Clear9thTransmitBit	16	static
../drivers/fsl_uart.h:653:20:UART_WriteByte	16	static
../drivers/fsl_uart.c:128:10:UART_GetInstance	24	static
../drivers/fsl_uart.c:153:8:UART_TransferGetRxRingBufferLength	24	static
../drivers/fsl_uart.c:173:13:UART_TransferIsRxRingBufferFull	24	static
../drivers/fsl_uart.c:213:10:UART_Init	48	static
../drivers/fsl_uart.c:358:6:UART_Deinit	16	static
../drivers/fsl_uart.c:397:6:UART_GetDefaultConfig	16	static
../drivers/fsl_uart.c:437:10:UART_SetBaudRate	48	static
../drivers/fsl_uart.c:513:6:UART_Enable9bitMode	24	static
../drivers/fsl_uart.c:540:6:UART_SendAddress	16	static
../drivers/fsl_uart.c:566:6:UART_EnableInterrupts	16	static
../drivers/fsl_uart.c:594:6:UART_DisableInterrupts	16	static
../drivers/fsl_uart.c:629:10:UART_GetEnabledInterrupts	24	static
../drivers/fsl_uart.c:661:10:UART_GetStatusFlags	24	static
../drivers/fsl_uart.c:696:10:UART_ClearStatusFlags	24	static
../drivers/fsl_uart.c:756:10:UART_WriteBlocking	24	static
../drivers/fsl_uart.c:799:13:UART_WriteNonBlocking	32	static
../drivers/fsl_uart.c:829:10:UART_ReadBlocking	32	static
../drivers/fsl_uart.c:907:13:UART_ReadNonBlocking	32	static
../drivers/fsl_uart.c:933:6:UART_TransferCreateHandle	32	static
../drivers/fsl_uart.c:981:6:UART_TransferStartRingBuffer	32	static
../drivers/fsl_uart.c:1013:6:UART_TransferStopRingBuffer	24	static
../drivers/fsl_uart.c:1057:10:UART_TransferSendNonBlocking	32	static
../drivers/fsl_uart.c:1100:6:UART_TransferAbortSend	24	static
../drivers/fsl_uart.c:1125:10:UART_TransferGetSendCount	24	static
../drivers/fsl_uart.c:1176:10:UART_TransferReceiveNonBlocking	56	static
../drivers/fsl_uart.c:1321:6:UART_TransferAbortReceive	24	static
../drivers/fsl_uart.c:1358:10:UART_TransferGetReceiveCount	24	static
../drivers/fsl_uart.c:1389:10:UART_EnableTxFIFO	24	static
../drivers/fsl_uart.c:1434:10:UART_EnableRxFIFO	24	static
../drivers/fsl_uart.c:1477:6:UART_TransferHandleIRQ	48	static
../drivers/fsl_uart.c:1803:6:UART_TransferHandleErrorIRQ	16	static
../drivers/fsl_uart.c:1838:6:UART0_DriverIRQHandler	8	static
../drivers/fsl_uart.c:1845:6:UART0_RX_TX_DriverIRQHandler	8	static
../drivers/fsl_uart.c:1855:6:UART1_DriverIRQHandler	8	static
../drivers/fsl_uart.c:1862:6:UART1_RX_TX_DriverIRQHandler	8	static
../drivers/fsl_uart.c:1885:6:UART2_DriverIRQHandler	8	static
../drivers/fsl_uart.c:1892:6:UART2_RX_TX_DriverIRQHandler	8	static
