Archive member included to satisfy reference by file (symbol)

/usr/local/mcuxpressoide-11.4.0_6237/ide/plugins/com.nxp.mcuxpresso.tools.linux_11.4.0.202103011116/tools/bin/../lib/gcc/arm-none-eabi/10.2.1/../../../../arm-none-eabi/lib/thumb/v7e-m+fp/hard/libcr_nohost_nf.a(_cr__main.o)
                              ./startup/startup_mkv31f51212.o (__main)
/usr/local/mcuxpressoide-11.4.0_6237/ide/plugins/com.nxp.mcuxpresso.tools.linux_11.4.0.202103011116/tools/bin/../lib/gcc/arm-none-eabi/10.2.1/../../../../arm-none-eabi/lib/thumb/v7e-m+fp/hard/libcr_nohost_nf.a(_cr_assert.o)
                              ./drivers/fsl_clock.o (__assertion_failed)
/usr/local/mcuxpressoide-11.4.0_6237/ide/plugins/com.nxp.mcuxpresso.tools.linux_11.4.0.202103011116/tools/bin/../lib/gcc/arm-none-eabi/10.2.1/../../../../arm-none-eabi/lib/thumb/v7e-m+fp/hard/libcr_nohost_nf.a(__ciob.o)
                              /usr/local/mcuxpressoide-11.4.0_6237/ide/plugins/com.nxp.mcuxpresso.tools.linux_11.4.0.202103011116/tools/bin/../lib/gcc/arm-none-eabi/10.2.1/../../../../arm-none-eabi/lib/thumb/v7e-m+fp/hard/libcr_nohost_nf.a(_cr_assert.o) (__Ciob)
/usr/local/mcuxpressoide-11.4.0_6237/ide/plugins/com.nxp.mcuxpresso.tools.linux_11.4.0.202103011116/tools/bin/../lib/gcc/arm-none-eabi/10.2.1/../../../../arm-none-eabi/lib/thumb/v7e-m+fp/hard/libcr_nohost_nf.a(__sys_appexit.o)
                              /usr/local/mcuxpressoide-11.4.0_6237/ide/plugins/com.nxp.mcuxpresso.tools.linux_11.4.0.202103011116/tools/bin/../lib/gcc/arm-none-eabi/10.2.1/../../../../arm-none-eabi/lib/thumb/v7e-m+fp/hard/libcr_nohost_nf.a(_cr_assert.o) (__sys_appexit)
/usr/local/mcuxpressoide-11.4.0_6237/ide/plugins/com.nxp.mcuxpresso.tools.linux_11.4.0.202103011116/tools/bin/../lib/gcc/arm-none-eabi/10.2.1/../../../../arm-none-eabi/lib/thumb/v7e-m+fp/hard/libcr_c.a(memcpy.o)
                              ./utilities/fsl_str.o (memcpy)
/usr/local/mcuxpressoide-11.4.0_6237/ide/plugins/com.nxp.mcuxpresso.tools.linux_11.4.0.202103011116/tools/bin/../lib/gcc/arm-none-eabi/10.2.1/../../../../arm-none-eabi/lib/thumb/v7e-m+fp/hard/libcr_c.a(memset.o)
                              ./utilities/fsl_debug_console.o (memset)
/usr/local/mcuxpressoide-11.4.0_6237/ide/plugins/com.nxp.mcuxpresso.tools.linux_11.4.0.202103011116/tools/bin/../lib/gcc/arm-none-eabi/10.2.1/../../../../arm-none-eabi/lib/thumb/v7e-m+fp/hard/libcr_c.a(_deferredlazyseek.o)
                              /usr/local/mcuxpressoide-11.4.0_6237/ide/plugins/com.nxp.mcuxpresso.tools.linux_11.4.0.202103011116/tools/bin/../lib/gcc/arm-none-eabi/10.2.1/../../../../arm-none-eabi/lib/thumb/v7e-m+fp/hard/libcr_nohost_nf.a(_cr_assert.o) (__flsbuf)
/usr/local/mcuxpressoide-11.4.0_6237/ide/plugins/com.nxp.mcuxpresso.tools.linux_11.4.0.202103011116/tools/bin/../lib/gcc/arm-none-eabi/10.2.1/../../../../arm-none-eabi/lib/thumb/v7e-m+fp/hard/libcr_c.a(_fflush.o)
                              /usr/local/mcuxpressoide-11.4.0_6237/ide/plugins/com.nxp.mcuxpresso.tools.linux_11.4.0.202103011116/tools/bin/../lib/gcc/arm-none-eabi/10.2.1/../../../../arm-none-eabi/lib/thumb/v7e-m+fp/hard/libcr_c.a(_deferredlazyseek.o) (_fflush)
/usr/local/mcuxpressoide-11.4.0_6237/ide/plugins/com.nxp.mcuxpresso.tools.linux_11.4.0.202103011116/tools/bin/../lib/gcc/arm-none-eabi/10.2.1/../../../../arm-none-eabi/lib/thumb/v7e-m+fp/hard/libcr_c.a(_writebuf.o)
                              /usr/local/mcuxpressoide-11.4.0_6237/ide/plugins/com.nxp.mcuxpresso.tools.linux_11.4.0.202103011116/tools/bin/../lib/gcc/arm-none-eabi/10.2.1/../../../../arm-none-eabi/lib/thumb/v7e-m+fp/hard/libcr_c.a(_deferredlazyseek.o) (_Cwritebuf)
/usr/local/mcuxpressoide-11.4.0_6237/ide/plugins/com.nxp.mcuxpresso.tools.linux_11.4.0.202103011116/tools/bin/../lib/gcc/arm-none-eabi/10.2.1/../../../../arm-none-eabi/lib/thumb/v7e-m+fp/hard/libcr_c.a(alloc.o)
                              ./drivers/fsl_common.o (malloc)
/usr/local/mcuxpressoide-11.4.0_6237/ide/plugins/com.nxp.mcuxpresso.tools.linux_11.4.0.202103011116/tools/bin/../lib/gcc/arm-none-eabi/10.2.1/../../../../arm-none-eabi/lib/thumb/v7e-m+fp/hard/libcr_c.a(errno.o)
                              ./utilities/fsl_str.o (errno)
/usr/local/mcuxpressoide-11.4.0_6237/ide/plugins/com.nxp.mcuxpresso.tools.linux_11.4.0.202103011116/tools/bin/../lib/gcc/arm-none-eabi/10.2.1/../../../../arm-none-eabi/lib/thumb/v7e-m+fp/hard/libcr_c.a(fputs.o)
                              /usr/local/mcuxpressoide-11.4.0_6237/ide/plugins/com.nxp.mcuxpresso.tools.linux_11.4.0.202103011116/tools/bin/../lib/gcc/arm-none-eabi/10.2.1/../../../../arm-none-eabi/lib/thumb/v7e-m+fp/hard/libcr_nohost_nf.a(_cr_assert.o) (fputs)
/usr/local/mcuxpressoide-11.4.0_6237/ide/plugins/com.nxp.mcuxpresso.tools.linux_11.4.0.202103011116/tools/bin/../lib/gcc/arm-none-eabi/10.2.1/../../../../arm-none-eabi/lib/thumb/v7e-m+fp/hard/libcr_c.a(fseek.o)
[...]
Memory Configuration

Name             Origin             Length             Attributes
PROGRAM_FLASH    0x0000000000000000 0x0000000000080000 xr
SRAM_UPPER       0x0000000020000000 0x0000000000010000 xrw
SRAM_LOWER       0x000000001fff8000 0x0000000000008000 xrw
*default*        0x0000000000000000 0xffffffffffffffff

Linker script and memory map

LOAD ./utilities/fsl_debug_console.o
LOAD ./utilities/fsl_str.o
LOAD ./startup/startup_mkv31f51212.o
LOAD ./source/UART Polling Bidirectional.o
LOAD ./source/semihost_hardfault.o
LOAD ./drivers/fsl_clock.o
LOAD ./drivers/fsl_common.o
LOAD ./drivers/fsl_common_arm.o
LOAD ./drivers/fsl_ftm.o
LOAD ./drivers/fsl_gpio.o
LOAD ./drivers/fsl_i2c.o
LOAD ./drivers/fsl_smc.o
LOAD ./drivers/fsl_uart.o
LOAD ./device/system_MKV31F51212.o
LOAD ./component/uart/fsl_adapter_uart.o
LOAD ./component/serial_manager/fsl_component_serial_manager.o
LOAD ./component/serial_manager/fsl_component_serial_port_uart.o
LOAD ./component/lists/fsl_component_generic_list.o
LOAD ./board/board.o
LOAD ./board/clock_config.o
LOAD ./board/peripherals.o
LOAD ./board/pin_mux.o
START GROUP
LOAD /usr/local/mcuxpressoide-11.4.0_6237/ide/plugins/com.nxp.mcuxpresso.tools.linux_11.4.0.202103011116/tools/bin/../lib/gcc/arm-none-eabi/10.2.1/../../../../arm-none-eabi/lib/thumb/v7e-m+fp/hard/libcr_nohost_nf.a
LOAD /usr/local/mcuxpressoide-11.4.0_6237/ide/plugins/com.nxp.mcuxpresso.tools.linux_11.4.0.202103011116/tools/bin/../lib/gcc/arm-none-eabi/10.2.1/../../../../arm-none-eabi/lib/thumb/v7e-m+fp/hard/libcr_c.a
LOAD /usr/local/mcuxpressoide-11.4.0_6237/ide/plugins/com.nxp.mcuxpresso.tools.linux_11.4.0.202103011116/tools/bin/../lib/gcc/arm-none-eabi/10.2.1/thumb/v7e-m+fp/hard/libcr_eabihelpers.a
LOAD /usr/local/mcuxpressoide-11.4.0_6237/ide/plugins/com.nxp.mcuxpresso.tools.linux_11.4.0.202103011116/tools/bin/../lib/gcc/arm-none-eabi/10.2.1/thumb/v7e-m+fp/hard/libgcc.a
END GROUP
                0x0000000000000000                __base_PROGRAM_FLASH = 0x0
                0x0000000000000000                __base_Flash = 0x0
                0x0000000000080000                __top_PROGRAM_FLASH = 0x80000
                0x0000000000080000                __top_Flash = 0x80000
                0x0000000020000000                __base_SRAM_UPPER = 0x20000000
                0x0000000020000000                __base_RAM = 0x20000000
                0x0000000020010000                __top_SRAM_UPPER = 0x20010000
                0x0000000020010000                __top_RAM = 0x20010000
                0x000000001fff8000                __base_SRAM_LOWER = 0x1fff8000
                0x000000001fff8000                __base_RAM2 = 0x1fff8000
                0x0000000020000000                __top_SRAM_LOWER = 0x20000000
                0x0000000020000000                __top_RAM2 = 0x20000000

.text           0x0000000000000000     0x2e6c
 FILL mask 0xff
                0x0000000000000000                __vectors_start__ = ABSOLUTE (.)
 *(SORT_BY_ALIGNMENT(.isr_vector))
 .isr_vector    0x0000000000000000      0x168 ./startup/startup_mkv31f51212.o
                0x0000000000000000                __Vectors
                0x0000000000000000                g_pfnVectors
                0x0000000000000168                . = ALIGN (0x4)
                0x0000000000000168                __section_table_start = .
                0x0000000000000168                __data_section_table = .
                0x0000000000000168        0x4 LONG 0x2e6c LOADADDR (.data)
                0x000000000000016c        0x4 LONG 0x20000000 ADDR (.data)
                0x0000000000000170        0x4 LONG 0x30 SIZEOF (.data)
                0x0000000000000174        0x4 LONG 0x2e6c LOADADDR (.data_RAM2)
                0x0000000000000178        0x4 LONG 0x1fff8000 ADDR (.data_RAM2)
                0x000000000000017c        0x4 LONG 0x0 SIZEOF (.data_RAM2)
                0x0000000000000180                __data_section_table_end = .
                0x0000000000000180                __bss_section_table = .
                0x0000000000000180        0x4 LONG 0x20000030 ADDR (.bss)
                0x0000000000000184        0x4 LONG 0x110 SIZEOF (.bss)
                0x0000000000000188        0x4 LONG 0x1fff8000 ADDR (.bss_RAM2)
                0x000000000000018c        0x4 LONG 0x0 SIZEOF (.bss_RAM2)
                0x0000000000000190                __bss_section_table_end = .
                0x0000000000000190                __section_table_end = .
 *(SORT_BY_ALIGNMENT(.after_vectors*))
 .after_vectors.reset
                0x0000000000000190       0x4c ./startup/startup_mkv31f51212.o
                0x0000000000000190                ResetISR
 .after_vectors.init_data
                0x00000000000001dc       0x1e ./startup/startup_mkv31f51212.o
                0x00000000000001dc                data_init
 .after_vectors.init_bss
                0x00000000000001fa       0x12 ./startup/startup_mkv31f51212.o
                0x00000000000001fa                bss_init
 .after_vectors
                0x000000000000020c       0x14 ./startup/startup_mkv31f51212.o
                0x000000000000020c                NMI_Handler
                0x0000000000000210                MemManage_Handler
                0x0000000000000212                BusFault_Handler
                0x0000000000000214                UsageFault_Handler
                0x0000000000000216                SVC_Handler
                0x0000000000000218                DebugMon_Handler
                0x000000000000021a                PendSV_Handler
                0x000000000000021c                SysTick_Handler
                0x000000000000021e                DMA0_DriverIRQHandler
                0x000000000000021e                PORTB_DriverIRQHandler
                0x000000000000021e                DMA12_DriverIRQHandler
                0x000000000000021e                SPI1_DriverIRQHandler
                0x000000000000021e                LPTMR0_DriverIRQHandler
                0x000000000000021e                DMA_Error_DriverIRQHandler
                0x000000000000021e                FTM1_DriverIRQHandler
                0x000000000000021e                FTM2_DriverIRQHandler
                0x000000000000021e                PIT2_DriverIRQHandler
                0x000000000000021e                Reserved82_DriverIRQHandler
                0x000000000000021e                FTF_DriverIRQHandler
                0x000000000000021e                DMA6_DriverIRQHandler
                0x000000000000021e                LLWU_DriverIRQHandler
                0x000000000000021e                MCM_DriverIRQHandler
                0x000000000000021e                MCG_DriverIRQHandler
                0x000000000000021e                Reserved63_DriverIRQHandler
                0x000000000000021e                DAC1_DriverIRQHandler
                0x000000000000021e                Reserved69_DriverIRQHandler
                0x000000000000021e                CMP1_DriverIRQHandler
                0x000000000000021e                FTM0_DriverIRQHandler
                0x000000000000021e                IntDefaultHandler
                0x000000000000021e                PORTC_DriverIRQHandler
                0x000000000000021e                DMA11_DriverIRQHandler
                0x000000000000021e                DAC0_DriverIRQHandler
                0x000000000000021e                DMA10_DriverIRQHandler
                0x000000000000021e                UART2_ERR_DriverIRQHandler
                0x000000000000021e                LVD_LVW_DriverIRQHandler
                0x000000000000021e                Reserved84_DriverIRQHandler
                0x000000000000021e                PIT0_DriverIRQHandler
                0x000000000000021e                RNG_DriverIRQHandler
                0x000000000000021e                DMA5_DriverIRQHandler
                0x000000000000021e                DMA4_DriverIRQHandler
                0x000000000000021e                DMA3_DriverIRQHandler
                0x000000000000021e                Reserved53_DriverIRQHandler
                0x000000000000021e                Reserved45_DriverIRQHandler
                0x000000000000021e                DMA8_DriverIRQHandler
                0x000000000000021e                DMA9_DriverIRQHandler
                0x000000000000021e                UART0_ERR_DriverIRQHandler
                0x000000000000021e                Reserved71_DriverIRQHandler
                0x000000000000021e                ADC1_DriverIRQHandler
                0x000000000000021e                PORTA_DriverIRQHandler
                0x000000000000021e                DMA14_DriverIRQHandler
                0x000000000000021e                PIT3_DriverIRQHandler
                0x000000000000021e                PIT1_DriverIRQHandler
                0x000000000000021e                WDOG_EWM_DriverIRQHandler
                0x000000000000021e                PDB0_DriverIRQHandler
                0x000000000000021e                Reserved83_DriverIRQHandler
                0x000000000000021e                Reserved61_DriverIRQHandler
                0x000000000000021e                Read_Collision_DriverIRQHandler
                0x000000000000021e                Reserved54_DriverIRQHandler
                0x000000000000021e                SWI_DriverIRQHandler
                0x000000000000021e                Reserved62_DriverIRQHandler
                0x000000000000021e                DMA1_DriverIRQHandler
                0x000000000000021e                Reserved44_DriverIRQHandler
                0x000000000000021e                DMA13_DriverIRQHandler
                0x000000000000021e                DMA15_DriverIRQHandler
                0x000000000000021e                LPUART0_DriverIRQHandler
                0x000000000000021e                Reserved85_DriverIRQHandler
                0x000000000000021e                Reserved81_DriverIRQHandler
                0x000000000000021e                SPI0_DriverIRQHandler
                0x000000000000021e                ADC0_DriverIRQHandler
                0x000000000000021e                CMP0_DriverIRQHandler
                0x000000000000021e                FTM3_DriverIRQHandler
                0x000000000000021e                UART1_ERR_DriverIRQHandler
                0x000000000000021e                DMA2_DriverIRQHandler
                0x000000000000021e                PORTD_DriverIRQHandler
                0x000000000000021e                Reserved70_DriverIRQHandler
                0x000000000000021e                Reserved86_DriverIRQHandler
                0x000000000000021e                PORTE_DriverIRQHandler
                0x000000000000021e                DMA7_DriverIRQHandler
                0x0000000000000400                . = 0x400
 *fill*         0x0000000000000220      0x1e0 ff
                0x0000000000000400                PROVIDE (__FLASH_CONFIG_START__ = .)
 *(SORT_BY_ALIGNMENT(.FlashConfig))
 .FlashConfig   0x0000000000000400       0x10 ./startup/startup_mkv31f51212.o
                0x0000000000000400                Flash_Config
                0x0000000000000410                PROVIDE (__FLASH_CONFIG_END__ = .)
                0x0000000000000001                ASSERT (! ((__FLASH_CONFIG_START__ == __FLASH_CONFIG_END__)), Linker Flash Config Support Enabled, but no .FlashConfig section provided within application)
 *(SORT_BY_ALIGNMENT(.text*))
 .text.DbgConsole_Init
                0x0000000000000410      0x118 ./utilities/fsl_debug_console.o
                0x0000000000000410                DbgConsole_Init
 .text.main     0x0000000000000528       0xa8 ./source/UART Polling Bidirectional.o
                0x0000000000000528                main
 .text.CLOCK_SetEr32kClock
                0x00000000000005d0       0x30 ./drivers/fsl_clock.o
 .text.CLOCK_SetPllFllSelClock
                0x0000000000000600       0x38 ./drivers/fsl_clock.o
 .text.CLOCK_GetMcgExtClkFreq
                0x0000000000000638       0x7c ./drivers/fsl_clock.o
 .text.CLOCK_GetFllExtRefClkFreq
                0x00000000000006b4       0xb0 ./drivers/fsl_clock.o
 .text.CLOCK_GetInternalRefClkSelectFreq
                0x0000000000000764       0x4c ./drivers/fsl_clock.o
 .text.CLOCK_GetFllRefClkFreq
                0x00000000000007b0       0x34 ./drivers/fsl_clock.o
 .text.CLOCK_GetOscRangeFromFreq
                0x00000000000007e4       0x3c ./drivers/fsl_clock.o
 .text.CLOCK_GetOsc0ErClkUndivFreq
                0x0000000000000820       0x44 ./drivers/fsl_clock.o
                0x0000000000000820                CLOCK_GetOsc0ErClkUndivFreq
 .text.CLOCK_GetOsc0ErClkDivFreq
                0x0000000000000864       0x58 ./drivers/fsl_clock.o
                0x0000000000000864                CLOCK_GetOsc0ErClkDivFreq
 .text.CLOCK_GetEr32kClkFreq
                0x00000000000008bc       0x74 ./drivers/fsl_clock.o
                0x00000000000008bc                CLOCK_GetEr32kClkFreq
 .text.CLOCK_GetPllFllSelClkFreq
                0x0000000000000930       0x54 ./drivers/fsl_clock.o
                0x0000000000000930                CLOCK_GetPllFllSelClkFreq
 .text.CLOCK_GetCoreSysClkFreq
                0x0000000000000984       0x28 ./drivers/fsl_clock.o
                0x0000000000000984                CLOCK_GetCoreSysClkFreq
 .text.CLOCK_GetFreq
                0x00000000000009ac      0x148 ./drivers/fsl_clock.o
                0x00000000000009ac                CLOCK_GetFreq
 .text.CLOCK_SetSimConfig
                0x0000000000000af4       0x34 ./drivers/fsl_clock.o
                0x0000000000000af4                CLOCK_SetSimConfig
 .text.CLOCK_GetOutClkFreq
                0x0000000000000b28       0x64 ./drivers/fsl_clock.o
                0x0000000000000b28                CLOCK_GetOutClkFreq
 .text.CLOCK_GetFllFreq
                0x0000000000000b8c       0x84 ./drivers/fsl_clock.o
                0x0000000000000b8c                CLOCK_GetFllFreq
 .text.CLOCK_GetInternalRefClkFreq
                0x0000000000000c10       0x30 ./drivers/fsl_clock.o
                0x0000000000000c10                CLOCK_GetInternalRefClkFreq
 .text.CLOCK_GetPll0Freq
                0x0000000000000c40       0x78 ./drivers/fsl_clock.o
                0x0000000000000c40                CLOCK_GetPll0Freq
 .text.CLOCK_SetExternalRefClkConfig
                0x0000000000000cb8       0x6c ./drivers/fsl_clock.o
                0x0000000000000cb8                CLOCK_SetExternalRefClkConfig
 .text.CLOCK_SetInternalRefClkConfig
                0x0000000000000d24      0x104 ./drivers/fsl_clock.o
                0x0000000000000d24                CLOCK_SetInternalRefClkConfig
 .text.CLOCK_EnablePll0
                0x0000000000000e28       0x88 ./drivers/fsl_clock.o
                0x0000000000000e28                CLOCK_EnablePll0
 .text.CLOCK_InitOsc0
                0x0000000000000eb0       0x8c ./drivers/fsl_clock.o
                0x0000000000000eb0                CLOCK_InitOsc0
 .text.CLOCK_SetPbeMode
                0x0000000000000f3c       0xa8 ./drivers/fsl_clock.o
                0x0000000000000f3c                CLOCK_SetPbeMode
 .text.CLOCK_BootToPeeMode
                0x0000000000000fe4       0x64 ./drivers/fsl_clock.o
                0x0000000000000fe4                CLOCK_BootToPeeMode
 .text.I2C_TransferCommonIRQHandler
                0x0000000000001048       0x58 ./drivers/fsl_i2c.o
 .text.I2C0_DriverIRQHandler
                0x00000000000010a0       0x1c ./drivers/fsl_i2c.o
                0x00000000000010a0                I2C0_DriverIRQHandler
 .text.I2C1_DriverIRQHandler
                0x00000000000010bc       0x1c ./drivers/fsl_i2c.o
                0x00000000000010bc                I2C1_DriverIRQHandler
 .text.UART_GetInstance
                0x00000000000010d8       0x54 ./drivers/fsl_uart.o
                0x00000000000010d8                UART_GetInstance
 .text.UART_Init
                0x000000000000112c      0x294 ./drivers/fsl_uart.o
                0x000000000000112c                UART_Init
 .text.UART_GetDefaultConfig
                0x00000000000013c0       0x64 ./drivers/fsl_uart.o
                0x00000000000013c0                UART_GetDefaultConfig
 .text.UART_ReadBlocking
                0x0000000000001424       0xfc ./drivers/fsl_uart.o
                0x0000000000001424                UART_ReadBlocking
 .text.UART0_DriverIRQHandler
                0x0000000000001520       0x28 ./drivers/fsl_uart.o
                0x0000000000001520                UART0_DriverIRQHandler
 .text.UART1_DriverIRQHandler
                0x0000000000001548       0x28 ./drivers/fsl_uart.o
                0x0000000000001548                UART1_DriverIRQHandler
 .text.UART2_DriverIRQHandler
                0x0000000000001570       0x28 ./drivers/fsl_uart.o
                0x0000000000001570                UART2_DriverIRQHandler
 .text.SystemInit
                0x0000000000001598       0x3c ./device/system_MKV31F51212.o
                0x0000000000001598                SystemInit
 .text.HAL_UartInit
                0x00000000000015d4      0x114 ./component/uart/fsl_adapter_uart.o
                0x00000000000015d4                HAL_UartInit
 .text.CLOCK_SetTraceClock
                0x00000000000016e8       0x38 ./board/clock_config.o
 .text.CLOCK_SetClkOutClock
                0x0000000000001720       0x34 ./board/clock_config.o
 .text.CLOCK_SetLpuartClock
                0x0000000000001754       0x40 ./board/clock_config.o
 .text.CLOCK_SetSimSafeDivs
                0x0000000000001794       0x24 ./board/clock_config.o
 .text.CLOCK_SetXtal0Freq
                0x00000000000017b8       0x20 ./board/clock_config.o
 .text.CLOCK_CONFIG_SetFllExtRefDiv
                0x00000000000017d8       0x3c ./board/clock_config.o
 .text.BOARD_BootClockHSRUN
                0x0000000000001814       0x90 ./board/clock_config.o
                0x0000000000001814                BOARD_BootClockHSRUN
 .text.UART1_init
                0x00000000000018a4       0x24 ./board/peripherals.o
 .text.UART2_init
                0x00000000000018c8       0x24 ./board/peripherals.o
 .text.PORT_SetPinConfig
                0x00000000000018ec       0x38 ./board/pin_mux.o
 .text.BOARD_InitPins
                0x0000000000001924       0x58 ./board/pin_mux.o
                0x0000000000001924                BOARD_InitPins
 .text.BOARD_InitDEBUG_UARTPins
                0x000000000000197c       0x68 ./board/pin_mux.o
                0x000000000000197c                BOARD_InitDEBUG_UARTPins
 .text.__assertion_failed
                0x00000000000019e4       0x4c /usr/local/mcuxpressoide-11.4.0_6237/ide/plugins/com.nxp.mcuxpresso.tools.linux_11.4.0.202103011116/tools/bin/../lib/gcc/arm-none-eabi/10.2.1/../../../../arm-none-eabi/lib/thumb/v7e-m+fp/hard/libcr_nohost_nf.a(_cr_assert.o)
                0x00000000000019e4                __assertion_failed
 .text._Cwritebuf
                0x0000000000001a30       0x6c /usr/local/mcuxpressoide-11.4.0_6237/ide/plugins/com.nxp.mcuxpresso.tools.linux_11.4.0.202103011116/tools/bin/../lib/gcc/arm-none-eabi/10.2.1/../../../../arm-none-eabi/lib/thumb/v7e-m+fp/hard/libcr_c.a(_writebuf.o)
                0x0000000000001a30                _Cwritebuf
 .text.malloc   0x0000000000001a9c       0xc8 /usr/local/mcuxpressoide-11.4.0_6237/ide/plugins/com.nxp.mcuxpresso.tools.linux_11.4.0.202103011116/tools/bin/../lib/gcc/arm-none-eabi/10.2.1/../../../../arm-none-eabi/lib/thumb/v7e-m+fp/hard/libcr_c.a(alloc.o)
                0x0000000000001a9c                malloc
 .text._Csys_alloc
                0x0000000000001b64       0x20 /usr/local/mcuxpressoide-11.4.0_6237/ide/plugins/com.nxp.mcuxpresso.tools.linux_11.4.0.202103011116/tools/bin/../lib/gcc/arm-none-eabi/10.2.1/../../../../arm-none-eabi/lib/thumb/v7e-m+fp/hard/libcr_c.a(alloc.o)
                0x0000000000001b64                _Csys_alloc
 .text.fseek    0x0000000000001b84      0x100 /usr/local/mcuxpressoide-11.4.0_6237/ide/plugins/com.nxp.mcuxpresso.tools.linux_11.4.0.202103011116/tools/bin/../lib/gcc/arm-none-eabi/10.2.1/../../../../arm-none-eabi/lib/thumb/v7e-m+fp/hard/libcr_c.a(fseek.o)
                0x0000000000001b84                fseek
 .text.ftell    0x0000000000001c84       0x44 /usr/local/mcuxpressoide-11.4.0_6237/ide/plugins/com.nxp.mcuxpresso.tools.linux_11.4.0.202103011116/tools/bin/../lib/gcc/arm-none-eabi/10.2.1/../../../../arm-none-eabi/lib/thumb/v7e-m+fp/hard/libcr_c.a(ftell.o)
                0x0000000000001c84                ftell
 .text._initio  0x0000000000001cc8       0x78 /usr/local/mcuxpressoide-11.4.0_6237/ide/plugins/com.nxp.mcuxpresso.tools.linux_11.4.0.202103011116/tools/bin/../lib/gcc/arm-none-eabi/10.2.1/../../../../arm-none-eabi/lib/thumb/v7e-m+fp/hard/libcr_c.a(initio.o)
                0x0000000000001cc8                _initio
 .text._sbrk    0x0000000000001d40       0x3c /usr/local/mcuxpressoide-11.4.0_6237/ide/plugins/com.nxp.mcuxpresso.tools.linux_11.4.0.202103011116/tools/bin/../lib/gcc/arm-none-eabi/10.2.1/../../../../arm-none-eabi/lib/thumb/v7e-m+fp/hard/libcr_c.a(_cr_sbrk.o)
                0x0000000000001d40                _sbrk
 .text.fflush   0x0000000000001d7c       0x3c /usr/local/mcuxpressoide-11.4.0_6237/ide/plugins/com.nxp.mcuxpresso.tools.linux_11.4.0.202103011116/tools/bin/../lib/gcc/arm-none-eabi/10.2.1/../../../../arm-none-eabi/lib/thumb/v7e-m+fp/hard/libcr_c.a(fflush.o)
                0x0000000000001d7c                fflush
 .text.__check_heap_overflow
                0x0000000000001db8       0x18 /usr/local/mcuxpressoide-11.4.0_6237/ide/plugins/com.nxp.mcuxpresso.tools.linux_11.4.0.202103011116/tools/bin/../lib/gcc/arm-none-eabi/10.2.1/../../../../arm-none-eabi/lib/thumb/v7e-m+fp/hard/libcr_c.a(_cr_check_heap.o)
                0x0000000000001db8                __check_heap_overflow
 .text.DMA0_IRQHandler
                0x0000000000001dd0        0x8 ./startup/startup_mkv31f51212.o
                0x0000000000001dd0                DMA0_IRQHandler
 .text.DMA1_IRQHandler
                0x0000000000001dd8        0x8 ./startup/startup_mkv31f51212.o
                0x0000000000001dd8                DMA1_IRQHandler
 .text.DMA2_IRQHandler
                0x0000000000001de0        0x8 ./startup/startup_mkv31f51212.o
                0x0000000000001de0                DMA2_IRQHandler
 .text.DMA3_IRQHandler
                0x0000000000001de8        0x8 ./startup/startup_mkv31f51212.o
                0x0000000000001de8                DMA3_IRQHandler
 .text.DMA4_IRQHandler
                0x0000000000001df0        0x8 ./startup/startup_mkv31f51212.o
                0x0000000000001df0                DMA4_IRQHandler
 .text.DMA5_IRQHandler
                0x0000000000001df8        0x8 ./startup/startup_mkv31f51212.o
                0x0000000000001df8                DMA5_IRQHandler
 .text.DMA6_IRQHandler
                0x0000000000001e00        0x8 ./startup/startup_mkv31f51212.o
                0x0000000000001e00                DMA6_IRQHandler
 .text.DMA7_IRQHandler
                0x0000000000001e08        0x8 ./startup/startup_mkv31f51212.o
                0x0000000000001e08                DMA7_IRQHandler
 .text.DMA8_IRQHandler
                0x0000000000001e10        0x8 ./startup/startup_mkv31f51212.o
                0x0000000000001e10                DMA8_IRQHandler
 .text.DMA9_IRQHandler
                0x0000000000001e18        0x8 ./startup/startup_mkv31f51212.o
                0x0000000000001e18                DMA9_IRQHandler
 .text.DMA10_IRQHandler
                0x0000000000001e20        0x8 ./startup/startup_mkv31f51212.o
                0x0000000000001e20                DMA10_IRQHandler
 .text.DMA11_IRQHandler
                0x0000000000001e28        0x8 ./startup/startup_mkv31f51212.o
                0x0000000000001e28                DMA11_IRQHandler
 .text.DMA12_IRQHandler
                0x0000000000001e30        0x8 ./startup/startup_mkv31f51212.o
                0x0000000000001e30                DMA12_IRQHandler
 .text.DMA13_IRQHandler
                0x0000000000001e38        0x8 ./startup/startup_mkv31f51212.o
                0x0000000000001e38                DMA13_IRQHandler
 .text.DMA14_IRQHandler
                0x0000000000001e40        0x8 ./startup/startup_mkv31f51212.o
                0x0000000000001e40                DMA14_IRQHandler
 .text.DMA15_IRQHandler
                0x0000000000001e48        0x8 ./startup/startup_mkv31f51212.o
                0x0000000000001e48                DMA15_IRQHandler
 .text.DMA_Error_IRQHandler
                0x0000000000001e50        0x8 ./startup/startup_mkv31f51212.o
                0x0000000000001e50                DMA_Error_IRQHandler
 .text.MCM_IRQHandler
                0x0000000000001e58        0x8 ./startup/startup_mkv31f51212.o
                0x0000000000001e58                MCM_IRQHandler
 .text.FTF_IRQHandler
                0x0000000000001e60        0x8 ./startup/startup_mkv31f51212.o
                0x0000000000001e60                FTF_IRQHandler
 .text.Read_Collision_IRQHandler
                0x0000000000001e68        0x8 ./startup/startup_mkv31f51212.o
                0x0000000000001e68                Read_Collision_IRQHandler
 .text.LVD_LVW_IRQHandler
                0x0000000000001e70        0x8 ./startup/startup_mkv31f51212.o
                0x0000000000001e70                LVD_LVW_IRQHandler
 .text.LLWU_IRQHandler
                0x0000000000001e78        0x8 ./startup/startup_mkv31f51212.o
                0x0000000000001e78                LLWU_IRQHandler
 .text.WDOG_EWM_IRQHandler
                0x0000000000001e80        0x8 ./startup/startup_mkv31f51212.o
                0x0000000000001e80                WDOG_EWM_IRQHandler
 .text.RNG_IRQHandler
                0x0000000000001e88        0x8 ./startup/startup_mkv31f51212.o
                0x0000000000001e88                RNG_IRQHandler
 .text.I2C0_IRQHandler
                0x0000000000001e90        0x8 ./startup/startup_mkv31f51212.o
                0x0000000000001e90                I2C0_IRQHandler
 .text.I2C1_IRQHandler
                0x0000000000001e98        0x8 ./startup/startup_mkv31f51212.o
                0x0000000000001e98                I2C1_IRQHandler
 .text.SPI0_IRQHandler
                0x0000000000001ea0        0x8 ./startup/startup_mkv31f51212.o
                0x0000000000001ea0                SPI0_IRQHandler
 .text.SPI1_IRQHandler
                0x0000000000001ea8        0x8 ./startup/startup_mkv31f51212.o
                0x0000000000001ea8                SPI1_IRQHandler
 .text.Reserved44_IRQHandler
                0x0000000000001eb0        0x8 ./startup/startup_mkv31f51212.o
                0x0000000000001eb0                Reserved44_IRQHandler
 .text.Reserved45_IRQHandler
                0x0000000000001eb8        0x8 ./startup/startup_mkv31f51212.o
                0x0000000000001eb8                Reserved45_IRQHandler
 .text.LPUART0_IRQHandler
                0x0000000000001ec0        0x8 ./startup/startup_mkv31f51212.o
                0x0000000000001ec0                LPUART0_IRQHandler
 .text.UART0_RX_TX_IRQHandler
                0x0000000000001ec8        0x8 ./startup/startup_mkv31f51212.o
                0x0000000000001ec8                UART0_RX_TX_IRQHandler
 .text.UART0_ERR_IRQHandler
                0x0000000000001ed0        0x8 ./startup/startup_mkv31f51212.o
                0x0000000000001ed0                UART0_ERR_IRQHandler
 .text.UART1_RX_TX_IRQHandler
                0x0000000000001ed8        0x8 ./startup/startup_mkv31f51212.o
                0x0000000000001ed8                UART1_RX_TX_IRQHandler
 .text.UART1_ERR_IRQHandler
                0x0000000000001ee0        0x8 ./startup/startup_mkv31f51212.o
                0x0000000000001ee0                UART1_ERR_IRQHandler
 .text.UART2_RX_TX_IRQHandler
                0x0000000000001ee8        0x8 ./startup/startup_mkv31f51212.o
                0x0000000000001ee8                UART2_RX_TX_IRQHandler
 .text.UART2_ERR_IRQHandler
                0x0000000000001ef0        0x8 ./startup/startup_mkv31f51212.o
                0x0000000000001ef0                UART2_ERR_IRQHandler
 .text.Reserved53_IRQHandler
                0x0000000000001ef8        0x8 ./startup/startup_mkv31f51212.o
                0x0000000000001ef8                Reserved53_IRQHandler
 .text.Reserved54_IRQHandler
                0x0000000000001f00        0x8 ./startup/startup_mkv31f51212.o
                0x0000000000001f00                Reserved54_IRQHandler
 .text.ADC0_IRQHandler
                0x0000000000001f08        0x8 ./startup/startup_mkv31f51212.o
                0x0000000000001f08                ADC0_IRQHandler
 .text.CMP0_IRQHandler
                0x0000000000001f10        0x8 ./startup/startup_mkv31f51212.o
                0x0000000000001f10                CMP0_IRQHandler
 .text.CMP1_IRQHandler
                0x0000000000001f18        0x8 ./startup/startup_mkv31f51212.o
                0x0000000000001f18                CMP1_IRQHandler
 .text.FTM0_IRQHandler
                0x0000000000001f20        0x8 ./startup/startup_mkv31f51212.o
                0x0000000000001f20                FTM0_IRQHandler
 .text.FTM1_IRQHandler
                0x0000000000001f28        0x8 ./startup/startup_mkv31f51212.o
                0x0000000000001f28                FTM1_IRQHandler
 .text.FTM2_IRQHandler
                0x0000000000001f30        0x8 ./startup/startup_mkv31f51212.o
                0x0000000000001f30                FTM2_IRQHandler
 .text.Reserved61_IRQHandler
                0x0000000000001f38        0x8 ./startup/startup_mkv31f51212.o
                0x0000000000001f38                Reserved61_IRQHandler
 .text.Reserved62_IRQHandler
                0x0000000000001f40        0x8 ./startup/startup_mkv31f51212.o
                0x0000000000001f40                Reserved62_IRQHandler
 .text.Reserved63_IRQHandler
                0x0000000000001f48        0x8 ./startup/startup_mkv31f51212.o
                0x0000000000001f48                Reserved63_IRQHandler
 .text.PIT0_IRQHandler
                0x0000000000001f50        0x8 ./startup/startup_mkv31f51212.o
                0x0000000000001f50                PIT0_IRQHandler
 .text.PIT1_IRQHandler
                0x0000000000001f58        0x8 ./startup/startup_mkv31f51212.o
                0x0000000000001f58                PIT1_IRQHandler
 .text.PIT2_IRQHandler
                0x0000000000001f60        0x8 ./startup/startup_mkv31f51212.o
                0x0000000000001f60                PIT2_IRQHandler
 .text.PIT3_IRQHandler
                0x0000000000001f68        0x8 ./startup/startup_mkv31f51212.o
                0x0000000000001f68                PIT3_IRQHandler
 .text.PDB0_IRQHandler
                0x0000000000001f70        0x8 ./startup/startup_mkv31f51212.o
                0x0000000000001f70                PDB0_IRQHandler
 .text.Reserved69_IRQHandler
                0x0000000000001f78        0x8 ./startup/startup_mkv31f51212.o
                0x0000000000001f78                Reserved69_IRQHandler
 .text.Reserved70_IRQHandler
                0x0000000000001f80        0x8 ./startup/startup_mkv31f51212.o
                0x0000000000001f80                Reserved70_IRQHandler
 .text.Reserved71_IRQHandler
                0x0000000000001f88        0x8 ./startup/startup_mkv31f51212.o
                0x0000000000001f88                Reserved71_IRQHandler
 .text.DAC0_IRQHandler
                0x0000000000001f90        0x8 ./startup/startup_mkv31f51212.o
                0x0000000000001f90                DAC0_IRQHandler
 .text.MCG_IRQHandler
                0x0000000000001f98        0x8 ./startup/startup_mkv31f51212.o
                0x0000000000001f98                MCG_IRQHandler
 .text.LPTMR0_IRQHandler
                0x0000000000001fa0        0x8 ./startup/startup_mkv31f51212.o
                0x0000000000001fa0                LPTMR0_IRQHandler
 .text.PORTA_IRQHandler
                0x0000000000001fa8        0x8 ./startup/startup_mkv31f51212.o
                0x0000000000001fa8                PORTA_IRQHandler
 .text.PORTB_IRQHandler
                0x0000000000001fb0        0x8 ./startup/startup_mkv31f51212.o
                0x0000000000001fb0                PORTB_IRQHandler
 .text.PORTC_IRQHandler
                0x0000000000001fb8        0x8 ./startup/startup_mkv31f51212.o
                0x0000000000001fb8                PORTC_IRQHandler
 .text.PORTD_IRQHandler
                0x0000000000001fc0        0x8 ./startup/startup_mkv31f51212.o
                0x0000000000001fc0                PORTD_IRQHandler
 .text.PORTE_IRQHandler
                0x0000000000001fc8        0x8 ./startup/startup_mkv31f51212.o
                0x0000000000001fc8                PORTE_IRQHandler
 .text.SWI_IRQHandler
                0x0000000000001fd0        0x8 ./startup/startup_mkv31f51212.o
                0x0000000000001fd0                SWI_IRQHandler
 .text.Reserved81_IRQHandler
                0x0000000000001fd8        0x8 ./startup/startup_mkv31f51212.o
                0x0000000000001fd8                Reserved81_IRQHandler
 .text.Reserved82_IRQHandler
                0x0000000000001fe0        0x8 ./startup/startup_mkv31f51212.o
                0x0000000000001fe0                Reserved82_IRQHandler
 .text.Reserved83_IRQHandler
                0x0000000000001fe8        0x8 ./startup/startup_mkv31f51212.o
                0x0000000000001fe8                Reserved83_IRQHandler
 .text.Reserved84_IRQHandler
                0x0000000000001ff0        0x8 ./startup/startup_mkv31f51212.o
                0x0000000000001ff0                Reserved84_IRQHandler
 .text.Reserved85_IRQHandler
                0x0000000000001ff8        0x8 ./startup/startup_mkv31f51212.o
                0x0000000000001ff8                Reserved85_IRQHandler
 .text.Reserved86_IRQHandler
                0x0000000000002000        0x8 ./startup/startup_mkv31f51212.o
                0x0000000000002000                Reserved86_IRQHandler
 .text.FTM3_IRQHandler
                0x0000000000002008        0x8 ./startup/startup_mkv31f51212.o
                0x0000000000002008                FTM3_IRQHandler
 .text.DAC1_IRQHandler
                0x0000000000002010        0x8 ./startup/startup_mkv31f51212.o
                0x0000000000002010                DAC1_IRQHandler
 .text.ADC1_IRQHandler
                0x0000000000002018        0x8 ./startup/startup_mkv31f51212.o
                0x0000000000002018                ADC1_IRQHandler
 .text.delay    0x0000000000002020       0x2a ./source/UART Polling Bidirectional.o
                0x0000000000002020                delay
 .text.HardFault_Handler
                0x000000000000204a       0x2c ./source/semihost_hardfault.o
                0x000000000000204a                HardFault_Handler
 .text.OSC_SetExtRefClkConfig
                0x0000000000002076       0x40 ./drivers/fsl_clock.o
 .text.OSC_SetCapLoad
                0x00000000000020b6       0x34 ./drivers/fsl_clock.o
 .text.CLOCK_GetPll0RefFreq
                0x00000000000020ea        0xe ./drivers/fsl_clock.o
 .text.CLOCK_GetFixedFreqClkFreq
                0x00000000000020f8       0x34 ./drivers/fsl_clock.o
                0x00000000000020f8                CLOCK_GetFixedFreqClkFreq
 .text.SMC_SetPowerModeHsrun
                0x000000000000212c       0x32 ./drivers/fsl_smc.o
                0x000000000000212c                SMC_SetPowerModeHsrun
 .text.CLOCK_EnableClock
                0x000000000000215e       0x34 ./drivers/fsl_uart.o
 .text.UART_GetStatusFlags
                0x0000000000002192       0x48 ./drivers/fsl_uart.o
                0x0000000000002192                UART_GetStatusFlags
 .text.UART_ClearStatusFlags
                0x00000000000021da       0x80 ./drivers/fsl_uart.o
                0x00000000000021da                UART_ClearStatusFlags
 .text.UART_WriteBlocking
                0x000000000000225a       0x50 ./drivers/fsl_uart.o
                0x000000000000225a                UART_WriteBlocking
 .text.UART0_RX_TX_DriverIRQHandler
                0x00000000000022aa       0x12 ./drivers/fsl_uart.o
                0x00000000000022aa                UART0_RX_TX_DriverIRQHandler
 .text.UART1_RX_TX_DriverIRQHandler
                0x00000000000022bc       0x12 ./drivers/fsl_uart.o
                0x00000000000022bc                UART1_RX_TX_DriverIRQHandler
 .text.UART2_RX_TX_DriverIRQHandler
                0x00000000000022ce       0x12 ./drivers/fsl_uart.o
                0x00000000000022ce                UART2_RX_TX_DriverIRQHandler
 .text.SystemInitHook
                0x00000000000022e0        0xe ./device/system_MKV31F51212.o
                0x00000000000022e0                SystemInitHook
 .text.HAL_UartGetStatus
                0x00000000000022ee       0x22 ./component/uart/fsl_adapter_uart.o
 .text.DisableGlobalIRQ
                0x0000000000002310       0x22 ./component/serial_manager/fsl_component_serial_manager.o
 .text.EnableGlobalIRQ
                0x0000000000002332       0x20 ./component/serial_manager/fsl_component_serial_manager.o
 .text.SerialManager_Init
                0x0000000000002352       0x60 ./component/serial_manager/fsl_component_serial_manager.o
                0x0000000000002352                SerialManager_Init
 .text.SerialManager_OpenWriteHandle
                0x00000000000023b2       0x50 ./component/serial_manager/fsl_component_serial_manager.o
                0x00000000000023b2                SerialManager_OpenWriteHandle
 .text.SerialManager_OpenReadHandle
                0x0000000000002402       0x60 ./component/serial_manager/fsl_component_serial_manager.o
                0x0000000000002402                SerialManager_OpenReadHandle
 .text.Serial_UartInit
                0x0000000000002462       0x3e ./component/serial_manager/fsl_component_serial_port_uart.o
                0x0000000000002462                Serial_UartInit
 .text.BOARD_InitDebugConsole
                0x00000000000024a0       0x22 ./board/board.o
                0x00000000000024a0                BOARD_InitDebugConsole
 .text.SMC_SetPowerModeProtection
                0x00000000000024c2       0x1e ./board/clock_config.o
 .text.SMC_GetPowerModeState
                0x00000000000024e0       0x1a ./board/clock_config.o
 .text.BOARD_InitBootClocks
                0x00000000000024fa        0xc ./board/clock_config.o
                0x00000000000024fa                BOARD_InitBootClocks
 .text.BOARD_InitPeripherals
                0x0000000000002506       0x10 ./board/peripherals.o
                0x0000000000002506                BOARD_InitPeripherals
 .text.BOARD_InitBootPeripherals
                0x0000000000002516        0xc ./board/peripherals.o
                0x0000000000002516                BOARD_InitBootPeripherals
 .text.CLOCK_EnableClock
                0x0000000000002522       0x34 ./board/pin_mux.o
 .text.PORT_SetPinMux
                0x0000000000002556       0x3a ./board/pin_mux.o
 .text.BOARD_InitBootPins
                0x0000000000002590       0x10 ./board/pin_mux.o
                0x0000000000002590                BOARD_InitBootPins
 .text.__main   0x00000000000025a0        0xe /usr/local/mcuxpressoide-11.4.0_6237/ide/plugins/com.nxp.mcuxpresso.tools.linux_11.4.0.202103011116/tools/bin/../lib/gcc/arm-none-eabi/10.2.1/../../../../arm-none-eabi/lib/thumb/v7e-m+fp/hard/libcr_nohost_nf.a(_cr__main.o)
                0x00000000000025a0                __main
 .text.__sys_appexit
                0x00000000000025ae        0x2 /usr/local/mcuxpressoide-11.4.0_6237/ide/plugins/com.nxp.mcuxpresso.tools.linux_11.4.0.202103011116/tools/bin/../lib/gcc/arm-none-eabi/10.2.1/../../../../arm-none-eabi/lib/thumb/v7e-m+fp/hard/libcr_nohost_nf.a(__sys_appexit.o)
                0x00000000000025ae                __exit
                0x00000000000025ae                __sys_appexit
 .text.memset   0x00000000000025b0        0x4 /usr/local/mcuxpressoide-11.4.0_6237/ide/plugins/com.nxp.mcuxpresso.tools.linux_11.4.0.202103011116/tools/bin/../lib/gcc/arm-none-eabi/10.2.1/../../../../arm-none-eabi/lib/thumb/v7e-m+fp/hard/libcr_c.a(memset.o)
                0x00000000000025b0                memset
 .text._deferredlazyseek
                0x00000000000025b4       0x40 /usr/local/mcuxpressoide-11.4.0_6237/ide/plugins/com.nxp.mcuxpresso.tools.linux_11.4.0.202103011116/tools/bin/../lib/gcc/arm-none-eabi/10.2.1/../../../../arm-none-eabi/lib/thumb/v7e-m+fp/hard/libcr_c.a(_deferredlazyseek.o)
                0x00000000000025b4                _deferredlazyseek
 .text.__flsbuf
                0x00000000000025f4      0x140 /usr/local/mcuxpressoide-11.4.0_6237/ide/plugins/com.nxp.mcuxpresso.tools.linux_11.4.0.202103011116/tools/bin/../lib/gcc/arm-none-eabi/10.2.1/../../../../arm-none-eabi/lib/thumb/v7e-m+fp/hard/libcr_c.a(_deferredlazyseek.o)
                0x00000000000025f4                __flsbuf
 .text._fflush  0x0000000000002734       0x52 /usr/local/mcuxpressoide-11.4.0_6237/ide/plugins/com.nxp.mcuxpresso.tools.linux_11.4.0.202103011116/tools/bin/../lib/gcc/arm-none-eabi/10.2.1/../../../../arm-none-eabi/lib/thumb/v7e-m+fp/hard/libcr_c.a(_fflush.o)
                0x0000000000002734                _fflush
 .text.free     0x0000000000002786       0x30 /usr/local/mcuxpressoide-11.4.0_6237/ide/plugins/com.nxp.mcuxpresso.tools.linux_11.4.0.202103011116/tools/bin/../lib/gcc/arm-none-eabi/10.2.1/../../../../arm-none-eabi/lib/thumb/v7e-m+fp/hard/libcr_c.a(alloc.o)
                0x0000000000002786                free
 .text.fputs    0x00000000000027b6       0x2c /usr/local/mcuxpressoide-11.4.0_6237/ide/plugins/com.nxp.mcuxpresso.tools.linux_11.4.0.202103011116/tools/bin/../lib/gcc/arm-none-eabi/10.2.1/../../../../arm-none-eabi/lib/thumb/v7e-m+fp/hard/libcr_c.a(fputs.o)
                0x00000000000027b6                fputs
 .text.setvbuf  0x00000000000027e2       0x3e /usr/local/mcuxpressoide-11.4.0_6237/ide/plugins/com.nxp.mcuxpresso.tools.linux_11.4.0.202103011116/tools/bin/../lib/gcc/arm-none-eabi/10.2.1/../../../../arm-none-eabi/lib/thumb/v7e-m+fp/hard/libcr_c.a(setvbuf.o)
                0x00000000000027e2                setvbuf
 .text.strlen   0x0000000000002820       0x48 /usr/local/mcuxpressoide-11.4.0_6237/ide/plugins/com.nxp.mcuxpresso.tools.linux_11.4.0.202103011116/tools/bin/../lib/gcc/arm-none-eabi/10.2.1/../../../../arm-none-eabi/lib/thumb/v7e-m+fp/hard/libcr_c.a(strlen.o)
                0x0000000000002820                strlen
 .text._fdopen  0x0000000000002868       0x68 /usr/local/mcuxpressoide-11.4.0_6237/ide/plugins/com.nxp.mcuxpresso.tools.linux_11.4.0.202103011116/tools/bin/../lib/gcc/arm-none-eabi/10.2.1/../../../../arm-none-eabi/lib/thumb/v7e-m+fp/hard/libcr_c.a(_fdopen.o)
                0x0000000000002868                _fdopen
 .text.fclose   0x00000000000028d0       0x58 /usr/local/mcuxpressoide-11.4.0_6237/ide/plugins/com.nxp.mcuxpresso.tools.linux_11.4.0.202103011116/tools/bin/../lib/gcc/arm-none-eabi/10.2.1/../../../../arm-none-eabi/lib/thumb/v7e-m+fp/hard/libcr_c.a(fclose.o)
                0x00000000000028d0                fclose
 .text.remove   0x0000000000002928       0x14 /usr/local/mcuxpressoide-11.4.0_6237/ide/plugins/com.nxp.mcuxpresso.tools.linux_11.4.0.202103011116/tools/bin/../lib/gcc/arm-none-eabi/10.2.1/../../../../arm-none-eabi/lib/thumb/v7e-m+fp/hard/libcr_c.a(remove.o)
                0x0000000000002928                remove
 .text._do_fflush
                0x000000000000293c       0x40 /usr/local/mcuxpressoide-11.4.0_6237/ide/plugins/com.nxp.mcuxpresso.tools.linux_11.4.0.202103011116/tools/bin/../lib/gcc/arm-none-eabi/10.2.1/../../../../arm-none-eabi/lib/thumb/v7e-m+fp/hard/libcr_c.a(_do_fflush.o)
                0x000000000000293c                _do_fflush
 .text.__aeabi_memset_lowlevel
                0x000000000000297c       0x32 /usr/local/mcuxpressoide-11.4.0_6237/ide/plugins/com.nxp.mcuxpresso.tools.linux_11.4.0.202103011116/tools/bin/../lib/gcc/arm-none-eabi/10.2.1/thumb/v7e-m+fp/hard/libcr_eabihelpers.a(memcpy.o)
                0x000000000000297c                __aeabi_lowlevel_memset
 .text.__sys_close
                0x00000000000029ae        0x6 /usr/local/mcuxpressoide-11.4.0_6237/ide/plugins/com.nxp.mcuxpresso.tools.linux_11.4.0.202103011116/tools/bin/../lib/gcc/arm-none-eabi/10.2.1/../../../../arm-none-eabi/lib/thumb/v7e-m+fp/hard/libcr_nohost_nf.a(__sys_close.o)
                0x00000000000029ae                __sys_close
 .text.__sys_flen
                0x00000000000029b4        0x6 /usr/local/mcuxpressoide-11.4.0_6237/ide/plugins/com.nxp.mcuxpresso.tools.linux_11.4.0.202103011116/tools/bin/../lib/gcc/arm-none-eabi/10.2.1/../../../../arm-none-eabi/lib/thumb/v7e-m+fp/hard/libcr_nohost_nf.a(__sys_flen.o)
                0x00000000000029b4                __sys_flen
 .text.__sys_istty
                0x00000000000029ba        0x6 /usr/local/mcuxpressoide-11.4.0_6237/ide/plugins/com.nxp.mcuxpresso.tools.linux_11.4.0.202103011116/tools/bin/../lib/gcc/arm-none-eabi/10.2.1/../../../../arm-none-eabi/lib/thumb/v7e-m+fp/hard/libcr_nohost_nf.a(__sys_istty.o)
                0x00000000000029ba                __sys_istty
 .text.__sys_remove
                0x00000000000029c0        0x6 /usr/local/mcuxpressoide-11.4.0_6237/ide/plugins/com.nxp.mcuxpresso.tools.linux_11.4.0.202103011116/tools/bin/../lib/gcc/arm-none-eabi/10.2.1/../../../../arm-none-eabi/lib/thumb/v7e-m+fp/hard/libcr_nohost_nf.a(__sys_remove.o)
                0x00000000000029c0                __sys_remove
 .text.__sys_seek
                0x00000000000029c6        0x6 /usr/local/mcuxpressoide-11.4.0_6237/ide/plugins/com.nxp.mcuxpresso.tools.linux_11.4.0.202103011116/tools/bin/../lib/gcc/arm-none-eabi/10.2.1/../../../../arm-none-eabi/lib/thumb/v7e-m+fp/hard/libcr_nohost_nf.a(__sys_seek.o)
                0x00000000000029c6                __sys_seek
 .text.__sys_tmpnam
                0x00000000000029cc        0x6 /usr/local/mcuxpressoide-11.4.0_6237/ide/plugins/com.nxp.mcuxpresso.tools.linux_11.4.0.202103011116/tools/bin/../lib/gcc/arm-none-eabi/10.2.1/../../../../arm-none-eabi/lib/thumb/v7e-m+fp/hard/libcr_nohost_nf.a(__sys_tmpnam.o)
                0x00000000000029cc                __sys_tmpnam
 .text.__sys_write
                0x00000000000029d2        0x4 /usr/local/mcuxpressoide-11.4.0_6237/ide/plugins/com.nxp.mcuxpresso.tools.linux_11.4.0.202103011116/tools/bin/../lib/gcc/arm-none-eabi/10.2.1/../../../../arm-none-eabi/lib/thumb/v7e-m+fp/hard/libcr_nohost_nf.a(__sys_write.o)
                0x00000000000029d2                __sys_write
 *(SORT_BY_ALIGNMENT(.rodata) SORT_BY_ALIGNMENT(.rodata.*) SORT_BY_ALIGNMENT(.constdata) SORT_BY_ALIGNMENT(.constdata.*))
 *fill*         0x00000000000029d6        0x2 ff
 .rodata.CLOCK_GetMcgExtClkFreq.str1.4
                0x00000000000029d8       0x4e ./drivers/fsl_clock.o
 *fill*         0x0000000000002a26        0x2 ff
 .rodata.CLOCK_GetOsc0ErClkUndivFreq.str1.4
                0x0000000000002a28       0x1f ./drivers/fsl_clock.o
 *fill*         0x0000000000002a47        0x1 ff
 .rodata.CLOCK_GetOsc0ErClkDivFreq.str1.4
                0x0000000000002a48       0x1f ./drivers/fsl_clock.o
 *fill*         0x0000000000002a67        0x1 ff
 .rodata.CLOCK_GetEr32kClkFreq.str1.4
                0x0000000000002a68       0x20 ./drivers/fsl_clock.o
 .rodata.CLOCK_GetPll0Freq.str1.4
                0x0000000000002a88       0x1e ./drivers/fsl_clock.o
 *fill*         0x0000000000002aa6        0x2 ff
 .rodata.CLOCK_EnablePll0.str1.4
                0x0000000000002aa8       0x1b ./drivers/fsl_clock.o
 *fill*         0x0000000000002ac3        0x1 ff
 .rodata.CLOCK_SetPbeMode.str1.4
                0x0000000000002ac4       0x1b ./drivers/fsl_clock.o
 *fill*         0x0000000000002adf        0x1 ff
 .rodata.CLOCK_BootToPeeMode.str1.4
                0x0000000000002ae0       0x1b ./drivers/fsl_clock.o
 *fill*         0x0000000000002afb        0x1 ff
 .rodata.fllFactorTable.1
                0x0000000000002afc       0x10 ./drivers/fsl_clock.o
 .rodata.s_uartBases
                0x0000000000002b0c        0xc ./drivers/fsl_uart.o
 .rodata.s_uartClock
                0x0000000000002b18        0xc ./drivers/fsl_uart.o
 .rodata.UART_GetInstance.str1.4
                0x0000000000002b24       0x2c ./drivers/fsl_uart.o
 .rodata.UART_Init.str1.4
                0x0000000000002b50      0x104 ./drivers/fsl_uart.o
 .rodata.UART_GetDefaultConfig.str1.4
                0x0000000000002c54       0x21 ./drivers/fsl_uart.o
 *fill*         0x0000000000002c75        0x3 ff
 .rodata.UART_ReadBlocking.str1.4
                0x0000000000002c78       0x1f ./drivers/fsl_uart.o
 *fill*         0x0000000000002c97        0x1 ff
 .rodata.s_UartAdapterBase
                0x0000000000002c98        0xc ./component/uart/fsl_adapter_uart.o
 .rodata.HAL_UartInit.str1.4
                0x0000000000002ca4       0xe6 ./component/uart/fsl_adapter_uart.o
 *fill*         0x0000000000002d8a        0x2 ff
 .rodata.mcgConfig_BOARD_BootClockHSRUN
                0x0000000000002d8c        0xb ./board/clock_config.o
                0x0000000000002d8c                mcgConfig_BOARD_BootClockHSRUN
 *fill*         0x0000000000002d97        0x1 ff
 .rodata.simConfig_BOARD_BootClockHSRUN
                0x0000000000002d98        0x8 ./board/clock_config.o
                0x0000000000002d98                simConfig_BOARD_BootClockHSRUN
 .rodata.oscConfig_BOARD_BootClockHSRUN
                0x0000000000002da0        0x8 ./board/clock_config.o
                0x0000000000002da0                oscConfig_BOARD_BootClockHSRUN
 .rodata.UART1_config
                0x0000000000002da8        0xc ./board/peripherals.o
                0x0000000000002da8                UART1_config
 .rodata.UART2_config
                0x0000000000002db4        0xc ./board/peripherals.o
                0x0000000000002db4                UART2_config
 .rodata.PORT_SetPinConfig.str1.4
                0x0000000000002dc0       0x74 ./board/pin_mux.o
 .rodata.__num_Ciob_streams
                0x0000000000002e34        0x4 /usr/local/mcuxpressoide-11.4.0_6237/ide/plugins/com.nxp.mcuxpresso.tools.linux_11.4.0.202103011116/tools/bin/../lib/gcc/arm-none-eabi/10.2.1/../../../../arm-none-eabi/lib/thumb/v7e-m+fp/hard/libcr_nohost_nf.a(__ciob.o)
                0x0000000000002e34                __num_Ciob_streams
 .rodata.__assertion_failed.str1.1
                0x0000000000002e38       0x15 /usr/local/mcuxpressoide-11.4.0_6237/ide/plugins/com.nxp.mcuxpresso.tools.linux_11.4.0.202103011116/tools/bin/../lib/gcc/arm-none-eabi/10.2.1/../../../../arm-none-eabi/lib/thumb/v7e-m+fp/hard/libcr_nohost_nf.a(_cr_assert.o)
 .rodata._Csys_alloc.str1.1
                0x0000000000002e4d       0x18 /usr/local/mcuxpressoide-11.4.0_6237/ide/plugins/com.nxp.mcuxpresso.tools.linux_11.4.0.202103011116/tools/bin/../lib/gcc/arm-none-eabi/10.2.1/../../../../arm-none-eabi/lib/thumb/v7e-m+fp/hard/libcr_c.a(alloc.o)
 .rodata._initio.str1.1
                0x0000000000002e65        0x4 /usr/local/mcuxpressoide-11.4.0_6237/ide/plugins/com.nxp.mcuxpresso.tools.linux_11.4.0.202103011116/tools/bin/../lib/gcc/arm-none-eabi/10.2.1/../../../../arm-none-eabi/lib/thumb/v7e-m+fp/hard/libcr_c.a(initio.o)
                0x0000000000002e6c                . = ALIGN (0x4)
 *fill*         0x0000000000002e69        0x3 ff

.glue_7         0x0000000000002e6c        0x0
 .glue_7        0x0000000000002e6c        0x0 linker stubs

.glue_7t        0x0000000000002e6c        0x0
 .glue_7t       0x0000000000002e6c        0x0 linker stubs

.vfp11_veneer   0x0000000000002e6c        0x0
 .vfp11_veneer  0x0000000000002e6c        0x0 linker stubs

.v4_bx          0x0000000000002e6c        0x0
 .v4_bx         0x0000000000002e6c        0x0 linker stubs

.iplt           0x0000000000002e6c        0x0
 .iplt          0x0000000000002e6c        0x0 ./utilities/fsl_debug_console.o

.rel.dyn        0x0000000000002e6c        0x0
 .rel.iplt      0x0000000000002e6c        0x0 ./utilities/fsl_debug_console.o

.ARM.extab
 *(SORT_BY_ALIGNMENT(.ARM.extab*) SORT_BY_ALIGNMENT(.gnu.linkonce.armextab.*))

.ARM.exidx      0x0000000000002e6c        0x0
                0x0000000000002e6c                __exidx_start = .
 *(SORT_BY_ALIGNMENT(.ARM.exidx*) SORT_BY_ALIGNMENT(.gnu.linkonce.armexidx.*))
                0x0000000000002e6c                __exidx_end = .
                0x0000000000002e6c                _etext = .

.data_RAM2      0x000000001fff8000        0x0 load address 0x0000000000002e6c
 FILL mask 0xff
                [!provide]                        PROVIDE (__start_data_RAM2 = .)
                [!provide]                        PROVIDE (__start_data_SRAM_LOWER = .)
 *(SORT_BY_ALIGNMENT(.ramfunc.$RAM2))
 *(SORT_BY_ALIGNMENT(.ramfunc.$SRAM_LOWER))
 *(SORT_BY_ALIGNMENT(.data.$RAM2))
 *(SORT_BY_ALIGNMENT(.data.$SRAM_LOWER))
 *(SORT_BY_ALIGNMENT(.data.$RAM2.*))
 *(SORT_BY_ALIGNMENT(.data.$SRAM_LOWER.*))
                0x000000001fff8000                . = ALIGN (0x4)
                [!provide]                        PROVIDE (__end_data_RAM2 = .)
                [!provide]                        PROVIDE (__end_data_SRAM_LOWER = .)

.uninit_RESERVED
                0x0000000020000000        0x0
                0x0000000020000000                _start_uninit_RESERVED = .
 *(SORT_BY_ALIGNMENT(.bss.$RESERVED*))
                0x0000000020000000                . = ALIGN (0x4)
                0x0000000020000000                _end_uninit_RESERVED = .

.data           0x0000000020000000       0x30 load address 0x0000000000002e6c
 FILL mask 0xff
                0x0000000020000000                _data = .
                [!provide]                        PROVIDE (__start_data_RAM = .)
                [!provide]                        PROVIDE (__start_data_SRAM_UPPER = .)
 *(SORT_BY_ALIGNMENT(vtable))
 *(SORT_BY_ALIGNMENT(.ramfunc*))
 *(SORT_BY_ALIGNMENT(CodeQuickAccess))
 *(SORT_BY_ALIGNMENT(DataQuickAccess))
 *(SORT_BY_ALIGNMENT(RamFunction))
 *(SORT_BY_ALIGNMENT(.data*))
 .data.txbuff   0x0000000020000000       0x22 ./source/UART Polling Bidirectional.o
                0x0000000020000000                txbuff
 *fill*         0x0000000020000022        0x2 ff
 .data.s_slowIrcFreq
                0x0000000020000024        0x4 ./drivers/fsl_clock.o
 .data.s_fastIrcFreq
                0x0000000020000028        0x4 ./drivers/fsl_clock.o
 .data.SystemCoreClock
                0x000000002000002c        0x4 ./device/system_MKV31F51212.o
                0x000000002000002c                SystemCoreClock
                0x0000000020000030                . = ALIGN (0x4)
                0x0000000020000030                _edata = .
                [!provide]                        PROVIDE (__end_data_RAM = .)
                [!provide]                        PROVIDE (__end_data_SRAM_UPPER = .)

.igot.plt       0x0000000020000030        0x0 load address 0x0000000000002e9c
 .igot.plt      0x0000000020000030        0x0 ./utilities/fsl_debug_console.o

.bss_RAM2       0x000000001fff8000        0x0
                [!provide]                        PROVIDE (__start_bss_RAM2 = .)
                [!provide]                        PROVIDE (__start_bss_SRAM_LOWER = .)
 *(SORT_BY_ALIGNMENT(.bss.$RAM2))
 *(SORT_BY_ALIGNMENT(.bss.$SRAM_LOWER))
 *(SORT_BY_ALIGNMENT(.bss.$RAM2.*))
 *(SORT_BY_ALIGNMENT(.bss.$SRAM_LOWER.*))
                0x000000001fff8000                . = ALIGN ((. != 0x0)?0x4:0x1)
                [!provide]                        PROVIDE (__end_bss_RAM2 = .)
                [!provide]                        PROVIDE (__end_bss_SRAM_LOWER = .)

.bss            0x0000000020000030      0x110
                0x0000000020000030                _bss = .
                [!provide]                        PROVIDE (__start_bss_RAM = .)
                [!provide]                        PROVIDE (__start_bss_SRAM_UPPER = .)
 *(SORT_BY_ALIGNMENT(.bss*))
 .bss.s_debugConsoleState
                0x0000000020000030       0x20 ./utilities/fsl_debug_console.o
 .bss.g_serialHandle
                0x0000000020000050        0x4 ./utilities/fsl_debug_console.o
                0x0000000020000050                g_serialHandle
 .bss.g_xtal0Freq
                0x0000000020000054        0x4 ./drivers/fsl_clock.o
                0x0000000020000054                g_xtal0Freq
 .bss.g_xtal32Freq
                0x0000000020000058        0x4 ./drivers/fsl_clock.o
                0x0000000020000058                g_xtal32Freq
 .bss.s_i2cHandle
                0x000000002000005c        0x8 ./drivers/fsl_i2c.o
 .bss.s_i2cMasterIsr
                0x0000000020000064        0x4 ./drivers/fsl_i2c.o
 .bss.s_i2cSlaveIsr
                0x0000000020000068        0x4 ./drivers/fsl_i2c.o
 .bss.s_uartHandle
                0x000000002000006c        0xc ./drivers/fsl_uart.o
                0x000000002000006c                s_uartHandle
 .bss.s_uartIsr
                0x0000000020000078        0x4 ./drivers/fsl_uart.o
                0x0000000020000078                s_uartIsr
 .bss.__Ciob    0x000000002000007c       0xb4 /usr/local/mcuxpressoide-11.4.0_6237/ide/plugins/com.nxp.mcuxpresso.tools.linux_11.4.0.202103011116/tools/bin/../lib/gcc/arm-none-eabi/10.2.1/../../../../arm-none-eabi/lib/thumb/v7e-m+fp/hard/libcr_nohost_nf.a(__ciob.o)
                0x000000002000007c                __Ciob
 .bss.errno     0x0000000020000130        0x4 /usr/local/mcuxpressoide-11.4.0_6237/ide/plugins/com.nxp.mcuxpresso.tools.linux_11.4.0.202103011116/tools/bin/../lib/gcc/arm-none-eabi/10.2.1/../../../../arm-none-eabi/lib/thumb/v7e-m+fp/hard/libcr_c.a(errno.o)
                0x0000000020000130                errno
 .bss.__end_of_heap
                0x0000000020000134        0x4 /usr/local/mcuxpressoide-11.4.0_6237/ide/plugins/com.nxp.mcuxpresso.tools.linux_11.4.0.202103011116/tools/bin/../lib/gcc/arm-none-eabi/10.2.1/../../../../arm-none-eabi/lib/thumb/v7e-m+fp/hard/libcr_c.a(__init_alloc.o)
                0x0000000020000134                __end_of_heap
 .bss.__heaps   0x0000000020000138        0x4 /usr/local/mcuxpressoide-11.4.0_6237/ide/plugins/com.nxp.mcuxpresso.tools.linux_11.4.0.202103011116/tools/bin/../lib/gcc/arm-none-eabi/10.2.1/../../../../arm-none-eabi/lib/thumb/v7e-m+fp/hard/libcr_c.a(__init_alloc.o)
                0x0000000020000138                __heaps
 .bss.s_debugConsoleReadWaitSemaphore
                0x000000002000013c        0x1 ./utilities/fsl_debug_console.o
 *(SORT_BY_ALIGNMENT(COMMON))
                0x0000000020000140                . = ALIGN (0x4)
 *fill*         0x000000002000013d        0x3 
                0x0000000020000140                _ebss = .
                [!provide]                        PROVIDE (__end_bss_RAM = .)
                [!provide]                        PROVIDE (__end_bss_SRAM_UPPER = .)
                [!provide]                        PROVIDE (end = .)

.noinit_RAM2    0x000000001fff8000        0x0
                [!provide]                        PROVIDE (__start_noinit_RAM2 = .)
                [!provide]                        PROVIDE (__start_noinit_SRAM_LOWER = .)
 *(SORT_BY_ALIGNMENT(.noinit.$RAM2))
 *(SORT_BY_ALIGNMENT(.noinit.$SRAM_LOWER))
 *(SORT_BY_ALIGNMENT(.noinit.$RAM2.*))
 *(SORT_BY_ALIGNMENT(.noinit.$SRAM_LOWER.*))
                0x000000001fff8000                . = ALIGN (0x4)
                [!provide]                        PROVIDE (__end_noinit_RAM2 = .)
                [!provide]                        PROVIDE (__end_noinit_SRAM_LOWER = .)

.noinit         0x0000000020000140        0x0
                0x0000000020000140                _noinit = .
                [!provide]                        PROVIDE (__start_noinit_RAM = .)
                [!provide]                        PROVIDE (__start_noinit_SRAM_UPPER = .)
 *(SORT_BY_ALIGNMENT(.noinit*))
                0x0000000020000140                . = ALIGN (0x4)
                0x0000000020000140                _end_noinit = .
                [!provide]                        PROVIDE (__end_noinit_RAM = .)
                [!provide]                        PROVIDE (__end_noinit_SRAM_UPPER = .)
                0x0000000000001000                _HeapSize = 0x1000

.heap           0x0000000020000140     0x1000
                0x0000000020000140                _pvHeapStart = .
                0x0000000020001140                . = (. + _HeapSize)
 *fill*         0x0000000020000140     0x1000 
                0x0000000020001140                . = ALIGN (0x4)
                0x0000000020001140                _pvHeapLimit = .
                0x0000000000001000                _StackSize = 0x1000

.heap2stackfill
                0x0000000020001140     0x1000
                0x0000000020002140                . = (. + _StackSize)
 *fill*         0x0000000020001140     0x1000 

.stack          0x000000002000f000        0x0
                0x000000002000f000                _vStackBase = .
                0x000000002000f000                . = ALIGN (0x4)
                0x0000000020010000                _vStackTop = (. + _StackSize)
                0x0000000000000000                _image_start = LOADADDR (.text)
                0x0000000000002e9c                _image_end = (LOADADDR (.data) + SIZEOF (.data))
                0x0000000000002e9c                _image_size = (_image_end - _image_start)
OUTPUT(UART Polling Bidirectional.axf elf32-littlearm)
LOAD linker stubs

.debug_info     0x0000000000000000     0xbc51
 .debug_info    0x0000000000000000      0xb58 ./utilities/fsl_debug_console.o
 .debug_info    0x0000000000000b58      0x856 ./startup/startup_mkv31f51212.o
 .debug_info    0x00000000000013ae      0x840 ./source/UART Polling Bidirectional.o
 .debug_info    0x0000000000001bee       0x3c ./source/semihost_hardfault.o
 .debug_info    0x0000000000001c2a     0x1af2 ./drivers/fsl_clock.o
 .debug_info    0x000000000000371c     0x1de9 ./drivers/fsl_i2c.o
 .debug_info    0x0000000000005505      0xb61 ./drivers/fsl_smc.o
 .debug_info    0x0000000000006066     0x1e7e ./drivers/fsl_uart.o
 .debug_info    0x0000000000007ee4      0x63a ./device/system_MKV31F51212.o
 .debug_info    0x000000000000851e      0xae0 ./component/uart/fsl_adapter_uart.o
 .debug_info    0x0000000000008ffe      0x8e1 ./component/serial_manager/fsl_component_serial_manager.o
 .debug_info    0x00000000000098df      0x46b ./component/serial_manager/fsl_component_serial_port_uart.o
 .debug_info    0x0000000000009d4a       0xd0 ./board/board.o
 .debug_info    0x0000000000009e1a      0xc73 ./board/clock_config.o
 .debug_info    0x000000000000aa8d      0x7d7 ./board/peripherals.o
 .debug_info    0x000000000000b264      0x9ed ./board/pin_mux.o

.debug_abbrev   0x0000000000000000     0x20b6
 .debug_abbrev  0x0000000000000000      0x232 ./utilities/fsl_debug_console.o
 .debug_abbrev  0x0000000000000232      0x185 ./startup/startup_mkv31f51212.o
 .debug_abbrev  0x00000000000003b7      0x18c ./source/UART Polling Bidirectional.o
 .debug_abbrev  0x0000000000000543       0x31 ./source/semihost_hardfault.o
 .debug_abbrev  0x0000000000000574      0x350 ./drivers/fsl_clock.o
 .debug_abbrev  0x00000000000008c4      0x363 ./drivers/fsl_i2c.o
 .debug_abbrev  0x0000000000000c27      0x312 ./drivers/fsl_smc.o
 .debug_abbrev  0x0000000000000f39      0x42e ./drivers/fsl_uart.o
 .debug_abbrev  0x0000000000001367      0x148 ./device/system_MKV31F51212.o
 .debug_abbrev  0x00000000000014af      0x1c9 ./component/uart/fsl_adapter_uart.o
 .debug_abbrev  0x0000000000001678      0x23d ./component/serial_manager/fsl_component_serial_manager.o
 .debug_abbrev  0x00000000000018b5      0x167 ./component/serial_manager/fsl_component_serial_port_uart.o
 .debug_abbrev  0x0000000000001a1c       0x85 ./board/board.o
 .debug_abbrev  0x0000000000001aa1      0x23d ./board/clock_config.o
 .debug_abbrev  0x0000000000001cde      0x157 ./board/peripherals.o
 .debug_abbrev  0x0000000000001e35      0x281 ./board/pin_mux.o

.debug_aranges  0x0000000000000000      0xbd0
 .debug_aranges
                0x0000000000000000       0x98 ./utilities/fsl_debug_console.o
 .debug_aranges
                0x0000000000000098      0x2d0 ./startup/startup_mkv31f51212.o
 .debug_aranges
                0x0000000000000368       0x28 ./source/UART Polling Bidirectional.o
 .debug_aranges
                0x0000000000000390       0x20 ./source/semihost_hardfault.o
 .debug_aranges
                0x00000000000003b0      0x1e8 ./drivers/fsl_clock.o
 .debug_aranges
                0x0000000000000598      0x178 ./drivers/fsl_i2c.o
 .debug_aranges
                0x0000000000000710       0x98 ./drivers/fsl_smc.o
 .debug_aranges
                0x00000000000007a8      0x188 ./drivers/fsl_uart.o
 .debug_aranges
                0x0000000000000930       0x30 ./device/system_MKV31F51212.o
 .debug_aranges
                0x0000000000000960       0x50 ./component/uart/fsl_adapter_uart.o
 .debug_aranges
                0x00000000000009b0       0x98 ./component/serial_manager/fsl_component_serial_manager.o
 .debug_aranges
                0x0000000000000a48       0x48 ./component/serial_manager/fsl_component_serial_port_uart.o
 .debug_aranges
                0x0000000000000a90       0x20 ./board/board.o
 .debug_aranges
                0x0000000000000ab0       0x70 ./board/clock_config.o
 .debug_aranges
                0x0000000000000b20       0x38 ./board/peripherals.o
 .debug_aranges
                0x0000000000000b58       0x78 ./board/pin_mux.o

.debug_ranges   0x0000000000000000      0xad0
 .debug_ranges  0x0000000000000000       0x88 ./utilities/fsl_debug_console.o
 .debug_ranges  0x0000000000000088      0x2c0 ./startup/startup_mkv31f51212.o
 .debug_ranges  0x0000000000000348       0x18 ./source/UART Polling Bidirectional.o
 .debug_ranges  0x0000000000000360       0x10 ./source/semihost_hardfault.o
 .debug_ranges  0x0000000000000370      0x1d8 ./drivers/fsl_clock.o
 .debug_ranges  0x0000000000000548      0x168 ./drivers/fsl_i2c.o
 .debug_ranges  0x00000000000006b0       0x88 ./drivers/fsl_smc.o
 .debug_ranges  0x0000000000000738      0x178 ./drivers/fsl_uart.o
 .debug_ranges  0x00000000000008b0       0x20 ./device/system_MKV31F51212.o
 .debug_ranges  0x00000000000008d0       0x40 ./component/uart/fsl_adapter_uart.o
 .debug_ranges  0x0000000000000910       0x88 ./component/serial_manager/fsl_component_serial_manager.o
 .debug_ranges  0x0000000000000998       0x38 ./component/serial_manager/fsl_component_serial_port_uart.o
 .debug_ranges  0x00000000000009d0       0x10 ./board/board.o
 .debug_ranges  0x00000000000009e0       0x60 ./board/clock_config.o
 .debug_ranges  0x0000000000000a40       0x28 ./board/peripherals.o
 .debug_ranges  0x0000000000000a68       0x68 ./board/pin_mux.o

.debug_macro    0x0000000000000000     0xc9a5
 .debug_macro   0x0000000000000000      0x1b9 ./utilities/fsl_debug_console.o
 .debug_macro   0x00000000000001b9      0xaae ./utilities/fsl_debug_console.o
 .debug_macro   0x0000000000000c67       0x10 ./utilities/fsl_debug_console.o
 .debug_macro   0x0000000000000c77       0x16 ./utilities/fsl_debug_console.o
 .debug_macro   0x0000000000000c8d       0x10 ./utilities/fsl_debug_console.o
 .debug_macro   0x0000000000000c9d      0x12e ./utilities/fsl_debug_console.o
 .debug_macro   0x0000000000000dcb       0x28 ./utilities/fsl_debug_console.o
 .debug_macro   0x0000000000000df3       0x16 ./utilities/fsl_debug_console.o
 .debug_macro   0x0000000000000e09       0x22 ./utilities/fsl_debug_console.o
 .debug_macro   0x0000000000000e2b      0x5b3 ./utilities/fsl_debug_console.o
 .debug_macro   0x00000000000013de       0x10 ./utilities/fsl_debug_console.o
 .debug_macro   0x00000000000013ee       0x56 ./utilities/fsl_debug_console.o
 .debug_macro   0x0000000000001444       0x1c ./utilities/fsl_debug_console.o
 .debug_macro   0x0000000000001460       0x22 ./utilities/fsl_debug_console.o
 .debug_macro   0x0000000000001482       0xfb ./utilities/fsl_debug_console.o
 .debug_macro   0x000000000000157d      0xeeb ./utilities/fsl_debug_console.o
 .debug_macro   0x0000000000002468       0x3a ./utilities/fsl_debug_console.o
 .debug_macro   0x00000000000024a2     0x797a ./utilities/fsl_debug_console.o
 .debug_macro   0x0000000000009e1c     0x112a ./utilities/fsl_debug_console.o
 .debug_macro   0x000000000000af46       0x7a ./utilities/fsl_debug_console.o
 .debug_macro   0x000000000000afc0       0xa1 ./utilities/fsl_debug_console.o
 .debug_macro   0x000000000000b061      0x12e ./utilities/fsl_debug_console.o
 .debug_macro   0x000000000000b18f       0x50 ./utilities/fsl_debug_console.o
 .debug_macro   0x000000000000b1df       0x58 ./utilities/fsl_debug_console.o
 .debug_macro   0x000000000000b237       0x40 ./utilities/fsl_debug_console.o
 .debug_macro   0x000000000000b277       0x10 ./utilities/fsl_debug_console.o
 .debug_macro   0x000000000000b287       0x66 ./utilities/fsl_debug_console.o
 .debug_macro   0x000000000000b2ed       0x34 ./utilities/fsl_debug_console.o
 .debug_macro   0x000000000000b321       0x29 ./startup/startup_mkv31f51212.o
 .debug_macro   0x000000000000b34a      0x1cc ./source/UART Polling Bidirectional.o
 .debug_macro   0x000000000000b516       0xd8 ./source/UART Polling Bidirectional.o
 .debug_macro   0x000000000000b5ee       0x22 ./source/UART Polling Bidirectional.o
 .debug_macro   0x000000000000b610       0x16 ./source/UART Polling Bidirectional.o
 .debug_macro   0x000000000000b626       0x16 ./source/UART Polling Bidirectional.o
 .debug_macro   0x000000000000b63c      0x12a ./source/UART Polling Bidirectional.o
 .debug_macro   0x000000000000b766       0x16 ./source/UART Polling Bidirectional.o
 .debug_macro   0x000000000000b77c       0x1c ./source/UART Polling Bidirectional.o
 .debug_macro   0x000000000000b798      0x1e2 ./source/UART Polling Bidirectional.o
 .debug_macro   0x000000000000b97a       0x2e ./source/UART Polling Bidirectional.o
 .debug_macro   0x000000000000b9a8       0x11 ./source/semihost_hardfault.o
 .debug_macro   0x000000000000b9b9      0x1d8 ./drivers/fsl_clock.o
 .debug_macro   0x000000000000bb91       0x1c ./drivers/fsl_clock.o
 .debug_macro   0x000000000000bbad      0x121 ./drivers/fsl_i2c.o
 .debug_macro   0x000000000000bcce       0x1c ./drivers/fsl_i2c.o
 .debug_macro   0x000000000000bcea      0x122 ./drivers/fsl_smc.o
 .debug_macro   0x000000000000be0c      0x127 ./drivers/fsl_uart.o
 .debug_macro   0x000000000000bf33       0x10 ./drivers/fsl_uart.o
 .debug_macro   0x000000000000bf43       0x98 ./device/system_MKV31F51212.o
 .debug_macro   0x000000000000bfdb      0x11e ./component/uart/fsl_adapter_uart.o
 .debug_macro   0x000000000000c0f9       0x40 ./component/uart/fsl_adapter_uart.o
 .debug_macro   0x000000000000c139      0x17e ./component/serial_manager/fsl_component_serial_manager.o
 .debug_macro   0x000000000000c2b7       0x52 ./component/serial_manager/fsl_component_serial_manager.o
 .debug_macro   0x000000000000c309      0x14e ./component/serial_manager/fsl_component_serial_port_uart.o
 .debug_macro   0x000000000000c457      0x168 ./board/board.o
 .debug_macro   0x000000000000c5bf       0x1c ./board/board.o
 .debug_macro   0x000000000000c5db      0x165 ./board/clock_config.o
 .debug_macro   0x000000000000c740      0x128 ./board/peripherals.o
 .debug_macro   0x000000000000c868      0x127 ./board/pin_mux.o
 .debug_macro   0x000000000000c98f       0x16 ./board/pin_mux.o

.debug_line     0x0000000000000000     0x85b7
 .debug_line    0x0000000000000000      0x8d3 ./utilities/fsl_debug_console.o
 .debug_line    0x00000000000008d3      0x7f5 ./startup/startup_mkv31f51212.o
 .debug_line    0x00000000000010c8      0x66f ./source/UART Polling Bidirectional.o
 .debug_line    0x0000000000001737       0x59 ./source/semihost_hardfault.o
 .debug_line    0x0000000000001790     0x145b ./drivers/fsl_clock.o
 .debug_line    0x0000000000002beb     0x13df ./drivers/fsl_i2c.o
 .debug_line    0x0000000000003fca      0x65b ./drivers/fsl_smc.o
 .debug_line    0x0000000000004625     0x13a8 ./drivers/fsl_uart.o
 .debug_line    0x00000000000059cd      0x404 ./device/system_MKV31F51212.o
 .debug_line    0x0000000000005dd1      0x563 ./component/uart/fsl_adapter_uart.o
 .debug_line    0x0000000000006334      0x80c ./component/serial_manager/fsl_component_serial_manager.o
 .debug_line    0x0000000000006b40      0x5c5 ./component/serial_manager/fsl_component_serial_port_uart.o
 .debug_line    0x0000000000007105      0x571 ./board/board.o
 .debug_line    0x0000000000007676      0x53c ./board/clock_config.o
 .debug_line    0x0000000000007bb2      0x411 ./board/peripherals.o
 .debug_line    0x0000000000007fc3      0x5f4 ./board/pin_mux.o

.debug_str      0x0000000000000000    0x51945
 .debug_str     0x0000000000000000    0x4a92a ./utilities/fsl_debug_console.o
                                      0x4aa4b (size before relaxing)
 .debug_str     0x000000000004a92a      0x719 ./startup/startup_mkv31f51212.o
                                       0x3546 (size before relaxing)
 .debug_str     0x000000000004b043     0x194e ./source/UART Polling Bidirectional.o
                                      0x4b809 (size before relaxing)
 .debug_str     0x000000000004c991       0x1f ./source/semihost_hardfault.o
                                       0x2de3 (size before relaxing)
 .debug_str     0x000000000004c9b0     0x17a4 ./drivers/fsl_clock.o
                                      0x4adb4 (size before relaxing)
 .debug_str     0x000000000004e154     0x13ee ./drivers/fsl_i2c.o
                                      0x4a911 (size before relaxing)
 .debug_str     0x000000000004f542      0x4ce ./drivers/fsl_smc.o
                                      0x49931 (size before relaxing)
 .debug_str     0x000000000004fa10      0xb66 ./drivers/fsl_uart.o
                                      0x4aae0 (size before relaxing)
 .debug_str     0x0000000000050576       0xd7 ./device/system_MKV31F51212.o
                                      0x47526 (size before relaxing)
 .debug_str     0x000000000005064d      0x2ec ./component/uart/fsl_adapter_uart.o
                                      0x49b93 (size before relaxing)
 .debug_str     0x0000000000050939      0x401 ./component/serial_manager/fsl_component_serial_manager.o
                                      0x49b4e (size before relaxing)
 .debug_str     0x0000000000050d3a      0x106 ./component/serial_manager/fsl_component_serial_port_uart.o
                                      0x498ff (size before relaxing)
 .debug_str     0x0000000000050e40       0x37 ./board/board.o
                                      0x49f2c (size before relaxing)
 .debug_str     0x0000000000050e77      0x473 ./board/clock_config.o
                                      0x49d74 (size before relaxing)
 .debug_str     0x00000000000512ea       0x77 ./board/peripherals.o
                                      0x498af (size before relaxing)
 .debug_str     0x0000000000051361      0x5e4 ./board/pin_mux.o
                                      0x49c51 (size before relaxing)

.comment        0x0000000000000000       0x4d
 .comment       0x0000000000000000       0x4d ./utilities/fsl_debug_console.o
                                         0x4e (size before relaxing)
 .comment       0x000000000000004d       0x4e ./startup/startup_mkv31f51212.o
 .comment       0x000000000000004d       0x4e ./source/UART Polling Bidirectional.o
 .comment       0x000000000000004d       0x4e ./source/semihost_hardfault.o
 .comment       0x000000000000004d       0x4e ./drivers/fsl_clock.o
 .comment       0x000000000000004d       0x4e ./drivers/fsl_i2c.o
 .comment       0x000000000000004d       0x4e ./drivers/fsl_smc.o
 .comment       0x000000000000004d       0x4e ./drivers/fsl_uart.o
 .comment       0x000000000000004d       0x4e ./device/system_MKV31F51212.o
 .comment       0x000000000000004d       0x4e ./component/uart/fsl_adapter_uart.o
 .comment       0x000000000000004d       0x4e ./component/serial_manager/fsl_component_serial_manager.o
 .comment       0x000000000000004d       0x4e ./component/serial_manager/fsl_component_serial_port_uart.o
 .comment       0x000000000000004d       0x4e ./board/board.o
 .comment       0x000000000000004d       0x4e ./board/clock_config.o
 .comment       0x000000000000004d       0x4e ./board/peripherals.o
 .comment       0x000000000000004d       0x4e ./board/pin_mux.o
 .comment       0x000000000000004d       0x4e /usr/local/mcuxpressoide-11.4.0_6237/ide/plugins/com.nxp.mcuxpresso.tools.linux_11.4.0.202103011116/tools/bin/../lib/gcc/arm-none-eabi/10.2.1/../../../../arm-none-eabi/lib/thumb/v7e-m+fp/hard/libcr_nohost_nf.a(_cr__main.o)
 .comment       0x000000000000004d       0x4e /usr/local/mcuxpressoide-11.4.0_6237/ide/plugins/com.nxp.mcuxpresso.tools.linux_11.4.0.202103011116/tools/bin/../lib/gcc/arm-none-eabi/10.2.1/../../../../arm-none-eabi/lib/thumb/v7e-m+fp/hard/libcr_nohost_nf.a(_cr_assert.o)
 .comment       0x000000000000004d       0x4e /usr/local/mcuxpressoide-11.4.0_6237/ide/plugins/com.nxp.mcuxpresso.tools.linux_11.4.0.202103011116/tools/bin/../lib/gcc/arm-none-eabi/10.2.1/../../../../arm-none-eabi/lib/thumb/v7e-m+fp/hard/libcr_nohost_nf.a(__ciob.o)
 .comment       0x000000000000004d       0x4e /usr/local/mcuxpressoide-11.4.0_6237/ide/plugins/com.nxp.mcuxpresso.tools.linux_11.4.0.202103011116/tools/bin/../lib/gcc/arm-none-eabi/10.2.1/../../../../arm-none-eabi/lib/thumb/v7e-m+fp/hard/libcr_nohost_nf.a(__sys_appexit.o)
 .comment       0x000000000000004d       0x4e /usr/local/mcuxpressoide-11.4.0_6237/ide/plugins/com.nxp.mcuxpresso.tools.linux_11.4.0.202103011116/tools/bin/../lib/gcc/arm-none-eabi/10.2.1/../../../../arm-none-eabi/lib/thumb/v7e-m+fp/hard/libcr_c.a(memset.o)
 .comment       0x000000000000004d       0x4e /usr/local/mcuxpressoide-11.4.0_6237/ide/plugins/com.nxp.mcuxpresso.tools.linux_11.4.0.202103011116/tools/bin/../lib/gcc/arm-none-eabi/10.2.1/../../../../arm-none-eabi/lib/thumb/v7e-m+fp/hard/libcr_c.a(_deferredlazyseek.o)
 .comment       0x000000000000004d       0x4e /usr/local/mcuxpressoide-11.4.0_6237/ide/plugins/com.nxp.mcuxpresso.tools.linux_11.4.0.202103011116/tools/bin/../lib/gcc/arm-none-eabi/10.2.1/../../../../arm-none-eabi/lib/thumb/v7e-m+fp/hard/libcr_c.a(_fflush.o)
 .comment       0x000000000000004d       0x4e /usr/local/mcuxpressoide-11.4.0_6237/ide/plugins/com.nxp.mcuxpresso.tools.linux_11.4.0.202103011116/tools/bin/../lib/gcc/arm-none-eabi/10.2.1/../../../../arm-none-eabi/lib/thumb/v7e-m+fp/hard/libcr_c.a(_writebuf.o)
 .comment       0x000000000000004d       0x4e /usr/local/mcuxpressoide-11.4.0_6237/ide/plugins/com.nxp.mcuxpresso.tools.linux_11.4.0.202103011116/tools/bin/../lib/gcc/arm-none-eabi/10.2.1/../../../../arm-none-eabi/lib/thumb/v7e-m+fp/hard/libcr_c.a(alloc.o)
 .comment       0x000000000000004d       0x4e /usr/local/mcuxpressoide-11.4.0_6237/ide/plugins/com.nxp.mcuxpresso.tools.linux_11.4.0.202103011116/tools/bin/../lib/gcc/arm-none-eabi/10.2.1/../../../../arm-none-eabi/lib/thumb/v7e-m+fp/hard/libcr_c.a(errno.o)
 .comment       0x000000000000004d       0x4e /usr/local/mcuxpressoide-11.4.0_6237/ide/plugins/com.nxp.mcuxpresso.tools.linux_11.4.0.202103011116/tools/bin/../lib/gcc/arm-none-eabi/10.2.1/../../../../arm-none-eabi/lib/thumb/v7e-m+fp/hard/libcr_c.a(fputs.o)
 .comment       0x000000000000004d       0x4e /usr/local/mcuxpressoide-11.4.0_6237/ide/plugins/com.nxp.mcuxpresso.tools.linux_11.4.0.202103011116/tools/bin/../lib/gcc/arm-none-eabi/10.2.1/../../../../arm-none-eabi/lib/thumb/v7e-m+fp/hard/libcr_c.a(fseek.o)
 .comment       0x000000000000004d       0x4e /usr/local/mcuxpressoide-11.4.0_6237/ide/plugins/com.nxp.mcuxpresso.tools.linux_11.4.0.202103011116/tools/bin/../lib/gcc/arm-none-eabi/10.2.1/../../../../arm-none-eabi/lib/thumb/v7e-m+fp/hard/libcr_c.a(ftell.o)
 .comment       0x000000000000004d       0x4e /usr/local/mcuxpressoide-11.4.0_6237/ide/plugins/com.nxp.mcuxpresso.tools.linux_11.4.0.202103011116/tools/bin/../lib/gcc/arm-none-eabi/10.2.1/../../../../arm-none-eabi/lib/thumb/v7e-m+fp/hard/libcr_c.a(initio.o)
 .comment       0x000000000000004d       0x4e /usr/local/mcuxpressoide-11.4.0_6237/ide/plugins/com.nxp.mcuxpresso.tools.linux_11.4.0.202103011116/tools/bin/../lib/gcc/arm-none-eabi/10.2.1/../../../../arm-none-eabi/lib/thumb/v7e-m+fp/hard/libcr_c.a(setvbuf.o)
 .comment       0x000000000000004d       0x4e /usr/local/mcuxpressoide-11.4.0_6237/ide/plugins/com.nxp.mcuxpresso.tools.linux_11.4.0.202103011116/tools/bin/../lib/gcc/arm-none-eabi/10.2.1/../../../../arm-none-eabi/lib/thumb/v7e-m+fp/hard/libcr_c.a(strlen.o)
 .comment       0x000000000000004d       0x4e /usr/local/mcuxpressoide-11.4.0_6237/ide/plugins/com.nxp.mcuxpresso.tools.linux_11.4.0.202103011116/tools/bin/../lib/gcc/arm-none-eabi/10.2.1/../../../../arm-none-eabi/lib/thumb/v7e-m+fp/hard/libcr_c.a(__init_alloc.o)
 .comment       0x000000000000004d       0x4e /usr/local/mcuxpressoide-11.4.0_6237/ide/plugins/com.nxp.mcuxpresso.tools.linux_11.4.0.202103011116/tools/bin/../lib/gcc/arm-none-eabi/10.2.1/../../../../arm-none-eabi/lib/thumb/v7e-m+fp/hard/libcr_c.a(_cr_sbrk.o)
 .comment       0x000000000000004d       0x4e /usr/local/mcuxpressoide-11.4.0_6237/ide/plugins/com.nxp.mcuxpresso.tools.linux_11.4.0.202103011116/tools/bin/../lib/gcc/arm-none-eabi/10.2.1/../../../../arm-none-eabi/lib/thumb/v7e-m+fp/hard/libcr_c.a(_fdopen.o)
 .comment       0x000000000000004d       0x4e /usr/local/mcuxpressoide-11.4.0_6237/ide/plugins/com.nxp.mcuxpresso.tools.linux_11.4.0.202103011116/tools/bin/../lib/gcc/arm-none-eabi/10.2.1/../../../../arm-none-eabi/lib/thumb/v7e-m+fp/hard/libcr_c.a(fclose.o)
 .comment       0x000000000000004d       0x4e /usr/local/mcuxpressoide-11.4.0_6237/ide/plugins/com.nxp.mcuxpresso.tools.linux_11.4.0.202103011116/tools/bin/../lib/gcc/arm-none-eabi/10.2.1/../../../../arm-none-eabi/lib/thumb/v7e-m+fp/hard/libcr_c.a(fflush.o)
 .comment       0x000000000000004d       0x4e /usr/local/mcuxpressoide-11.4.0_6237/ide/plugins/com.nxp.mcuxpresso.tools.linux_11.4.0.202103011116/tools/bin/../lib/gcc/arm-none-eabi/10.2.1/../../../../arm-none-eabi/lib/thumb/v7e-m+fp/hard/libcr_c.a(remove.o)
 .comment       0x000000000000004d       0x4e /usr/local/mcuxpressoide-11.4.0_6237/ide/plugins/com.nxp.mcuxpresso.tools.linux_11.4.0.202103011116/tools/bin/../lib/gcc/arm-none-eabi/10.2.1/../../../../arm-none-eabi/lib/thumb/v7e-m+fp/hard/libcr_c.a(_cr_check_heap.o)
 .comment       0x000000000000004d       0x4e /usr/local/mcuxpressoide-11.4.0_6237/ide/plugins/com.nxp.mcuxpresso.tools.linux_11.4.0.202103011116/tools/bin/../lib/gcc/arm-none-eabi/10.2.1/../../../../arm-none-eabi/lib/thumb/v7e-m+fp/hard/libcr_c.a(_do_fflush.o)
 .comment       0x000000000000004d       0x4e /usr/local/mcuxpressoide-11.4.0_6237/ide/plugins/com.nxp.mcuxpresso.tools.linux_11.4.0.202103011116/tools/bin/../lib/gcc/arm-none-eabi/10.2.1/../../../../arm-none-eabi/lib/thumb/v7e-m+fp/hard/libcr_nohost_nf.a(__sys_close.o)
 .comment       0x000000000000004d       0x4e /usr/local/mcuxpressoide-11.4.0_6237/ide/plugins/com.nxp.mcuxpresso.tools.linux_11.4.0.202103011116/tools/bin/../lib/gcc/arm-none-eabi/10.2.1/../../../../arm-none-eabi/lib/thumb/v7e-m+fp/hard/libcr_nohost_nf.a(__sys_flen.o)
 .comment       0x000000000000004d       0x4e /usr/local/mcuxpressoide-11.4.0_6237/ide/plugins/com.nxp.mcuxpresso.tools.linux_11.4.0.202103011116/tools/bin/../lib/gcc/arm-none-eabi/10.2.1/../../../../arm-none-eabi/lib/thumb/v7e-m+fp/hard/libcr_nohost_nf.a(__sys_istty.o)
 .comment       0x000000000000004d       0x4e /usr/local/mcuxpressoide-11.4.0_6237/ide/plugins/com.nxp.mcuxpresso.tools.linux_11.4.0.202103011116/tools/bin/../lib/gcc/arm-none-eabi/10.2.1/../../../../arm-none-eabi/lib/thumb/v7e-m+fp/hard/libcr_nohost_nf.a(__sys_remove.o)
 .comment       0x000000000000004d       0x4e /usr/local/mcuxpressoide-11.4.0_6237/ide/plugins/com.nxp.mcuxpresso.tools.linux_11.4.0.202103011116/tools/bin/../lib/gcc/arm-none-eabi/10.2.1/../../../../arm-none-eabi/lib/thumb/v7e-m+fp/hard/libcr_nohost_nf.a(__sys_seek.o)
 .comment       0x000000000000004d       0x4e /usr/local/mcuxpressoide-11.4.0_6237/ide/plugins/com.nxp.mcuxpresso.tools.linux_11.4.0.202103011116/tools/bin/../lib/gcc/arm-none-eabi/10.2.1/../../../../arm-none-eabi/lib/thumb/v7e-m+fp/hard/libcr_nohost_nf.a(__sys_tmpnam.o)
 .comment       0x000000000000004d       0x4e /usr/local/mcuxpressoide-11.4.0_6237/ide/plugins/com.nxp.mcuxpresso.tools.linux_11.4.0.202103011116/tools/bin/../lib/gcc/arm-none-eabi/10.2.1/../../../../arm-none-eabi/lib/thumb/v7e-m+fp/hard/libcr_nohost_nf.a(__sys_write.o)

.ARM.attributes
                0x0000000000000000       0x32
 .ARM.attributes
                0x0000000000000000       0x34 ./utilities/fsl_debug_console.o
 .ARM.attributes
                0x0000000000000034       0x34 ./startup/startup_mkv31f51212.o
 .ARM.attributes
                0x0000000000000068       0x34 ./source/UART Polling Bidirectional.o
 .ARM.attributes
                0x000000000000009c       0x34 ./source/semihost_hardfault.o
 .ARM.attributes
                0x00000000000000d0       0x34 ./drivers/fsl_clock.o
 .ARM.attributes
                0x0000000000000104       0x34 ./drivers/fsl_i2c.o
 .ARM.attributes
                0x0000000000000138       0x34 ./drivers/fsl_smc.o
 .ARM.attributes
                0x000000000000016c       0x34 ./drivers/fsl_uart.o
 .ARM.attributes
                0x00000000000001a0       0x34 ./device/system_MKV31F51212.o
 .ARM.attributes
                0x00000000000001d4       0x34 ./component/uart/fsl_adapter_uart.o
 .ARM.attributes
                0x0000000000000208       0x34 ./component/serial_manager/fsl_component_serial_manager.o
 .ARM.attributes
                0x000000000000023c       0x34 ./component/serial_manager/fsl_component_serial_port_uart.o
 .ARM.attributes
                0x0000000000000270       0x34 ./board/board.o
 .ARM.attributes
                0x00000000000002a4       0x34 ./board/clock_config.o
 .ARM.attributes
                0x00000000000002d8       0x34 ./board/peripherals.o
 .ARM.attributes
                0x000000000000030c       0x34 ./board/pin_mux.o
 .ARM.attributes
                0x0000000000000340       0x34 /usr/local/mcuxpressoide-11.4.0_6237/ide/plugins/com.nxp.mcuxpresso.tools.linux_11.4.0.202103011116/tools/bin/../lib/gcc/arm-none-eabi/10.2.1/../../../../arm-none-eabi/lib/thumb/v7e-m+fp/hard/libcr_nohost_nf.a(_cr__main.o)
 .ARM.attributes
                0x0000000000000374       0x34 /usr/local/mcuxpressoide-11.4.0_6237/ide/plugins/com.nxp.mcuxpresso.tools.linux_11.4.0.202103011116/tools/bin/../lib/gcc/arm-none-eabi/10.2.1/../../../../arm-none-eabi/lib/thumb/v7e-m+fp/hard/libcr_nohost_nf.a(_cr_assert.o)
 .ARM.attributes
                0x00000000000003a8       0x39 /usr/local/mcuxpressoide-11.4.0_6237/ide/plugins/com.nxp.mcuxpresso.tools.linux_11.4.0.202103011116/tools/bin/../lib/gcc/arm-none-eabi/10.2.1/../../../../arm-none-eabi/lib/thumb/v7e-m+fp/hard/libcr_nohost_nf.a(__ciob.o)
 .ARM.attributes
                0x00000000000003e1       0x34 /usr/local/mcuxpressoide-11.4.0_6237/ide/plugins/com.nxp.mcuxpresso.tools.linux_11.4.0.202103011116/tools/bin/../lib/gcc/arm-none-eabi/10.2.1/../../../../arm-none-eabi/lib/thumb/v7e-m+fp/hard/libcr_nohost_nf.a(__sys_appexit.o)
 .ARM.attributes
                0x0000000000000415       0x34 /usr/local/mcuxpressoide-11.4.0_6237/ide/plugins/com.nxp.mcuxpresso.tools.linux_11.4.0.202103011116/tools/bin/../lib/gcc/arm-none-eabi/10.2.1/../../../../arm-none-eabi/lib/thumb/v7e-m+fp/hard/libcr_c.a(memset.o)
 .ARM.attributes
                0x0000000000000449       0x34 /usr/local/mcuxpressoide-11.4.0_6237/ide/plugins/com.nxp.mcuxpresso.tools.linux_11.4.0.202103011116/tools/bin/../lib/gcc/arm-none-eabi/10.2.1/../../../../arm-none-eabi/lib/thumb/v7e-m+fp/hard/libcr_c.a(_deferredlazyseek.o)
 .ARM.attributes
                0x000000000000047d       0x34 /usr/local/mcuxpressoide-11.4.0_6237/ide/plugins/com.nxp.mcuxpresso.tools.linux_11.4.0.202103011116/tools/bin/../lib/gcc/arm-none-eabi/10.2.1/../../../../arm-none-eabi/lib/thumb/v7e-m+fp/hard/libcr_c.a(_fflush.o)
 .ARM.attributes
                0x00000000000004b1       0x34 /usr/local/mcuxpressoide-11.4.0_6237/ide/plugins/com.nxp.mcuxpresso.tools.linux_11.4.0.202103011116/tools/bin/../lib/gcc/arm-none-eabi/10.2.1/../../../../arm-none-eabi/lib/thumb/v7e-m+fp/hard/libcr_c.a(_writebuf.o)
 .ARM.attributes
                0x00000000000004e5       0x34 /usr/local/mcuxpressoide-11.4.0_6237/ide/plugins/com.nxp.mcuxpresso.tools.linux_11.4.0.202103011116/tools/bin/../lib/gcc/arm-none-eabi/10.2.1/../../../../arm-none-eabi/lib/thumb/v7e-m+fp/hard/libcr_c.a(alloc.o)
 .ARM.attributes
                0x0000000000000519       0x39 /usr/local/mcuxpressoide-11.4.0_6237/ide/plugins/com.nxp.mcuxpresso.tools.linux_11.4.0.202103011116/tools/bin/../lib/gcc/arm-none-eabi/10.2.1/../../../../arm-none-eabi/lib/thumb/v7e-m+fp/hard/libcr_c.a(errno.o)
 .ARM.attributes
                0x0000000000000552       0x34 /usr/local/mcuxpressoide-11.4.0_6237/ide/plugins/com.nxp.mcuxpresso.tools.linux_11.4.0.202103011116/tools/bin/../lib/gcc/arm-none-eabi/10.2.1/../../../../arm-none-eabi/lib/thumb/v7e-m+fp/hard/libcr_c.a(fputs.o)
 .ARM.attributes
                0x0000000000000586       0x34 /usr/local/mcuxpressoide-11.4.0_6237/ide/plugins/com.nxp.mcuxpresso.tools.linux_11.4.0.202103011116/tools/bin/../lib/gcc/arm-none-eabi/10.2.1/../../../../arm-none-eabi/lib/thumb/v7e-m+fp/hard/libcr_c.a(fseek.o)
 .ARM.attributes
                0x00000000000005ba       0x34 /usr/local/mcuxpressoide-11.4.0_6237/ide/plugins/com.nxp.mcuxpresso.tools.linux_11.4.0.202103011116/tools/bin/../lib/gcc/arm-none-eabi/10.2.1/../../../../arm-none-eabi/lib/thumb/v7e-m+fp/hard/libcr_c.a(ftell.o)
 .ARM.attributes
                0x00000000000005ee       0x34 /usr/local/mcuxpressoide-11.4.0_6237/ide/plugins/com.nxp.mcuxpresso.tools.linux_11.4.0.202103011116/tools/bin/../lib/gcc/arm-none-eabi/10.2.1/../../../../arm-none-eabi/lib/thumb/v7e-m+fp/hard/libcr_c.a(initio.o)
 .ARM.attributes
                0x0000000000000622       0x34 /usr/local/mcuxpressoide-11.4.0_6237/ide/plugins/com.nxp.mcuxpresso.tools.linux_11.4.0.202103011116/tools/bin/../lib/gcc/arm-none-eabi/10.2.1/../../../../arm-none-eabi/lib/thumb/v7e-m+fp/hard/libcr_c.a(setvbuf.o)
 .ARM.attributes
                0x0000000000000656       0x34 /usr/local/mcuxpressoide-11.4.0_6237/ide/plugins/com.nxp.mcuxpresso.tools.linux_11.4.0.202103011116/tools/bin/../lib/gcc/arm-none-eabi/10.2.1/../../../../arm-none-eabi/lib/thumb/v7e-m+fp/hard/libcr_c.a(strlen.o)
 .ARM.attributes
                0x000000000000068a       0x34 /usr/local/mcuxpressoide-11.4.0_6237/ide/plugins/com.nxp.mcuxpresso.tools.linux_11.4.0.202103011116/tools/bin/../lib/gcc/arm-none-eabi/10.2.1/../../../../arm-none-eabi/lib/thumb/v7e-m+fp/hard/libcr_c.a(__init_alloc.o)
 .ARM.attributes
                0x00000000000006be       0x34 /usr/local/mcuxpressoide-11.4.0_6237/ide/plugins/com.nxp.mcuxpresso.tools.linux_11.4.0.202103011116/tools/bin/../lib/gcc/arm-none-eabi/10.2.1/../../../../arm-none-eabi/lib/thumb/v7e-m+fp/hard/libcr_c.a(_cr_sbrk.o)
 .ARM.attributes
                0x00000000000006f2       0x34 /usr/local/mcuxpressoide-11.4.0_6237/ide/plugins/com.nxp.mcuxpresso.tools.linux_11.4.0.202103011116/tools/bin/../lib/gcc/arm-none-eabi/10.2.1/../../../../arm-none-eabi/lib/thumb/v7e-m+fp/hard/libcr_c.a(_fdopen.o)
 .ARM.attributes
                0x0000000000000726       0x34 /usr/local/mcuxpressoide-11.4.0_6237/ide/plugins/com.nxp.mcuxpresso.tools.linux_11.4.0.202103011116/tools/bin/../lib/gcc/arm-none-eabi/10.2.1/../../../../arm-none-eabi/lib/thumb/v7e-m+fp/hard/libcr_c.a(fclose.o)
 .ARM.attributes
                0x000000000000075a       0x34 /usr/local/mcuxpressoide-11.4.0_6237/ide/plugins/com.nxp.mcuxpresso.tools.linux_11.4.0.202103011116/tools/bin/../lib/gcc/arm-none-eabi/10.2.1/../../../../arm-none-eabi/lib/thumb/v7e-m+fp/hard/libcr_c.a(fflush.o)
 .ARM.attributes
                0x000000000000078e       0x34 /usr/local/mcuxpressoide-11.4.0_6237/ide/plugins/com.nxp.mcuxpresso.tools.linux_11.4.0.202103011116/tools/bin/../lib/gcc/arm-none-eabi/10.2.1/../../../../arm-none-eabi/lib/thumb/v7e-m+fp/hard/libcr_c.a(remove.o)
 .ARM.attributes
                0x00000000000007c2       0x34 /usr/local/mcuxpressoide-11.4.0_6237/ide/plugins/com.nxp.mcuxpresso.tools.linux_11.4.0.202103011116/tools/bin/../lib/gcc/arm-none-eabi/10.2.1/../../../../arm-none-eabi/lib/thumb/v7e-m+fp/hard/libcr_c.a(_cr_check_heap.o)
 .ARM.attributes
                0x00000000000007f6       0x34 /usr/local/mcuxpressoide-11.4.0_6237/ide/plugins/com.nxp.mcuxpresso.tools.linux_11.4.0.202103011116/tools/bin/../lib/gcc/arm-none-eabi/10.2.1/../../../../arm-none-eabi/lib/thumb/v7e-m+fp/hard/libcr_c.a(_do_fflush.o)
 .ARM.attributes
                0x000000000000082a       0x20 /usr/local/mcuxpressoide-11.4.0_6237/ide/plugins/com.nxp.mcuxpresso.tools.linux_11.4.0.202103011116/tools/bin/../lib/gcc/arm-none-eabi/10.2.1/thumb/v7e-m+fp/hard/libcr_eabihelpers.a(memcpy.o)
 .ARM.attributes
                0x000000000000084a       0x34 /usr/local/mcuxpressoide-11.4.0_6237/ide/plugins/com.nxp.mcuxpresso.tools.linux_11.4.0.202103011116/tools/bin/../lib/gcc/arm-none-eabi/10.2.1/../../../../arm-none-eabi/lib/thumb/v7e-m+fp/hard/libcr_nohost_nf.a(__sys_close.o)
 .ARM.attributes
                0x000000000000087e       0x34 /usr/local/mcuxpressoide-11.4.0_6237/ide/plugins/com.nxp.mcuxpresso.tools.linux_11.4.0.202103011116/tools/bin/../lib/gcc/arm-none-eabi/10.2.1/../../../../arm-none-eabi/lib/thumb/v7e-m+fp/hard/libcr_nohost_nf.a(__sys_flen.o)
 .ARM.attributes
                0x00000000000008b2       0x34 /usr/local/mcuxpressoide-11.4.0_6237/ide/plugins/com.nxp.mcuxpresso.tools.linux_11.4.0.202103011116/tools/bin/../lib/gcc/arm-none-eabi/10.2.1/../../../../arm-none-eabi/lib/thumb/v7e-m+fp/hard/libcr_nohost_nf.a(__sys_istty.o)
 .ARM.attributes
                0x00000000000008e6       0x34 /usr/local/mcuxpressoide-11.4.0_6237/ide/plugins/com.nxp.mcuxpresso.tools.linux_11.4.0.202103011116/tools/bin/../lib/gcc/arm-none-eabi/10.2.1/../../../../arm-none-eabi/lib/thumb/v7e-m+fp/hard/libcr_nohost_nf.a(__sys_remove.o)
 .ARM.attributes
                0x000000000000091a       0x34 /usr/local/mcuxpressoide-11.4.0_6237/ide/plugins/com.nxp.mcuxpresso.tools.linux_11.4.0.202103011116/tools/bin/../lib/gcc/arm-none-eabi/10.2.1/../../../../arm-none-eabi/lib/thumb/v7e-m+fp/hard/libcr_nohost_nf.a(__sys_seek.o)
 .ARM.attributes
                0x000000000000094e       0x34 /usr/local/mcuxpressoide-11.4.0_6237/ide/plugins/com.nxp.mcuxpresso.tools.linux_11.4.0.202103011116/tools/bin/../lib/gcc/arm-none-eabi/10.2.1/../../../../arm-none-eabi/lib/thumb/v7e-m+fp/hard/libcr_nohost_nf.a(__sys_tmpnam.o)
 .ARM.attributes