Archive member included to satisfy reference by file (symbol)

/usr/local/mcuxpressoide-11.4.0_6237/ide/plugins/com.nxp.mcuxpresso.tools.linux_11.4.0.202103011116/tools/bin/../lib/gcc/arm-none-eabi/10.2.1/../../../../arm-none-eabi/lib/thumb/v7e-m+fp/hard/libcr_semihost_nf.a(_cr__main.o)
                              ./startup/startup_mkv31f51212.o (__main)
/usr/local/mcuxpressoide-11.4.0_6237/ide/plugins/com.nxp.mcuxpresso.tools.linux_11.4.0.202103011116/tools/bin/../lib/gcc/arm-none-eabi/10.2.1/../../../../arm-none-eabi/lib/thumb/v7e-m+fp/hard/libcr_semihost_nf.a(_cr_assert.o)
                              ./drivers/fsl_clock.o (__assertion_failed)
/usr/local/mcuxpressoide-11.4.0_6237/ide/plugins/com.nxp.mcuxpresso.tools.linux_11.4.0.202103011116/tools/bin/../lib/gcc/arm-none-eabi/10.2.1/../../../../arm-none-eabi/lib/thumb/v7e-m+fp/hard/libcr_semihost_nf.a(__ciob.o)
                              /usr/local/mcuxpressoide-11.4.0_6237/ide/plugins/com.nxp.mcuxpresso.tools.linux_11.4.0.202103011116/tools/bin/../lib/gcc/arm-none-eabi/10.2.1/../../../../arm-none-eabi/lib/thumb/v7e-m+fp/hard/libcr_semihost_nf.a(_cr_assert.o) (__Ciob)
/usr/local/mcuxpressoide-11.4.0_6237/ide/plugins/com.nxp.mcuxpresso.tools.linux_11.4.0.202103011116/tools/bin/../lib/gcc/arm-none-eabi/10.2.1/../../../../arm-none-eabi/lib/thumb/v7e-m+fp/hard/libcr_semihost_nf.a(__sys_appexit.o)
                              /usr/local/mcuxpressoide-11.4.0_6237/ide/plugins/com.nxp.mcuxpresso.tools.linux_11.4.0.202103011116/tools/bin/../lib/gcc/arm-none-eabi/10.2.1/../../../../arm-none-eabi/lib/thumb/v7e-m+fp/hard/libcr_semihost_nf.a(_cr_assert.o) (__sys_appexit)
/usr/local/mcuxpressoide-11.4.0_6237/ide/plugins/com.nxp.mcuxpresso.tools.linux_11.4.0.202103011116/tools/bin/../lib/gcc/arm-none-eabi/10.2.1/../../../../arm-none-eabi/lib/thumb/v7e-m+fp/hard/libcr_c.a(memcpy.o)
                              ./utilities/fsl_str.o (memcpy)
/usr/local/mcuxpressoide-11.4.0_6237/ide/plugins/com.nxp.mcuxpresso.tools.linux_11.4.0.202103011116/tools/bin/../lib/gcc/arm-none-eabi/10.2.1/../../../../arm-none-eabi/lib/thumb/v7e-m+fp/hard/libcr_c.a(memset.o)
                              ./drivers/fsl_ftm.o (memset)
/usr/local/mcuxpressoide-11.4.0_6237/ide/plugins/com.nxp.mcuxpresso.tools.linux_11.4.0.202103011116/tools/bin/../lib/gcc/arm-none-eabi/10.2.1/../../../../arm-none-eabi/lib/thumb/v7e-m+fp/hard/libcr_c.a(_deferredlazyseek.o)
                              /usr/local/mcuxpressoide-11.4.0_6237/ide/plugins/com.nxp.mcuxpresso.tools.linux_11.4.0.202103011116/tools/bin/../lib/gcc/arm-none-eabi/10.2.1/../../../../arm-none-eabi/lib/thumb/v7e-m+fp/hard/libcr_semihost_nf.a(_cr_assert.o) (__flsbuf)
/usr/local/mcuxpressoide-11.4.0_6237/ide/plugins/com.nxp.mcuxpresso.tools.linux_11.4.0.202103011116/tools/bin/../lib/gcc/arm-none-eabi/10.2.1/../../../../arm-none-eabi/lib/thumb/v7e-m+fp/hard/libcr_c.a(_fflush.o)
                              /usr/local/mcuxpressoide-11.4.0_6237/ide/plugins/com.nxp.mcuxpresso.tools.linux_11.4.0.202103011116/tools/bin/../lib/gcc/arm-none-eabi/10.2.1/../../../../arm-none-eabi/lib/thumb/v7e-m+fp/hard/libcr_c.a(_deferredlazyseek.o) (_fflush)
/usr/local/mcuxpressoide-11.4.0_6237/ide/plugins/com.nxp.mcuxpresso.tools.linux_11.4.0.202103011116/tools/bin/../lib/gcc/arm-none-eabi/10.2.1/../../../../arm-none-eabi/lib/thumb/v7e-m+fp/hard/libcr_c.a(_writebuf.o)
                              /usr/local/mcuxpressoide-11.4.0_6237/ide/plugins/com.nxp.mcuxpresso.tools.linux_11.4.0.202103011116/tools/bin/../lib/gcc/arm-none-eabi/10.2.1/../../../../arm-none-eabi/lib/thumb/v7e-m+fp/hard/libcr_c.a(_deferredlazyseek.o) (_Cwritebuf)
/usr/local/mcuxpressoide-11.4.0_6237/ide/plugins/com.nxp.mcuxpresso.tools.linux_11.4.0.202103011116/tools/bin/../lib/gcc/arm-none-eabi/10.2.1/../../../../arm-none-eabi/lib/thumb/v7e-m+fp/hard/libcr_c.a(alloc.o)
                              ./drivers/fsl_common.o (malloc)
/usr/local/mcuxpressoide-11.4.0_6237/ide/plugins/com.nxp.mcuxpresso.tools.linux_11.4.0.202103011116/tools/bin/../lib/gcc/arm-none-eabi/10.2.1/../../../../arm-none-eabi/lib/thumb/v7e-m+fp/hard/libcr_c.a(errno.o)
                              ./utilities/fsl_str.o (errno)
/usr/local/mcuxpressoide-11.4.0_6237/ide/plugins/com.nxp.mcuxpresso.tools.linux_11.4.0.202103011116/tools/bin/../lib/gcc/arm-none-eabi/10.2.1/../../../../arm-none-eabi/lib/thumb/v7e-m+fp/hard/libcr_c.a(fputs.o)
                              /usr/local/mcuxpressoide-11.4.0_6237/ide/plugins/com.nxp.mcuxpresso.tools.linux_11.4.0.202103011116/tools/bin/../lib/gcc/arm-none-eabi/10.2.1/../../../../arm-none-eabi/lib/thumb/v7e-m+fp/hard/libcr_semihost_nf.a(_cr_assert.o) (fputs)
/usr/local/mcuxpressoide-11.4.0_6237/ide/plugins/com.nxp.mcuxpresso.tools.linux_11.4.0.202103011116/tools/bin/../lib/gcc/arm-none-eabi/10.2.1/../../../../arm-none-eabi/lib/thumb/v7e-m+fp/hard/libcr_c.a(fseek.o)
[...]
Memory Configuration

Name             Origin             Length             Attributes
PROGRAM_FLASH    0x0000000000000000 0x0000000000080000 xr
SRAM_UPPER       0x0000000020000000 0x0000000000010000 xrw
SRAM_LOWER       0x000000001fff8000 0x0000000000008000 xrw
*default*        0x0000000000000000 0xffffffffffffffff

Linker script and memory map

LOAD ./utilities/fsl_debug_console.o
LOAD ./utilities/fsl_str.o
LOAD ./startup/startup_mkv31f51212.o
LOAD ./source/PWM_BLDC.o
LOAD ./source/semihost_hardfault.o
LOAD ./drivers/fsl_clock.o
LOAD ./drivers/fsl_common.o
LOAD ./drivers/fsl_common_arm.o
LOAD ./drivers/fsl_ftm.o
LOAD ./drivers/fsl_gpio.o
LOAD ./drivers/fsl_i2c.o
LOAD ./drivers/fsl_smc.o
LOAD ./drivers/fsl_uart.o
LOAD ./device/system_MKV31F51212.o
LOAD ./component/uart/fsl_adapter_uart.o
LOAD ./component/serial_manager/fsl_component_serial_manager.o
LOAD ./component/serial_manager/fsl_component_serial_port_uart.o
LOAD ./component/lists/fsl_component_generic_list.o
LOAD ./board/board.o
LOAD ./board/clock_config.o
LOAD ./board/peripherals.o
LOAD ./board/pin_mux.o
START GROUP
LOAD /usr/local/mcuxpressoide-11.4.0_6237/ide/plugins/com.nxp.mcuxpresso.tools.linux_11.4.0.202103011116/tools/bin/../lib/gcc/arm-none-eabi/10.2.1/../../../../arm-none-eabi/lib/thumb/v7e-m+fp/hard/libcr_semihost_nf.a
LOAD /usr/local/mcuxpressoide-11.4.0_6237/ide/plugins/com.nxp.mcuxpresso.tools.linux_11.4.0.202103011116/tools/bin/../lib/gcc/arm-none-eabi/10.2.1/../../../../arm-none-eabi/lib/thumb/v7e-m+fp/hard/libcr_c.a
LOAD /usr/local/mcuxpressoide-11.4.0_6237/ide/plugins/com.nxp.mcuxpresso.tools.linux_11.4.0.202103011116/tools/bin/../lib/gcc/arm-none-eabi/10.2.1/thumb/v7e-m+fp/hard/libcr_eabihelpers.a
LOAD /usr/local/mcuxpressoide-11.4.0_6237/ide/plugins/com.nxp.mcuxpresso.tools.linux_11.4.0.202103011116/tools/bin/../lib/gcc/arm-none-eabi/10.2.1/thumb/v7e-m+fp/hard/libgcc.a
END GROUP
                0x0000000000000000                __base_PROGRAM_FLASH = 0x0
                0x0000000000000000                __base_Flash = 0x0
                0x0000000000080000                __top_PROGRAM_FLASH = 0x80000
                0x0000000000080000                __top_Flash = 0x80000
                0x0000000020000000                __base_SRAM_UPPER = 0x20000000
                0x0000000020000000                __base_RAM = 0x20000000
                0x0000000020010000                __top_SRAM_UPPER = 0x20010000
                0x0000000020010000                __top_RAM = 0x20010000
                0x000000001fff8000                __base_SRAM_LOWER = 0x1fff8000
                0x000000001fff8000                __base_RAM2 = 0x1fff8000
                0x0000000020000000                __top_SRAM_LOWER = 0x20000000
                0x0000000020000000                __top_RAM2 = 0x20000000

.text           0x0000000000000000     0x3598
 FILL mask 0xff
                0x0000000000000000                __vectors_start__ = ABSOLUTE (.)
 *(SORT_BY_ALIGNMENT(.isr_vector))
 .isr_vector    0x0000000000000000      0x168 ./startup/startup_mkv31f51212.o
                0x0000000000000000                __Vectors
                0x0000000000000000                g_pfnVectors
                0x0000000000000168                . = ALIGN (0x4)
                0x0000000000000168                __section_table_start = .
                0x0000000000000168                __data_section_table = .
                0x0000000000000168        0x4 LONG 0x3598 LOADADDR (.data)
                0x000000000000016c        0x4 LONG 0x20000000 ADDR (.data)
                0x0000000000000170        0x4 LONG 0x10 SIZEOF (.data)
                0x0000000000000174        0x4 LONG 0x3598 LOADADDR (.data_RAM2)
                0x0000000000000178        0x4 LONG 0x1fff8000 ADDR (.data_RAM2)
                0x000000000000017c        0x4 LONG 0x0 SIZEOF (.data_RAM2)
                0x0000000000000180                __data_section_table_end = .
                0x0000000000000180                __bss_section_table = .
                0x0000000000000180        0x4 LONG 0x20000010 ADDR (.bss)
                0x0000000000000184        0x4 LONG 0x138 SIZEOF (.bss)
                0x0000000000000188        0x4 LONG 0x1fff8000 ADDR (.bss_RAM2)
                0x000000000000018c        0x4 LONG 0x0 SIZEOF (.bss_RAM2)
                0x0000000000000190                __bss_section_table_end = .
                0x0000000000000190                __section_table_end = .
 *(SORT_BY_ALIGNMENT(.after_vectors*))
 .after_vectors.reset
                0x0000000000000190       0x4c ./startup/startup_mkv31f51212.o
                0x0000000000000190                ResetISR
 .after_vectors.init_data
                0x00000000000001dc       0x1e ./startup/startup_mkv31f51212.o
                0x00000000000001dc                data_init
 .after_vectors.init_bss
                0x00000000000001fa       0x12 ./startup/startup_mkv31f51212.o
                0x00000000000001fa                bss_init
 .after_vectors
                0x000000000000020c       0x14 ./startup/startup_mkv31f51212.o
                0x000000000000020c                NMI_Handler
                0x0000000000000210                MemManage_Handler
                0x0000000000000212                BusFault_Handler
                0x0000000000000214                UsageFault_Handler
                0x0000000000000216                SVC_Handler
                0x0000000000000218                DebugMon_Handler
                0x000000000000021a                PendSV_Handler
                0x000000000000021c                SysTick_Handler
                0x000000000000021e                DMA0_DriverIRQHandler
                0x000000000000021e                PORTB_DriverIRQHandler
                0x000000000000021e                DMA12_DriverIRQHandler
                0x000000000000021e                SPI1_DriverIRQHandler
                0x000000000000021e                LPTMR0_DriverIRQHandler
                0x000000000000021e                DMA_Error_DriverIRQHandler
                0x000000000000021e                FTM1_DriverIRQHandler
                0x000000000000021e                FTM2_DriverIRQHandler
                0x000000000000021e                PIT2_DriverIRQHandler
                0x000000000000021e                Reserved82_DriverIRQHandler
                0x000000000000021e                FTF_DriverIRQHandler
                0x000000000000021e                DMA6_DriverIRQHandler
                0x000000000000021e                LLWU_DriverIRQHandler
                0x000000000000021e                MCM_DriverIRQHandler
                0x000000000000021e                MCG_DriverIRQHandler
                0x000000000000021e                Reserved63_DriverIRQHandler
                0x000000000000021e                DAC1_DriverIRQHandler
                0x000000000000021e                Reserved69_DriverIRQHandler
                0x000000000000021e                CMP1_DriverIRQHandler
                0x000000000000021e                FTM0_DriverIRQHandler
                0x000000000000021e                IntDefaultHandler
                0x000000000000021e                PORTC_DriverIRQHandler
                0x000000000000021e                DMA11_DriverIRQHandler
                0x000000000000021e                DAC0_DriverIRQHandler
                0x000000000000021e                DMA10_DriverIRQHandler
                0x000000000000021e                UART2_ERR_DriverIRQHandler
                0x000000000000021e                LVD_LVW_DriverIRQHandler
                0x000000000000021e                Reserved84_DriverIRQHandler
                0x000000000000021e                PIT0_DriverIRQHandler
                0x000000000000021e                RNG_DriverIRQHandler
                0x000000000000021e                DMA5_DriverIRQHandler
                0x000000000000021e                DMA4_DriverIRQHandler
                0x000000000000021e                DMA3_DriverIRQHandler
                0x000000000000021e                Reserved53_DriverIRQHandler
                0x000000000000021e                Reserved45_DriverIRQHandler
                0x000000000000021e                DMA8_DriverIRQHandler
                0x000000000000021e                DMA9_DriverIRQHandler
                0x000000000000021e                UART0_ERR_DriverIRQHandler
                0x000000000000021e                Reserved71_DriverIRQHandler
                0x000000000000021e                ADC1_DriverIRQHandler
                0x000000000000021e                PORTA_DriverIRQHandler
                0x000000000000021e                DMA14_DriverIRQHandler
                0x000000000000021e                PIT3_DriverIRQHandler
                0x000000000000021e                PIT1_DriverIRQHandler
                0x000000000000021e                WDOG_EWM_DriverIRQHandler
                0x000000000000021e                PDB0_DriverIRQHandler
                0x000000000000021e                Reserved83_DriverIRQHandler
                0x000000000000021e                Reserved61_DriverIRQHandler
                0x000000000000021e                Read_Collision_DriverIRQHandler
                0x000000000000021e                Reserved54_DriverIRQHandler
                0x000000000000021e                SWI_DriverIRQHandler
                0x000000000000021e                Reserved62_DriverIRQHandler
                0x000000000000021e                DMA1_DriverIRQHandler
                0x000000000000021e                Reserved44_DriverIRQHandler
                0x000000000000021e                DMA13_DriverIRQHandler
                0x000000000000021e                DMA15_DriverIRQHandler
                0x000000000000021e                LPUART0_DriverIRQHandler
                0x000000000000021e                Reserved85_DriverIRQHandler
                0x000000000000021e                Reserved81_DriverIRQHandler
                0x000000000000021e                SPI0_DriverIRQHandler
                0x000000000000021e                ADC0_DriverIRQHandler
                0x000000000000021e                CMP0_DriverIRQHandler
                0x000000000000021e                FTM3_DriverIRQHandler
                0x000000000000021e                UART1_ERR_DriverIRQHandler
                0x000000000000021e                DMA2_DriverIRQHandler
                0x000000000000021e                PORTD_DriverIRQHandler
                0x000000000000021e                Reserved70_DriverIRQHandler
                0x000000000000021e                Reserved86_DriverIRQHandler
                0x000000000000021e                PORTE_DriverIRQHandler
                0x000000000000021e                DMA7_DriverIRQHandler
                0x0000000000000400                . = 0x400
 *fill*         0x0000000000000220      0x1e0 ff
                0x0000000000000400                PROVIDE (__FLASH_CONFIG_START__ = .)
 *(SORT_BY_ALIGNMENT(.FlashConfig))
 .FlashConfig   0x0000000000000400       0x10 ./startup/startup_mkv31f51212.o
                0x0000000000000400                Flash_Config
                0x0000000000000410                PROVIDE (__FLASH_CONFIG_END__ = .)
                0x0000000000000001                ASSERT (! ((__FLASH_CONFIG_START__ == __FLASH_CONFIG_END__)), Linker Flash Config Support Enabled, but no .FlashConfig section provided within application)
 *(SORT_BY_ALIGNMENT(.text*))
 .text.UpdateInput
                0x0000000000000410      0x22c ./source/PWM_BLDC.o
                0x0000000000000410                UpdateInput
 .text.main     0x000000000000063c      0x28c ./source/PWM_BLDC.o
                0x000000000000063c                main
 .text.CLOCK_SetEr32kClock
                0x00000000000008c8       0x30 ./drivers/fsl_clock.o
 .text.CLOCK_SetPllFllSelClock
                0x00000000000008f8       0x38 ./drivers/fsl_clock.o
 .text.CLOCK_GetMcgExtClkFreq
                0x0000000000000930       0x7c ./drivers/fsl_clock.o
 .text.CLOCK_GetFllExtRefClkFreq
                0x00000000000009ac       0xb0 ./drivers/fsl_clock.o
 .text.CLOCK_GetInternalRefClkSelectFreq
                0x0000000000000a5c       0x4c ./drivers/fsl_clock.o
 .text.CLOCK_GetFllRefClkFreq
                0x0000000000000aa8       0x34 ./drivers/fsl_clock.o
 .text.CLOCK_GetOscRangeFromFreq
                0x0000000000000adc       0x3c ./drivers/fsl_clock.o
 .text.CLOCK_GetOsc0ErClkUndivFreq
                0x0000000000000b18       0x44 ./drivers/fsl_clock.o
                0x0000000000000b18                CLOCK_GetOsc0ErClkUndivFreq
 .text.CLOCK_GetOsc0ErClkDivFreq
                0x0000000000000b5c       0x58 ./drivers/fsl_clock.o
                0x0000000000000b5c                CLOCK_GetOsc0ErClkDivFreq
 .text.CLOCK_GetEr32kClkFreq
                0x0000000000000bb4       0x74 ./drivers/fsl_clock.o
                0x0000000000000bb4                CLOCK_GetEr32kClkFreq
 .text.CLOCK_GetPllFllSelClkFreq
                0x0000000000000c28       0x54 ./drivers/fsl_clock.o
                0x0000000000000c28                CLOCK_GetPllFllSelClkFreq
 .text.CLOCK_GetCoreSysClkFreq
                0x0000000000000c7c       0x28 ./drivers/fsl_clock.o
                0x0000000000000c7c                CLOCK_GetCoreSysClkFreq
 .text.CLOCK_GetFreq
                0x0000000000000ca4      0x148 ./drivers/fsl_clock.o
                0x0000000000000ca4                CLOCK_GetFreq
 .text.CLOCK_SetSimConfig
                0x0000000000000dec       0x34 ./drivers/fsl_clock.o
                0x0000000000000dec                CLOCK_SetSimConfig
 .text.CLOCK_GetOutClkFreq
                0x0000000000000e20       0x64 ./drivers/fsl_clock.o
                0x0000000000000e20                CLOCK_GetOutClkFreq
 .text.CLOCK_GetFllFreq
                0x0000000000000e84       0x84 ./drivers/fsl_clock.o
                0x0000000000000e84                CLOCK_GetFllFreq
 .text.CLOCK_GetInternalRefClkFreq
                0x0000000000000f08       0x30 ./drivers/fsl_clock.o
                0x0000000000000f08                CLOCK_GetInternalRefClkFreq
 .text.CLOCK_GetPll0Freq
                0x0000000000000f38       0x78 ./drivers/fsl_clock.o
                0x0000000000000f38                CLOCK_GetPll0Freq
 .text.CLOCK_SetExternalRefClkConfig
                0x0000000000000fb0       0x6c ./drivers/fsl_clock.o
                0x0000000000000fb0                CLOCK_SetExternalRefClkConfig
 .text.CLOCK_SetInternalRefClkConfig
                0x000000000000101c      0x104 ./drivers/fsl_clock.o
                0x000000000000101c                CLOCK_SetInternalRefClkConfig
 .text.CLOCK_EnablePll0
                0x0000000000001120       0x88 ./drivers/fsl_clock.o
                0x0000000000001120                CLOCK_EnablePll0
 .text.CLOCK_InitOsc0
                0x00000000000011a8       0x8c ./drivers/fsl_clock.o
                0x00000000000011a8                CLOCK_InitOsc0
 .text.CLOCK_SetPbeMode
                0x0000000000001234       0xa8 ./drivers/fsl_clock.o
                0x0000000000001234                CLOCK_SetPbeMode
 .text.CLOCK_BootToPeeMode
                0x00000000000012dc       0x64 ./drivers/fsl_clock.o
                0x00000000000012dc                CLOCK_BootToPeeMode
 .text.FTM_GetInstance
                0x0000000000001340       0x54 ./drivers/fsl_ftm.o
 .text.FTM_SetPwmSync
                0x0000000000001394      0x140 ./drivers/fsl_ftm.o
 .text.FTM_SetReloadPoints
                0x00000000000014d4      0x138 ./drivers/fsl_ftm.o
 .text.FTM_Init
                0x000000000000160c       0xf4 ./drivers/fsl_ftm.o
                0x000000000000160c                FTM_Init
 .text.FTM_GetDefaultConfig
                0x0000000000001700       0x74 ./drivers/fsl_ftm.o
                0x0000000000001700                FTM_GetDefaultConfig
 .text.FTM_SetupPwm
                0x0000000000001774      0x328 ./drivers/fsl_ftm.o
                0x0000000000001774                FTM_SetupPwm
 .text.FTM_UpdatePwmDutycycle
                0x0000000000001a9c      0x138 ./drivers/fsl_ftm.o
                0x0000000000001a9c                FTM_UpdatePwmDutycycle
 .text.GPIO_PinInit
                0x0000000000001bd4       0x64 ./drivers/fsl_gpio.o
                0x0000000000001bd4                GPIO_PinInit
 .text.I2C_TransferCommonIRQHandler
                0x0000000000001c38       0x58 ./drivers/fsl_i2c.o
 .text.I2C0_DriverIRQHandler
                0x0000000000001c90       0x1c ./drivers/fsl_i2c.o
                0x0000000000001c90                I2C0_DriverIRQHandler
 .text.I2C1_DriverIRQHandler
                0x0000000000001cac       0x1c ./drivers/fsl_i2c.o
                0x0000000000001cac                I2C1_DriverIRQHandler
 .text.UART0_DriverIRQHandler
                0x0000000000001cc8       0x28 ./drivers/fsl_uart.o
                0x0000000000001cc8                UART0_DriverIRQHandler
 .text.UART1_DriverIRQHandler
                0x0000000000001cf0       0x28 ./drivers/fsl_uart.o
                0x0000000000001cf0                UART1_DriverIRQHandler
 .text.UART2_DriverIRQHandler
                0x0000000000001d18       0x28 ./drivers/fsl_uart.o
                0x0000000000001d18                UART2_DriverIRQHandler
 .text.SystemInit
                0x0000000000001d40       0x3c ./device/system_MKV31F51212.o
                0x0000000000001d40                SystemInit
 .text.CLOCK_SetTraceClock
                0x0000000000001d7c       0x38 ./board/clock_config.o
 .text.CLOCK_SetClkOutClock
                0x0000000000001db4       0x34 ./board/clock_config.o
 .text.CLOCK_SetLpuartClock
                0x0000000000001de8       0x40 ./board/clock_config.o
 .text.CLOCK_SetSimSafeDivs
                0x0000000000001e28       0x24 ./board/clock_config.o
 .text.CLOCK_SetXtal0Freq
                0x0000000000001e4c       0x20 ./board/clock_config.o
 .text.CLOCK_CONFIG_SetFllExtRefDiv
                0x0000000000001e6c       0x3c ./board/clock_config.o
 .text.BOARD_BootClockHSRUN
                0x0000000000001ea8       0x90 ./board/clock_config.o
                0x0000000000001ea8                BOARD_BootClockHSRUN
 .text.FTM0_init
                0x0000000000001f38      0x144 ./board/peripherals.o
 .text.BOARD_InitPeripherals_CommonPreInit
                0x000000000000207c       0x28 ./board/peripherals.o
 .text.PORT_SetPinConfig
                0x00000000000020a4       0x38 ./board/pin_mux.o
 .text.BOARD_InitPins
                0x00000000000020dc      0x10c ./board/pin_mux.o
                0x00000000000020dc                BOARD_InitPins
 .text.BOARD_InitDEBUG_UARTPins
                0x00000000000021e8       0x68 ./board/pin_mux.o
                0x00000000000021e8                BOARD_InitDEBUG_UARTPins
 .text.__assertion_failed
                0x0000000000002250       0x4c /usr/local/mcuxpressoide-11.4.0_6237/ide/plugins/com.nxp.mcuxpresso.tools.linux_11.4.0.202103011116/tools/bin/../lib/gcc/arm-none-eabi/10.2.1/../../../../arm-none-eabi/lib/thumb/v7e-m+fp/hard/libcr_semihost_nf.a(_cr_assert.o)
                0x0000000000002250                __assertion_failed
 .text.__sys_appexit
                0x000000000000229c        0xc /usr/local/mcuxpressoide-11.4.0_6237/ide/plugins/com.nxp.mcuxpresso.tools.linux_11.4.0.202103011116/tools/bin/../lib/gcc/arm-none-eabi/10.2.1/../../../../arm-none-eabi/lib/thumb/v7e-m+fp/hard/libcr_semihost_nf.a(__sys_appexit.o)
                0x000000000000229c                __exit
                0x000000000000229c                __sys_appexit
 .text._Cwritebuf
                0x00000000000022a8       0x6c /usr/local/mcuxpressoide-11.4.0_6237/ide/plugins/com.nxp.mcuxpresso.tools.linux_11.4.0.202103011116/tools/bin/../lib/gcc/arm-none-eabi/10.2.1/../../../../arm-none-eabi/lib/thumb/v7e-m+fp/hard/libcr_c.a(_writebuf.o)
                0x00000000000022a8                _Cwritebuf
 .text.malloc   0x0000000000002314       0xc8 /usr/local/mcuxpressoide-11.4.0_6237/ide/plugins/com.nxp.mcuxpresso.tools.linux_11.4.0.202103011116/tools/bin/../lib/gcc/arm-none-eabi/10.2.1/../../../../arm-none-eabi/lib/thumb/v7e-m+fp/hard/libcr_c.a(alloc.o)
                0x0000000000002314                malloc
 .text._Csys_alloc
                0x00000000000023dc       0x20 /usr/local/mcuxpressoide-11.4.0_6237/ide/plugins/com.nxp.mcuxpresso.tools.linux_11.4.0.202103011116/tools/bin/../lib/gcc/arm-none-eabi/10.2.1/../../../../arm-none-eabi/lib/thumb/v7e-m+fp/hard/libcr_c.a(alloc.o)
                0x00000000000023dc                _Csys_alloc
 .text.fseek    0x00000000000023fc      0x100 /usr/local/mcuxpressoide-11.4.0_6237/ide/plugins/com.nxp.mcuxpresso.tools.linux_11.4.0.202103011116/tools/bin/../lib/gcc/arm-none-eabi/10.2.1/../../../../arm-none-eabi/lib/thumb/v7e-m+fp/hard/libcr_c.a(fseek.o)
                0x00000000000023fc                fseek
 .text.ftell    0x00000000000024fc       0x44 /usr/local/mcuxpressoide-11.4.0_6237/ide/plugins/com.nxp.mcuxpresso.tools.linux_11.4.0.202103011116/tools/bin/../lib/gcc/arm-none-eabi/10.2.1/../../../../arm-none-eabi/lib/thumb/v7e-m+fp/hard/libcr_c.a(ftell.o)
                0x00000000000024fc                ftell
 .text._initio  0x0000000000002540       0x78 /usr/local/mcuxpressoide-11.4.0_6237/ide/plugins/com.nxp.mcuxpresso.tools.linux_11.4.0.202103011116/tools/bin/../lib/gcc/arm-none-eabi/10.2.1/../../../../arm-none-eabi/lib/thumb/v7e-m+fp/hard/libcr_c.a(initio.o)
                0x0000000000002540                _initio
 .text._sbrk    0x00000000000025b8       0x3c /usr/local/mcuxpressoide-11.4.0_6237/ide/plugins/com.nxp.mcuxpresso.tools.linux_11.4.0.202103011116/tools/bin/../lib/gcc/arm-none-eabi/10.2.1/../../../../arm-none-eabi/lib/thumb/v7e-m+fp/hard/libcr_c.a(_cr_sbrk.o)
                0x00000000000025b8                _sbrk
 .text.fflush   0x00000000000025f4       0x3c /usr/local/mcuxpressoide-11.4.0_6237/ide/plugins/com.nxp.mcuxpresso.tools.linux_11.4.0.202103011116/tools/bin/../lib/gcc/arm-none-eabi/10.2.1/../../../../arm-none-eabi/lib/thumb/v7e-m+fp/hard/libcr_c.a(fflush.o)
                0x00000000000025f4                fflush
 .text.__check_heap_overflow
                0x0000000000002630       0x18 /usr/local/mcuxpressoide-11.4.0_6237/ide/plugins/com.nxp.mcuxpresso.tools.linux_11.4.0.202103011116/tools/bin/../lib/gcc/arm-none-eabi/10.2.1/../../../../arm-none-eabi/lib/thumb/v7e-m+fp/hard/libcr_c.a(_cr_check_heap.o)
                0x0000000000002630                __check_heap_overflow
 .text.DMA0_IRQHandler
                0x0000000000002648        0x8 ./startup/startup_mkv31f51212.o
                0x0000000000002648                DMA0_IRQHandler
 .text.DMA1_IRQHandler
                0x0000000000002650        0x8 ./startup/startup_mkv31f51212.o
                0x0000000000002650                DMA1_IRQHandler
 .text.DMA2_IRQHandler
                0x0000000000002658        0x8 ./startup/startup_mkv31f51212.o
                0x0000000000002658                DMA2_IRQHandler
 .text.DMA3_IRQHandler
                0x0000000000002660        0x8 ./startup/startup_mkv31f51212.o
                0x0000000000002660                DMA3_IRQHandler
 .text.DMA4_IRQHandler
                0x0000000000002668        0x8 ./startup/startup_mkv31f51212.o
                0x0000000000002668                DMA4_IRQHandler
 .text.DMA5_IRQHandler
                0x0000000000002670        0x8 ./startup/startup_mkv31f51212.o
                0x0000000000002670                DMA5_IRQHandler
 .text.DMA6_IRQHandler
                0x0000000000002678        0x8 ./startup/startup_mkv31f51212.o
                0x0000000000002678                DMA6_IRQHandler
 .text.DMA7_IRQHandler
                0x0000000000002680        0x8 ./startup/startup_mkv31f51212.o
                0x0000000000002680                DMA7_IRQHandler
 .text.DMA8_IRQHandler
                0x0000000000002688        0x8 ./startup/startup_mkv31f51212.o
                0x0000000000002688                DMA8_IRQHandler
 .text.DMA9_IRQHandler
                0x0000000000002690        0x8 ./startup/startup_mkv31f51212.o
                0x0000000000002690                DMA9_IRQHandler
 .text.DMA10_IRQHandler
                0x0000000000002698        0x8 ./startup/startup_mkv31f51212.o
                0x0000000000002698                DMA10_IRQHandler
 .text.DMA11_IRQHandler
                0x00000000000026a0        0x8 ./startup/startup_mkv31f51212.o
                0x00000000000026a0                DMA11_IRQHandler
 .text.DMA12_IRQHandler
                0x00000000000026a8        0x8 ./startup/startup_mkv31f51212.o
                0x00000000000026a8                DMA12_IRQHandler
 .text.DMA13_IRQHandler
                0x00000000000026b0        0x8 ./startup/startup_mkv31f51212.o
                0x00000000000026b0                DMA13_IRQHandler
 .text.DMA14_IRQHandler
                0x00000000000026b8        0x8 ./startup/startup_mkv31f51212.o
                0x00000000000026b8                DMA14_IRQHandler
 .text.DMA15_IRQHandler
                0x00000000000026c0        0x8 ./startup/startup_mkv31f51212.o
                0x00000000000026c0                DMA15_IRQHandler
 .text.DMA_Error_IRQHandler
                0x00000000000026c8        0x8 ./startup/startup_mkv31f51212.o
                0x00000000000026c8                DMA_Error_IRQHandler
 .text.MCM_IRQHandler
                0x00000000000026d0        0x8 ./startup/startup_mkv31f51212.o
                0x00000000000026d0                MCM_IRQHandler
 .text.FTF_IRQHandler
                0x00000000000026d8        0x8 ./startup/startup_mkv31f51212.o
                0x00000000000026d8                FTF_IRQHandler
 .text.Read_Collision_IRQHandler
                0x00000000000026e0        0x8 ./startup/startup_mkv31f51212.o
                0x00000000000026e0                Read_Collision_IRQHandler
 .text.LVD_LVW_IRQHandler
                0x00000000000026e8        0x8 ./startup/startup_mkv31f51212.o
                0x00000000000026e8                LVD_LVW_IRQHandler
 .text.LLWU_IRQHandler
                0x00000000000026f0        0x8 ./startup/startup_mkv31f51212.o
                0x00000000000026f0                LLWU_IRQHandler
 .text.WDOG_EWM_IRQHandler
                0x00000000000026f8        0x8 ./startup/startup_mkv31f51212.o
                0x00000000000026f8                WDOG_EWM_IRQHandler
 .text.RNG_IRQHandler
                0x0000000000002700        0x8 ./startup/startup_mkv31f51212.o
                0x0000000000002700                RNG_IRQHandler
 .text.I2C0_IRQHandler
                0x0000000000002708        0x8 ./startup/startup_mkv31f51212.o
                0x0000000000002708                I2C0_IRQHandler
 .text.I2C1_IRQHandler
                0x0000000000002710        0x8 ./startup/startup_mkv31f51212.o
                0x0000000000002710                I2C1_IRQHandler
 .text.SPI0_IRQHandler
                0x0000000000002718        0x8 ./startup/startup_mkv31f51212.o
                0x0000000000002718                SPI0_IRQHandler
 .text.SPI1_IRQHandler
                0x0000000000002720        0x8 ./startup/startup_mkv31f51212.o
                0x0000000000002720                SPI1_IRQHandler
 .text.Reserved44_IRQHandler
                0x0000000000002728        0x8 ./startup/startup_mkv31f51212.o
                0x0000000000002728                Reserved44_IRQHandler
 .text.Reserved45_IRQHandler
                0x0000000000002730        0x8 ./startup/startup_mkv31f51212.o
                0x0000000000002730                Reserved45_IRQHandler
 .text.LPUART0_IRQHandler
                0x0000000000002738        0x8 ./startup/startup_mkv31f51212.o
                0x0000000000002738                LPUART0_IRQHandler
 .text.UART0_RX_TX_IRQHandler
                0x0000000000002740        0x8 ./startup/startup_mkv31f51212.o
                0x0000000000002740                UART0_RX_TX_IRQHandler
 .text.UART0_ERR_IRQHandler
                0x0000000000002748        0x8 ./startup/startup_mkv31f51212.o
                0x0000000000002748                UART0_ERR_IRQHandler
 .text.UART1_RX_TX_IRQHandler
                0x0000000000002750        0x8 ./startup/startup_mkv31f51212.o
                0x0000000000002750                UART1_RX_TX_IRQHandler
 .text.UART1_ERR_IRQHandler
                0x0000000000002758        0x8 ./startup/startup_mkv31f51212.o
                0x0000000000002758                UART1_ERR_IRQHandler
 .text.UART2_RX_TX_IRQHandler
                0x0000000000002760        0x8 ./startup/startup_mkv31f51212.o
                0x0000000000002760                UART2_RX_TX_IRQHandler
 .text.UART2_ERR_IRQHandler
                0x0000000000002768        0x8 ./startup/startup_mkv31f51212.o
                0x0000000000002768                UART2_ERR_IRQHandler
 .text.Reserved53_IRQHandler
                0x0000000000002770        0x8 ./startup/startup_mkv31f51212.o
                0x0000000000002770                Reserved53_IRQHandler
 .text.Reserved54_IRQHandler
                0x0000000000002778        0x8 ./startup/startup_mkv31f51212.o
                0x0000000000002778                Reserved54_IRQHandler
 .text.ADC0_IRQHandler
                0x0000000000002780        0x8 ./startup/startup_mkv31f51212.o
                0x0000000000002780                ADC0_IRQHandler
 .text.CMP0_IRQHandler
                0x0000000000002788        0x8 ./startup/startup_mkv31f51212.o
                0x0000000000002788                CMP0_IRQHandler
 .text.CMP1_IRQHandler
                0x0000000000002790        0x8 ./startup/startup_mkv31f51212.o
                0x0000000000002790                CMP1_IRQHandler
 .text.FTM0_IRQHandler
                0x0000000000002798        0x8 ./startup/startup_mkv31f51212.o
                0x0000000000002798                FTM0_IRQHandler
 .text.FTM1_IRQHandler
                0x00000000000027a0        0x8 ./startup/startup_mkv31f51212.o
                0x00000000000027a0                FTM1_IRQHandler
 .text.FTM2_IRQHandler
                0x00000000000027a8        0x8 ./startup/startup_mkv31f51212.o
                0x00000000000027a8                FTM2_IRQHandler
 .text.Reserved61_IRQHandler
                0x00000000000027b0        0x8 ./startup/startup_mkv31f51212.o
                0x00000000000027b0                Reserved61_IRQHandler
 .text.Reserved62_IRQHandler
                0x00000000000027b8        0x8 ./startup/startup_mkv31f51212.o
                0x00000000000027b8                Reserved62_IRQHandler
 .text.Reserved63_IRQHandler
                0x00000000000027c0        0x8 ./startup/startup_mkv31f51212.o
                0x00000000000027c0                Reserved63_IRQHandler
 .text.PIT0_IRQHandler
                0x00000000000027c8        0x8 ./startup/startup_mkv31f51212.o
                0x00000000000027c8                PIT0_IRQHandler
 .text.PIT1_IRQHandler
                0x00000000000027d0        0x8 ./startup/startup_mkv31f51212.o
                0x00000000000027d0                PIT1_IRQHandler
 .text.PIT2_IRQHandler
                0x00000000000027d8        0x8 ./startup/startup_mkv31f51212.o
                0x00000000000027d8                PIT2_IRQHandler
 .text.PIT3_IRQHandler
                0x00000000000027e0        0x8 ./startup/startup_mkv31f51212.o
                0x00000000000027e0                PIT3_IRQHandler
 .text.PDB0_IRQHandler
                0x00000000000027e8        0x8 ./startup/startup_mkv31f51212.o
                0x00000000000027e8                PDB0_IRQHandler
 .text.Reserved69_IRQHandler
                0x00000000000027f0        0x8 ./startup/startup_mkv31f51212.o
                0x00000000000027f0                Reserved69_IRQHandler
 .text.Reserved70_IRQHandler
                0x00000000000027f8        0x8 ./startup/startup_mkv31f51212.o
                0x00000000000027f8                Reserved70_IRQHandler
 .text.Reserved71_IRQHandler
                0x0000000000002800        0x8 ./startup/startup_mkv31f51212.o
                0x0000000000002800                Reserved71_IRQHandler
 .text.DAC0_IRQHandler
                0x0000000000002808        0x8 ./startup/startup_mkv31f51212.o
                0x0000000000002808                DAC0_IRQHandler
 .text.MCG_IRQHandler
                0x0000000000002810        0x8 ./startup/startup_mkv31f51212.o
                0x0000000000002810                MCG_IRQHandler
 .text.LPTMR0_IRQHandler
                0x0000000000002818        0x8 ./startup/startup_mkv31f51212.o
                0x0000000000002818                LPTMR0_IRQHandler
 .text.PORTA_IRQHandler
                0x0000000000002820        0x8 ./startup/startup_mkv31f51212.o
                0x0000000000002820                PORTA_IRQHandler
 .text.PORTB_IRQHandler
                0x0000000000002828        0x8 ./startup/startup_mkv31f51212.o
                0x0000000000002828                PORTB_IRQHandler
 .text.PORTC_IRQHandler
                0x0000000000002830        0x8 ./startup/startup_mkv31f51212.o
                0x0000000000002830                PORTC_IRQHandler
 .text.PORTD_IRQHandler
                0x0000000000002838        0x8 ./startup/startup_mkv31f51212.o
                0x0000000000002838                PORTD_IRQHandler
 .text.PORTE_IRQHandler
                0x0000000000002840        0x8 ./startup/startup_mkv31f51212.o
                0x0000000000002840                PORTE_IRQHandler
 .text.SWI_IRQHandler
                0x0000000000002848        0x8 ./startup/startup_mkv31f51212.o
                0x0000000000002848                SWI_IRQHandler
 .text.Reserved81_IRQHandler
                0x0000000000002850        0x8 ./startup/startup_mkv31f51212.o
                0x0000000000002850                Reserved81_IRQHandler
 .text.Reserved82_IRQHandler
                0x0000000000002858        0x8 ./startup/startup_mkv31f51212.o
                0x0000000000002858                Reserved82_IRQHandler
 .text.Reserved83_IRQHandler
                0x0000000000002860        0x8 ./startup/startup_mkv31f51212.o
                0x0000000000002860                Reserved83_IRQHandler
 .text.Reserved84_IRQHandler
                0x0000000000002868        0x8 ./startup/startup_mkv31f51212.o
                0x0000000000002868                Reserved84_IRQHandler
 .text.Reserved85_IRQHandler
                0x0000000000002870        0x8 ./startup/startup_mkv31f51212.o
                0x0000000000002870                Reserved85_IRQHandler
 .text.Reserved86_IRQHandler
                0x0000000000002878        0x8 ./startup/startup_mkv31f51212.o
                0x0000000000002878                Reserved86_IRQHandler
 .text.FTM3_IRQHandler
                0x0000000000002880        0x8 ./startup/startup_mkv31f51212.o
                0x0000000000002880                FTM3_IRQHandler
 .text.DAC1_IRQHandler
                0x0000000000002888        0x8 ./startup/startup_mkv31f51212.o
                0x0000000000002888                DAC1_IRQHandler
 .text.ADC1_IRQHandler
                0x0000000000002890        0x8 ./startup/startup_mkv31f51212.o
                0x0000000000002890                ADC1_IRQHandler
 .text.GPIO_PinRead
                0x0000000000002898       0x24 ./source/PWM_BLDC.o
 .text.FTM_StartTimer
                0x00000000000028bc       0x3a ./source/PWM_BLDC.o
 .text.FTM_SetSoftwareTrigger
                0x00000000000028f6       0x38 ./source/PWM_BLDC.o
 .text.delay    0x000000000000292e       0x26 ./source/PWM_BLDC.o
                0x000000000000292e                delay
 .text.HardFault_Handler
                0x0000000000002954       0x2c ./source/semihost_hardfault.o
                0x0000000000002954                HardFault_Handler
 .text.OSC_SetExtRefClkConfig
                0x0000000000002980       0x40 ./drivers/fsl_clock.o
 .text.OSC_SetCapLoad
                0x00000000000029c0       0x34 ./drivers/fsl_clock.o
 .text.CLOCK_GetPll0RefFreq
                0x00000000000029f4        0xe ./drivers/fsl_clock.o
 .text.CLOCK_GetFixedFreqClkFreq
                0x0000000000002a02       0x34 ./drivers/fsl_clock.o
                0x0000000000002a02                CLOCK_GetFixedFreqClkFreq
 .text.CLOCK_EnableClock
                0x0000000000002a36       0x34 ./drivers/fsl_ftm.o
 .text.FTM_SetDeadTimeEnable
                0x0000000000002a6a       0x52 ./drivers/fsl_ftm.o
 .text.FTM_SetComplementaryEnable
                0x0000000000002abc       0x52 ./drivers/fsl_ftm.o
 .text.FTM_UpdateChnlEdgeLevelSelect
                0x0000000000002b0e       0x4e ./drivers/fsl_ftm.o
                0x0000000000002b0e                FTM_UpdateChnlEdgeLevelSelect
 .text.GPIO_PinWrite
                0x0000000000002b5c       0x36 ./drivers/fsl_gpio.o
 .text.SMC_SetPowerModeHsrun
                0x0000000000002b92       0x32 ./drivers/fsl_smc.o
                0x0000000000002b92                SMC_SetPowerModeHsrun
 .text.UART0_RX_TX_DriverIRQHandler
                0x0000000000002bc4       0x12 ./drivers/fsl_uart.o
                0x0000000000002bc4                UART0_RX_TX_DriverIRQHandler
 .text.UART1_RX_TX_DriverIRQHandler
                0x0000000000002bd6       0x12 ./drivers/fsl_uart.o
                0x0000000000002bd6                UART1_RX_TX_DriverIRQHandler
 .text.UART2_RX_TX_DriverIRQHandler
                0x0000000000002be8       0x12 ./drivers/fsl_uart.o
                0x0000000000002be8                UART2_RX_TX_DriverIRQHandler
 .text.SystemInitHook
                0x0000000000002bfa        0xe ./device/system_MKV31F51212.o
                0x0000000000002bfa                SystemInitHook
 .text.DbgConsole_Init
                0x0000000000002c08       0x20 ./board/board.o
 .text.BOARD_InitDebugConsole
                0x0000000000002c28       0x22 ./board/board.o
                0x0000000000002c28                BOARD_InitDebugConsole
 .text.SMC_SetPowerModeProtection
                0x0000000000002c4a       0x1e ./board/clock_config.o
 .text.SMC_GetPowerModeState
                0x0000000000002c68       0x1a ./board/clock_config.o
 .text.BOARD_InitBootClocks
                0x0000000000002c82        0xc ./board/clock_config.o
                0x0000000000002c82                BOARD_InitBootClocks
 .text.GPIOB_init
                0x0000000000002c8e        0xe ./board/peripherals.o
 .text.BOARD_InitPeripherals
                0x0000000000002c9c       0x14 ./board/peripherals.o
                0x0000000000002c9c                BOARD_InitPeripherals
 .text.BOARD_InitBootPeripherals
                0x0000000000002cb0        0xc ./board/peripherals.o
                0x0000000000002cb0                BOARD_InitBootPeripherals
 .text.CLOCK_EnableClock
                0x0000000000002cbc       0x34 ./board/pin_mux.o
 .text.PORT_SetPinMux
                0x0000000000002cf0       0x3a ./board/pin_mux.o
 .text.BOARD_InitBootPins
                0x0000000000002d2a       0x10 ./board/pin_mux.o
                0x0000000000002d2a                BOARD_InitBootPins
 .text.__main   0x0000000000002d3a        0xe /usr/local/mcuxpressoide-11.4.0_6237/ide/plugins/com.nxp.mcuxpresso.tools.linux_11.4.0.202103011116/tools/bin/../lib/gcc/arm-none-eabi/10.2.1/../../../../arm-none-eabi/lib/thumb/v7e-m+fp/hard/libcr_semihost_nf.a(_cr__main.o)
                0x0000000000002d3a                __main
                0x0000000000002d3a                __CR_SEMIHOST
 .text.memset   0x0000000000002d48        0x4 /usr/local/mcuxpressoide-11.4.0_6237/ide/plugins/com.nxp.mcuxpresso.tools.linux_11.4.0.202103011116/tools/bin/../lib/gcc/arm-none-eabi/10.2.1/../../../../arm-none-eabi/lib/thumb/v7e-m+fp/hard/libcr_c.a(memset.o)
                0x0000000000002d48                memset
 .text._deferredlazyseek
                0x0000000000002d4c       0x40 /usr/local/mcuxpressoide-11.4.0_6237/ide/plugins/com.nxp.mcuxpresso.tools.linux_11.4.0.202103011116/tools/bin/../lib/gcc/arm-none-eabi/10.2.1/../../../../arm-none-eabi/lib/thumb/v7e-m+fp/hard/libcr_c.a(_deferredlazyseek.o)
                0x0000000000002d4c                _deferredlazyseek
 .text.__flsbuf
                0x0000000000002d8c      0x140 /usr/local/mcuxpressoide-11.4.0_6237/ide/plugins/com.nxp.mcuxpresso.tools.linux_11.4.0.202103011116/tools/bin/../lib/gcc/arm-none-eabi/10.2.1/../../../../arm-none-eabi/lib/thumb/v7e-m+fp/hard/libcr_c.a(_deferredlazyseek.o)
                0x0000000000002d8c                __flsbuf
 .text._fflush  0x0000000000002ecc       0x52 /usr/local/mcuxpressoide-11.4.0_6237/ide/plugins/com.nxp.mcuxpresso.tools.linux_11.4.0.202103011116/tools/bin/../lib/gcc/arm-none-eabi/10.2.1/../../../../arm-none-eabi/lib/thumb/v7e-m+fp/hard/libcr_c.a(_fflush.o)
                0x0000000000002ecc                _fflush
 .text.free     0x0000000000002f1e       0x30 /usr/local/mcuxpressoide-11.4.0_6237/ide/plugins/com.nxp.mcuxpresso.tools.linux_11.4.0.202103011116/tools/bin/../lib/gcc/arm-none-eabi/10.2.1/../../../../arm-none-eabi/lib/thumb/v7e-m+fp/hard/libcr_c.a(alloc.o)
                0x0000000000002f1e                free
 .text.fputs    0x0000000000002f4e       0x2c /usr/local/mcuxpressoide-11.4.0_6237/ide/plugins/com.nxp.mcuxpresso.tools.linux_11.4.0.202103011116/tools/bin/../lib/gcc/arm-none-eabi/10.2.1/../../../../arm-none-eabi/lib/thumb/v7e-m+fp/hard/libcr_c.a(fputs.o)
                0x0000000000002f4e                fputs
 .text.setvbuf  0x0000000000002f7a       0x3e /usr/local/mcuxpressoide-11.4.0_6237/ide/plugins/com.nxp.mcuxpresso.tools.linux_11.4.0.202103011116/tools/bin/../lib/gcc/arm-none-eabi/10.2.1/../../../../arm-none-eabi/lib/thumb/v7e-m+fp/hard/libcr_c.a(setvbuf.o)
                0x0000000000002f7a                setvbuf
 .text.strlen   0x0000000000002fb8       0x48 /usr/local/mcuxpressoide-11.4.0_6237/ide/plugins/com.nxp.mcuxpresso.tools.linux_11.4.0.202103011116/tools/bin/../lib/gcc/arm-none-eabi/10.2.1/../../../../arm-none-eabi/lib/thumb/v7e-m+fp/hard/libcr_c.a(strlen.o)
                0x0000000000002fb8                strlen
 .text._fdopen  0x0000000000003000       0x68 /usr/local/mcuxpressoide-11.4.0_6237/ide/plugins/com.nxp.mcuxpresso.tools.linux_11.4.0.202103011116/tools/bin/../lib/gcc/arm-none-eabi/10.2.1/../../../../arm-none-eabi/lib/thumb/v7e-m+fp/hard/libcr_c.a(_fdopen.o)
                0x0000000000003000                _fdopen
 .text.fclose   0x0000000000003068       0x58 /usr/local/mcuxpressoide-11.4.0_6237/ide/plugins/com.nxp.mcuxpresso.tools.linux_11.4.0.202103011116/tools/bin/../lib/gcc/arm-none-eabi/10.2.1/../../../../arm-none-eabi/lib/thumb/v7e-m+fp/hard/libcr_c.a(fclose.o)
                0x0000000000003068                fclose
 .text.remove   0x00000000000030c0       0x14 /usr/local/mcuxpressoide-11.4.0_6237/ide/plugins/com.nxp.mcuxpresso.tools.linux_11.4.0.202103011116/tools/bin/../lib/gcc/arm-none-eabi/10.2.1/../../../../arm-none-eabi/lib/thumb/v7e-m+fp/hard/libcr_c.a(remove.o)
                0x00000000000030c0                remove
 .text._do_fflush
                0x00000000000030d4       0x40 /usr/local/mcuxpressoide-11.4.0_6237/ide/plugins/com.nxp.mcuxpresso.tools.linux_11.4.0.202103011116/tools/bin/../lib/gcc/arm-none-eabi/10.2.1/../../../../arm-none-eabi/lib/thumb/v7e-m+fp/hard/libcr_c.a(_do_fflush.o)
                0x00000000000030d4                _do_fflush
 .text.__aeabi_memset_lowlevel
                0x0000000000003114       0x32 /usr/local/mcuxpressoide-11.4.0_6237/ide/plugins/com.nxp.mcuxpresso.tools.linux_11.4.0.202103011116/tools/bin/../lib/gcc/arm-none-eabi/10.2.1/thumb/v7e-m+fp/hard/libcr_eabihelpers.a(memcpy.o)
                0x0000000000003114                __aeabi_lowlevel_memset
 .text.__sys_close
                0x0000000000003146        0xc /usr/local/mcuxpressoide-11.4.0_6237/ide/plugins/com.nxp.mcuxpresso.tools.linux_11.4.0.202103011116/tools/bin/../lib/gcc/arm-none-eabi/10.2.1/../../../../arm-none-eabi/lib/thumb/v7e-m+fp/hard/libcr_semihost_nf.a(__sys_close.o)
                0x0000000000003146                __sys_close
 .text.__sys_flen
                0x0000000000003152        0xc /usr/local/mcuxpressoide-11.4.0_6237/ide/plugins/com.nxp.mcuxpresso.tools.linux_11.4.0.202103011116/tools/bin/../lib/gcc/arm-none-eabi/10.2.1/../../../../arm-none-eabi/lib/thumb/v7e-m+fp/hard/libcr_semihost_nf.a(__sys_flen.o)
                0x0000000000003152                __sys_flen
 .text.__sys_istty
                0x000000000000315e        0xc /usr/local/mcuxpressoide-11.4.0_6237/ide/plugins/com.nxp.mcuxpresso.tools.linux_11.4.0.202103011116/tools/bin/../lib/gcc/arm-none-eabi/10.2.1/../../../../arm-none-eabi/lib/thumb/v7e-m+fp/hard/libcr_semihost_nf.a(__sys_istty.o)
                0x000000000000315e                __sys_istty
 .text.__sys_remove
                0x000000000000316a        0xc /usr/local/mcuxpressoide-11.4.0_6237/ide/plugins/com.nxp.mcuxpresso.tools.linux_11.4.0.202103011116/tools/bin/../lib/gcc/arm-none-eabi/10.2.1/../../../../arm-none-eabi/lib/thumb/v7e-m+fp/hard/libcr_semihost_nf.a(__sys_remove.o)
                0x000000000000316a                __sys_remove
 .text.__sys_seek
                0x0000000000003176        0xc /usr/local/mcuxpressoide-11.4.0_6237/ide/plugins/com.nxp.mcuxpresso.tools.linux_11.4.0.202103011116/tools/bin/../lib/gcc/arm-none-eabi/10.2.1/../../../../arm-none-eabi/lib/thumb/v7e-m+fp/hard/libcr_semihost_nf.a(__sys_seek.o)
                0x0000000000003176                __sys_seek
 .text.__sys_tmpnam
                0x0000000000003182        0xc /usr/local/mcuxpressoide-11.4.0_6237/ide/plugins/com.nxp.mcuxpresso.tools.linux_11.4.0.202103011116/tools/bin/../lib/gcc/arm-none-eabi/10.2.1/../../../../arm-none-eabi/lib/thumb/v7e-m+fp/hard/libcr_semihost_nf.a(__sys_tmpnam.o)
                0x0000000000003182                __sys_tmpnam
 .text.__sys_write
                0x000000000000318e        0xc /usr/local/mcuxpressoide-11.4.0_6237/ide/plugins/com.nxp.mcuxpresso.tools.linux_11.4.0.202103011116/tools/bin/../lib/gcc/arm-none-eabi/10.2.1/../../../../arm-none-eabi/lib/thumb/v7e-m+fp/hard/libcr_semihost_nf.a(__sys_write.o)
                0x000000000000318e                __sys_write
 *(SORT_BY_ALIGNMENT(.rodata) SORT_BY_ALIGNMENT(.rodata.*) SORT_BY_ALIGNMENT(.constdata) SORT_BY_ALIGNMENT(.constdata.*))
 *fill*         0x000000000000319a        0x2 ff
 .rodata.CLOCK_GetMcgExtClkFreq.str1.4
                0x000000000000319c       0x4e ./drivers/fsl_clock.o
 *fill*         0x00000000000031ea        0x2 ff
 .rodata.CLOCK_GetOsc0ErClkUndivFreq.str1.4
                0x00000000000031ec       0x1f ./drivers/fsl_clock.o
 *fill*         0x000000000000320b        0x1 ff
 .rodata.CLOCK_GetOsc0ErClkDivFreq.str1.4
                0x000000000000320c       0x1f ./drivers/fsl_clock.o
 *fill*         0x000000000000322b        0x1 ff
 .rodata.CLOCK_GetEr32kClkFreq.str1.4
                0x000000000000322c       0x20 ./drivers/fsl_clock.o
 .rodata.CLOCK_GetPll0Freq.str1.4
                0x000000000000324c       0x1e ./drivers/fsl_clock.o
 *fill*         0x000000000000326a        0x2 ff
 .rodata.CLOCK_EnablePll0.str1.4
                0x000000000000326c       0x1b ./drivers/fsl_clock.o
 *fill*         0x0000000000003287        0x1 ff
 .rodata.CLOCK_SetPbeMode.str1.4
                0x0000000000003288       0x1b ./drivers/fsl_clock.o
 *fill*         0x00000000000032a3        0x1 ff
 .rodata.CLOCK_BootToPeeMode.str1.4
                0x00000000000032a4       0x1b ./drivers/fsl_clock.o
 *fill*         0x00000000000032bf        0x1 ff
 .rodata.fllFactorTable.1
                0x00000000000032c0       0x10 ./drivers/fsl_clock.o
 .rodata.s_ftmBases
                0x00000000000032d0       0x10 ./drivers/fsl_ftm.o
 .rodata.s_ftmClocks
                0x00000000000032e0       0x10 ./drivers/fsl_ftm.o
 .rodata.FTM_GetInstance.str1.4
                0x00000000000032f0       0x29 ./drivers/fsl_ftm.o
 *fill*         0x0000000000003319        0x3 ff
 .rodata.FTM_SetPwmSync.str1.4
                0x000000000000331c       0x3b ./drivers/fsl_ftm.o
 *fill*         0x0000000000003357        0x1 ff
 .rodata.FTM_SetReloadPoints.str1.4
                0x0000000000003358       0x21 ./drivers/fsl_ftm.o
 *fill*         0x0000000000003379        0x3 ff
 .rodata.FTM_Init.str1.4
                0x000000000000337c       0x18 ./drivers/fsl_ftm.o
 .rodata.FTM_GetDefaultConfig.str1.4
                0x0000000000003394       0x20 ./drivers/fsl_ftm.o
 .rodata.FTM_SetupPwm.str1.4
                0x00000000000033b4       0xcc ./drivers/fsl_ftm.o
 .rodata.FTM_UpdatePwmDutycycle.str1.4
                0x0000000000003480       0x3c ./drivers/fsl_ftm.o
 .rodata.GPIO_PinInit.str1.4
                0x00000000000034bc       0x21 ./drivers/fsl_gpio.o
 *fill*         0x00000000000034dd        0x3 ff
 .rodata.mcgConfig_BOARD_BootClockHSRUN
                0x00000000000034e0        0xb ./board/clock_config.o
                0x00000000000034e0                mcgConfig_BOARD_BootClockHSRUN
 *fill*         0x00000000000034eb        0x1 ff
 .rodata.simConfig_BOARD_BootClockHSRUN
                0x00000000000034ec        0x8 ./board/clock_config.o
                0x00000000000034ec                simConfig_BOARD_BootClockHSRUN
 .rodata.oscConfig_BOARD_BootClockHSRUN
                0x00000000000034f4        0x8 ./board/clock_config.o
                0x00000000000034f4                oscConfig_BOARD_BootClockHSRUN
 .rodata.PORT_SetPinConfig.str1.4
                0x00000000000034fc       0x62 ./board/pin_mux.o
 *fill*         0x000000000000355e        0x2 ff
 .rodata.__num_Ciob_streams
                0x0000000000003560        0x4 /usr/local/mcuxpressoide-11.4.0_6237/ide/plugins/com.nxp.mcuxpresso.tools.linux_11.4.0.202103011116/tools/bin/../lib/gcc/arm-none-eabi/10.2.1/../../../../arm-none-eabi/lib/thumb/v7e-m+fp/hard/libcr_semihost_nf.a(__ciob.o)
                0x0000000000003560                __num_Ciob_streams
 .rodata.__assertion_failed.str1.1
                0x0000000000003564       0x15 /usr/local/mcuxpressoide-11.4.0_6237/ide/plugins/com.nxp.mcuxpresso.tools.linux_11.4.0.202103011116/tools/bin/../lib/gcc/arm-none-eabi/10.2.1/../../../../arm-none-eabi/lib/thumb/v7e-m+fp/hard/libcr_semihost_nf.a(_cr_assert.o)
 .rodata._Csys_alloc.str1.1
                0x0000000000003579       0x18 /usr/local/mcuxpressoide-11.4.0_6237/ide/plugins/com.nxp.mcuxpresso.tools.linux_11.4.0.202103011116/tools/bin/../lib/gcc/arm-none-eabi/10.2.1/../../../../arm-none-eabi/lib/thumb/v7e-m+fp/hard/libcr_c.a(alloc.o)
 .rodata._initio.str1.1
                0x0000000000003591        0x4 /usr/local/mcuxpressoide-11.4.0_6237/ide/plugins/com.nxp.mcuxpresso.tools.linux_11.4.0.202103011116/tools/bin/../lib/gcc/arm-none-eabi/10.2.1/../../../../arm-none-eabi/lib/thumb/v7e-m+fp/hard/libcr_c.a(initio.o)
                0x0000000000003598                . = ALIGN (0x4)
 *fill*         0x0000000000003595        0x3 ff

.glue_7         0x0000000000003598        0x0
 .glue_7        0x0000000000003598        0x0 linker stubs

.glue_7t        0x0000000000003598        0x0
 .glue_7t       0x0000000000003598        0x0 linker stubs

.vfp11_veneer   0x0000000000003598        0x0
 .vfp11_veneer  0x0000000000003598        0x0 linker stubs

.v4_bx          0x0000000000003598        0x0
 .v4_bx         0x0000000000003598        0x0 linker stubs

.iplt           0x0000000000003598        0x0
 .iplt          0x0000000000003598        0x0 ./startup/startup_mkv31f51212.o

.rel.dyn        0x0000000000003598        0x0
 .rel.iplt      0x0000000000003598        0x0 ./startup/startup_mkv31f51212.o

.ARM.extab
 *(SORT_BY_ALIGNMENT(.ARM.extab*) SORT_BY_ALIGNMENT(.gnu.linkonce.armextab.*))

.ARM.exidx      0x0000000000003598        0x0
                0x0000000000003598                __exidx_start = .
 *(SORT_BY_ALIGNMENT(.ARM.exidx*) SORT_BY_ALIGNMENT(.gnu.linkonce.armexidx.*))
                0x0000000000003598                __exidx_end = .
                0x0000000000003598                _etext = .

.data_RAM2      0x000000001fff8000        0x0 load address 0x0000000000003598
 FILL mask 0xff
                [!provide]                        PROVIDE (__start_data_RAM2 = .)
                [!provide]                        PROVIDE (__start_data_SRAM_LOWER = .)
 *(SORT_BY_ALIGNMENT(.ramfunc.$RAM2))
 *(SORT_BY_ALIGNMENT(.ramfunc.$SRAM_LOWER))
 *(SORT_BY_ALIGNMENT(.data.$RAM2))
 *(SORT_BY_ALIGNMENT(.data.$SRAM_LOWER))
 *(SORT_BY_ALIGNMENT(.data.$RAM2.*))
 *(SORT_BY_ALIGNMENT(.data.$SRAM_LOWER.*))
                0x000000001fff8000                . = ALIGN (0x4)
                [!provide]                        PROVIDE (__end_data_RAM2 = .)
                [!provide]                        PROVIDE (__end_data_SRAM_LOWER = .)

.uninit_RESERVED
                0x0000000020000000        0x0
                0x0000000020000000                _start_uninit_RESERVED = .
 *(SORT_BY_ALIGNMENT(.bss.$RESERVED*))
                0x0000000020000000                . = ALIGN (0x4)
                0x0000000020000000                _end_uninit_RESERVED = .

.data           0x0000000020000000       0x10 load address 0x0000000000003598
 FILL mask 0xff
                0x0000000020000000                _data = .
                [!provide]                        PROVIDE (__start_data_RAM = .)
                [!provide]                        PROVIDE (__start_data_SRAM_UPPER = .)
 *(SORT_BY_ALIGNMENT(vtable))
 *(SORT_BY_ALIGNMENT(.ramfunc*))
 *(SORT_BY_ALIGNMENT(CodeQuickAccess))
 *(SORT_BY_ALIGNMENT(DataQuickAccess))
 *(SORT_BY_ALIGNMENT(RamFunction))
 *(SORT_BY_ALIGNMENT(.data*))
 .data.s_slowIrcFreq
                0x0000000020000000        0x4 ./drivers/fsl_clock.o
 .data.s_fastIrcFreq
                0x0000000020000004        0x4 ./drivers/fsl_clock.o
 .data.SystemCoreClock
                0x0000000020000008        0x4 ./device/system_MKV31F51212.o
                0x0000000020000008                SystemCoreClock
 .data.dutycycle
                0x000000002000000c        0x1 ./source/PWM_BLDC.o
                0x000000002000000c                dutycycle
 .data.invert   0x000000002000000d        0x1 ./source/PWM_BLDC.o
                0x000000002000000d                invert
 .data.pwmLevel
                0x000000002000000e        0x1 ./source/PWM_BLDC.o
                0x000000002000000e                pwmLevel
                0x0000000020000010                . = ALIGN (0x4)
 *fill*         0x000000002000000f        0x1 ff
                0x0000000020000010                _edata = .
                [!provide]                        PROVIDE (__end_data_RAM = .)
                [!provide]                        PROVIDE (__end_data_SRAM_UPPER = .)

.igot.plt       0x0000000020000010        0x0 load address 0x00000000000035a8
 .igot.plt      0x0000000020000010        0x0 ./startup/startup_mkv31f51212.o

.bss_RAM2       0x000000001fff8000        0x0
                [!provide]                        PROVIDE (__start_bss_RAM2 = .)
                [!provide]                        PROVIDE (__start_bss_SRAM_LOWER = .)
 *(SORT_BY_ALIGNMENT(.bss.$RAM2))
 *(SORT_BY_ALIGNMENT(.bss.$SRAM_LOWER))
 *(SORT_BY_ALIGNMENT(.bss.$RAM2.*))
 *(SORT_BY_ALIGNMENT(.bss.$SRAM_LOWER.*))
                0x000000001fff8000                . = ALIGN ((. != 0x0)?0x4:0x1)
                [!provide]                        PROVIDE (__end_bss_RAM2 = .)
                [!provide]                        PROVIDE (__end_bss_SRAM_LOWER = .)

.bss            0x0000000020000010      0x138
                0x0000000020000010                _bss = .
                [!provide]                        PROVIDE (__start_bss_RAM = .)
                [!provide]                        PROVIDE (__start_bss_SRAM_UPPER = .)
 *(SORT_BY_ALIGNMENT(.bss*))
 .bss.ftminitialisation
                0x0000000020000010       0x1c ./source/PWM_BLDC.o
                0x0000000020000010                ftminitialisation
 .bss.ftmParam  0x000000002000002c       0x24 ./source/PWM_BLDC.o
                0x000000002000002c                ftmParam
 .bss.configPin
                0x0000000020000050        0x2 ./source/PWM_BLDC.o
                0x0000000020000050                configPin
 *fill*         0x0000000020000052        0x2 
 .bss.g_xtal0Freq
                0x0000000020000054        0x4 ./drivers/fsl_clock.o
                0x0000000020000054                g_xtal0Freq
 .bss.g_xtal32Freq
                0x0000000020000058        0x4 ./drivers/fsl_clock.o
                0x0000000020000058                g_xtal32Freq
 .bss.s_i2cHandle
                0x000000002000005c        0x8 ./drivers/fsl_i2c.o
 .bss.s_i2cMasterIsr
                0x0000000020000064        0x4 ./drivers/fsl_i2c.o
 .bss.s_i2cSlaveIsr
                0x0000000020000068        0x4 ./drivers/fsl_i2c.o
 .bss.s_uartHandle
                0x000000002000006c        0xc ./drivers/fsl_uart.o
                0x000000002000006c                s_uartHandle
 .bss.s_uartIsr
                0x0000000020000078        0x4 ./drivers/fsl_uart.o
                0x0000000020000078                s_uartIsr
 .bss.__Ciob    0x000000002000007c       0xb4 /usr/local/mcuxpressoide-11.4.0_6237/ide/plugins/com.nxp.mcuxpresso.tools.linux_11.4.0.202103011116/tools/bin/../lib/gcc/arm-none-eabi/10.2.1/../../../../arm-none-eabi/lib/thumb/v7e-m+fp/hard/libcr_semihost_nf.a(__ciob.o)
                0x000000002000007c                __Ciob
 .bss.errno     0x0000000020000130        0x4 /usr/local/mcuxpressoide-11.4.0_6237/ide/plugins/com.nxp.mcuxpresso.tools.linux_11.4.0.202103011116/tools/bin/../lib/gcc/arm-none-eabi/10.2.1/../../../../arm-none-eabi/lib/thumb/v7e-m+fp/hard/libcr_c.a(errno.o)
                0x0000000020000130                errno
 .bss.__end_of_heap
                0x0000000020000134        0x4 /usr/local/mcuxpressoide-11.4.0_6237/ide/plugins/com.nxp.mcuxpresso.tools.linux_11.4.0.202103011116/tools/bin/../lib/gcc/arm-none-eabi/10.2.1/../../../../arm-none-eabi/lib/thumb/v7e-m+fp/hard/libcr_c.a(__init_alloc.o)
                0x0000000020000134                __end_of_heap
 .bss.__heaps   0x0000000020000138        0x4 /usr/local/mcuxpressoide-11.4.0_6237/ide/plugins/com.nxp.mcuxpresso.tools.linux_11.4.0.202103011116/tools/bin/../lib/gcc/arm-none-eabi/10.2.1/../../../../arm-none-eabi/lib/thumb/v7e-m+fp/hard/libcr_c.a(__init_alloc.o)
                0x0000000020000138                __heaps
 .bss.g_SignalOne
                0x000000002000013c        0x1 ./source/PWM_BLDC.o
                0x000000002000013c                g_SignalOne
 .bss.g_SignalTwo
                0x000000002000013d        0x1 ./source/PWM_BLDC.o
                0x000000002000013d                g_SignalTwo
 .bss.g_SignalThree
                0x000000002000013e        0x1 ./source/PWM_BLDC.o
                0x000000002000013e                g_SignalThree
 .bss.g_d0      0x000000002000013f        0x1 ./source/PWM_BLDC.o
                0x000000002000013f                g_d0
 .bss.g_d1      0x0000000020000140        0x1 ./source/PWM_BLDC.o
                0x0000000020000140                g_d1
 .bss.g_d2      0x0000000020000141        0x1 ./source/PWM_BLDC.o
                0x0000000020000141                g_d2
 .bss.g_d4      0x0000000020000142        0x1 ./source/PWM_BLDC.o
                0x0000000020000142                g_d4
 .bss.g_d5      0x0000000020000143        0x1 ./source/PWM_BLDC.o
                0x0000000020000143                g_d5
 .bss.g_d6      0x0000000020000144        0x1 ./source/PWM_BLDC.o
                0x0000000020000144                g_d6
 *(SORT_BY_ALIGNMENT(COMMON))
                0x0000000020000148                . = ALIGN (0x4)
 *fill*         0x0000000020000145        0x3 
                0x0000000020000148                _ebss = .
                [!provide]                        PROVIDE (__end_bss_RAM = .)
                [!provide]                        PROVIDE (__end_bss_SRAM_UPPER = .)
                [!provide]                        PROVIDE (end = .)

.noinit_RAM2    0x000000001fff8000        0x0
                [!provide]                        PROVIDE (__start_noinit_RAM2 = .)
                [!provide]                        PROVIDE (__start_noinit_SRAM_LOWER = .)
 *(SORT_BY_ALIGNMENT(.noinit.$RAM2))
 *(SORT_BY_ALIGNMENT(.noinit.$SRAM_LOWER))
 *(SORT_BY_ALIGNMENT(.noinit.$RAM2.*))
 *(SORT_BY_ALIGNMENT(.noinit.$SRAM_LOWER.*))
                0x000000001fff8000                . = ALIGN (0x4)
                [!provide]                        PROVIDE (__end_noinit_RAM2 = .)
                [!provide]                        PROVIDE (__end_noinit_SRAM_LOWER = .)

.noinit         0x0000000020000148        0x0
                0x0000000020000148                _noinit = .
                [!provide]                        PROVIDE (__start_noinit_RAM = .)
                [!provide]                        PROVIDE (__start_noinit_SRAM_UPPER = .)
 *(SORT_BY_ALIGNMENT(.noinit*))
                0x0000000020000148                . = ALIGN (0x4)
                0x0000000020000148                _end_noinit = .
                [!provide]                        PROVIDE (__end_noinit_RAM = .)
                [!provide]                        PROVIDE (__end_noinit_SRAM_UPPER = .)
                0x0000000000001000                _HeapSize = 0x1000

.heap           0x0000000020000148     0x1000
                0x0000000020000148                _pvHeapStart = .
                0x0000000020001148                . = (. + _HeapSize)
 *fill*         0x0000000020000148     0x1000 
                0x0000000020001148                . = ALIGN (0x4)
                0x0000000020001148                _pvHeapLimit = .
                0x0000000000001000                _StackSize = 0x1000

.heap2stackfill
                0x0000000020001148     0x1000
                0x0000000020002148                . = (. + _StackSize)
 *fill*         0x0000000020001148     0x1000 

.stack          0x000000002000f000        0x0
                0x000000002000f000                _vStackBase = .
                0x000000002000f000                . = ALIGN (0x4)
                0x0000000020010000                _vStackTop = (. + _StackSize)
                0x0000000000000000                _image_start = LOADADDR (.text)
                0x00000000000035a8                _image_end = (LOADADDR (.data) + SIZEOF (.data))
                0x00000000000035a8                _image_size = (_image_end - _image_start)
OUTPUT(PWM_BLDC.axf elf32-littlearm)
LOAD linker stubs

.debug_info     0x0000000000000000     0xb61c
 .debug_info    0x0000000000000000      0x856 ./startup/startup_mkv31f51212.o
 .debug_info    0x0000000000000856      0xba3 ./source/PWM_BLDC.o
 .debug_info    0x00000000000013f9       0x3c ./source/semihost_hardfault.o
 .debug_info    0x0000000000001435     0x1af2 ./drivers/fsl_clock.o
 .debug_info    0x0000000000002f27     0x15e7 ./drivers/fsl_ftm.o
 .debug_info    0x000000000000450e      0x68a ./drivers/fsl_gpio.o
 .debug_info    0x0000000000004b98     0x1de9 ./drivers/fsl_i2c.o
 .debug_info    0x0000000000006981      0xb61 ./drivers/fsl_smc.o
 .debug_info    0x00000000000074e2     0x1e7e ./drivers/fsl_uart.o
 .debug_info    0x0000000000009360      0x63a ./device/system_MKV31F51212.o
 .debug_info    0x000000000000999a      0x19e ./board/board.o
 .debug_info    0x0000000000009b38      0xc73 ./board/clock_config.o
 .debug_info    0x000000000000a7ab      0x44d ./board/peripherals.o
 .debug_info    0x000000000000abf8      0xa24 ./board/pin_mux.o

.debug_abbrev   0x0000000000000000     0x1d92
 .debug_abbrev  0x0000000000000000      0x185 ./startup/startup_mkv31f51212.o
 .debug_abbrev  0x0000000000000185      0x202 ./source/PWM_BLDC.o
 .debug_abbrev  0x0000000000000387       0x31 ./source/semihost_hardfault.o
 .debug_abbrev  0x00000000000003b8      0x350 ./drivers/fsl_clock.o
 .debug_abbrev  0x0000000000000708      0x290 ./drivers/fsl_ftm.o
 .debug_abbrev  0x0000000000000998      0x186 ./drivers/fsl_gpio.o
 .debug_abbrev  0x0000000000000b1e      0x363 ./drivers/fsl_i2c.o
 .debug_abbrev  0x0000000000000e81      0x312 ./drivers/fsl_smc.o
 .debug_abbrev  0x0000000000001193      0x42e ./drivers/fsl_uart.o
 .debug_abbrev  0x00000000000015c1      0x148 ./device/system_MKV31F51212.o
 .debug_abbrev  0x0000000000001709       0xd4 ./board/board.o
 .debug_abbrev  0x00000000000017dd      0x23d ./board/clock_config.o
 .debug_abbrev  0x0000000000001a1a       0xf7 ./board/peripherals.o
 .debug_abbrev  0x0000000000001b11      0x281 ./board/pin_mux.o

.debug_aranges  0x0000000000000000      0xb50
 .debug_aranges
                0x0000000000000000      0x2d0 ./startup/startup_mkv31f51212.o
 .debug_aranges
                0x00000000000002d0       0x48 ./source/PWM_BLDC.o
 .debug_aranges
                0x0000000000000318       0x20 ./source/semihost_hardfault.o
 .debug_aranges
                0x0000000000000338      0x1e8 ./drivers/fsl_clock.o
 .debug_aranges
                0x0000000000000520       0xd8 ./drivers/fsl_ftm.o
 .debug_aranges
                0x00000000000005f8       0x40 ./drivers/fsl_gpio.o
 .debug_aranges
                0x0000000000000638      0x178 ./drivers/fsl_i2c.o
 .debug_aranges
                0x00000000000007b0       0x98 ./drivers/fsl_smc.o
 .debug_aranges
                0x0000000000000848      0x188 ./drivers/fsl_uart.o
 .debug_aranges
                0x00000000000009d0       0x30 ./device/system_MKV31F51212.o
 .debug_aranges
                0x0000000000000a00       0x28 ./board/board.o
 .debug_aranges
                0x0000000000000a28       0x70 ./board/clock_config.o
 .debug_aranges
                0x0000000000000a98       0x40 ./board/peripherals.o
 .debug_aranges
                0x0000000000000ad8       0x78 ./board/pin_mux.o

.debug_ranges   0x0000000000000000      0xa70
 .debug_ranges  0x0000000000000000      0x2c0 ./startup/startup_mkv31f51212.o
 .debug_ranges  0x00000000000002c0       0x38 ./source/PWM_BLDC.o
 .debug_ranges  0x00000000000002f8       0x10 ./source/semihost_hardfault.o
 .debug_ranges  0x0000000000000308      0x1d8 ./drivers/fsl_clock.o
 .debug_ranges  0x00000000000004e0       0xc8 ./drivers/fsl_ftm.o
 .debug_ranges  0x00000000000005a8       0x30 ./drivers/fsl_gpio.o
 .debug_ranges  0x00000000000005d8      0x168 ./drivers/fsl_i2c.o
 .debug_ranges  0x0000000000000740       0x88 ./drivers/fsl_smc.o
 .debug_ranges  0x00000000000007c8      0x178 ./drivers/fsl_uart.o
 .debug_ranges  0x0000000000000940       0x20 ./device/system_MKV31F51212.o
 .debug_ranges  0x0000000000000960       0x18 ./board/board.o
 .debug_ranges  0x0000000000000978       0x60 ./board/clock_config.o
 .debug_ranges  0x00000000000009d8       0x30 ./board/peripherals.o
 .debug_ranges  0x0000000000000a08       0x68 ./board/pin_mux.o

.debug_macro    0x0000000000000000     0x1638
 .debug_macro   0x0000000000000000       0x29 ./startup/startup_mkv31f51212.o
 .debug_macro   0x0000000000000029      0x1e3 ./source/PWM_BLDC.o
 .debug_macro   0x000000000000020c       0xd8 ./source/PWM_BLDC.o
 .debug_macro   0x00000000000002e4       0x22 ./source/PWM_BLDC.o
 .debug_macro   0x0000000000000306       0x16 ./source/PWM_BLDC.o
 .debug_macro   0x000000000000031c       0x16 ./source/PWM_BLDC.o
 .debug_macro   0x0000000000000332      0x12a ./source/PWM_BLDC.o
 .debug_macro   0x000000000000045c       0x16 ./source/PWM_BLDC.o
 .debug_macro   0x0000000000000472      0x118 ./source/PWM_BLDC.o
 .debug_macro   0x000000000000058a      0x27f ./source/PWM_BLDC.o
 .debug_macro   0x0000000000000809       0x2e ./source/PWM_BLDC.o
 .debug_macro   0x0000000000000837       0x10 ./source/PWM_BLDC.o
 .debug_macro   0x0000000000000847       0x11 ./source/semihost_hardfault.o
 .debug_macro   0x0000000000000858      0x1d8 ./drivers/fsl_clock.o
 .debug_macro   0x0000000000000a30       0x1c ./drivers/fsl_clock.o
 .debug_macro   0x0000000000000a4c      0x122 ./drivers/fsl_ftm.o
 .debug_macro   0x0000000000000b6e      0x121 ./drivers/fsl_gpio.o
 .debug_macro   0x0000000000000c8f       0x10 ./drivers/fsl_gpio.o
 .debug_macro   0x0000000000000c9f      0x121 ./drivers/fsl_i2c.o
 .debug_macro   0x0000000000000dc0       0x1c ./drivers/fsl_i2c.o
 .debug_macro   0x0000000000000ddc      0x122 ./drivers/fsl_smc.o
 .debug_macro   0x0000000000000efe      0x127 ./drivers/fsl_uart.o
 .debug_macro   0x0000000000001025       0x10 ./drivers/fsl_uart.o
 .debug_macro   0x0000000000001035       0x98 ./device/system_MKV31F51212.o
 .debug_macro   0x00000000000010cd      0x180 ./board/board.o
 .debug_macro   0x000000000000124d       0x16 ./board/board.o
 .debug_macro   0x0000000000001263       0x1c ./board/board.o
 .debug_macro   0x000000000000127f      0x165 ./board/clock_config.o
 .debug_macro   0x00000000000013e4      0x12d ./board/peripherals.o
 .debug_macro   0x0000000000001511      0x127 ./board/pin_mux.o

.debug_line     0x0000000000000000     0x7e5a
 .debug_line    0x0000000000000000      0x7f5 ./startup/startup_mkv31f51212.o
 .debug_line    0x00000000000007f5      0x7f5 ./source/PWM_BLDC.o
 .debug_line    0x0000000000000fea       0x59 ./source/semihost_hardfault.o
 .debug_line    0x0000000000001043     0x1437 ./drivers/fsl_clock.o
 .debug_line    0x000000000000247a      0xf52 ./drivers/fsl_ftm.o
 .debug_line    0x00000000000033cc      0x414 ./drivers/fsl_gpio.o
 .debug_line    0x00000000000037e0     0x13bb ./drivers/fsl_i2c.o
 .debug_line    0x0000000000004b9b      0x637 ./drivers/fsl_smc.o
 .debug_line    0x00000000000051d2     0x1384 ./drivers/fsl_uart.o
 .debug_line    0x0000000000006556      0x3f2 ./device/system_MKV31F51212.o
 .debug_line    0x0000000000006948      0x52a ./board/board.o
 .debug_line    0x0000000000006e72      0x506 ./board/clock_config.o
 .debug_line    0x0000000000007378      0x4fd ./board/peripherals.o
 .debug_line    0x0000000000007875      0x5e5 ./board/pin_mux.o

.debug_str      0x0000000000000000    0x51e63
 .debug_str     0x0000000000000000     0x34a1 ./startup/startup_mkv31f51212.o
                                       0x351c (size before relaxing)
 .debug_str     0x00000000000034a1    0x494b5 ./source/PWM_BLDC.o
                                      0x4c346 (size before relaxing)
 .debug_str     0x000000000004c956       0x1f ./source/semihost_hardfault.o
                                       0x2db9 (size before relaxing)
 .debug_str     0x000000000004c975     0x17d0 ./drivers/fsl_clock.o
                                      0x4ada2 (size before relaxing)
 .debug_str     0x000000000004e145      0xc23 ./drivers/fsl_ftm.o
                                      0x4a61f (size before relaxing)
 .debug_str     0x000000000004ed68       0xf5 ./drivers/fsl_gpio.o
                                      0x495ae (size before relaxing)
 .debug_str     0x000000000004ee5d     0x11e5 ./drivers/fsl_i2c.o
                                      0x4a8ff (size before relaxing)
 .debug_str     0x0000000000050042      0x4ce ./drivers/fsl_smc.o
                                      0x4991f (size before relaxing)
 .debug_str     0x0000000000050510      0xde8 ./drivers/fsl_uart.o
                                      0x4aace (size before relaxing)
 .debug_str     0x00000000000512f8       0xd7 ./device/system_MKV31F51212.o
                                      0x47514 (size before relaxing)
 .debug_str     0x00000000000513cf       0xd0 ./board/board.o
                                      0x4a2a8 (size before relaxing)
 .debug_str     0x000000000005149f      0x473 ./board/clock_config.o
                                      0x49d62 (size before relaxing)
 .debug_str     0x0000000000051912       0x80 ./board/peripherals.o
                                      0x491b0 (size before relaxing)
 .debug_str     0x0000000000051992      0x4d1 ./board/pin_mux.o
                                      0x49f15 (size before relaxing)

.comment        0x0000000000000000       0x4d
 .comment       0x0000000000000000       0x4d ./startup/startup_mkv31f51212.o
                                         0x4e (size before relaxing)
 .comment       0x000000000000004d       0x4e ./source/PWM_BLDC.o
 .comment       0x000000000000004d       0x4e ./source/semihost_hardfault.o
 .comment       0x000000000000004d       0x4e ./drivers/fsl_clock.o
 .comment       0x000000000000004d       0x4e ./drivers/fsl_ftm.o
 .comment       0x000000000000004d       0x4e ./drivers/fsl_gpio.o
 .comment       0x000000000000004d       0x4e ./drivers/fsl_i2c.o
 .comment       0x000000000000004d       0x4e ./drivers/fsl_smc.o
 .comment       0x000000000000004d       0x4e ./drivers/fsl_uart.o
 .comment       0x000000000000004d       0x4e ./device/system_MKV31F51212.o
 .comment       0x000000000000004d       0x4e ./board/board.o
 .comment       0x000000000000004d       0x4e ./board/clock_config.o
 .comment       0x000000000000004d       0x4e ./board/peripherals.o
 .comment       0x000000000000004d       0x4e ./board/pin_mux.o
 .comment       0x000000000000004d       0x4e /usr/local/mcuxpressoide-11.4.0_6237/ide/plugins/com.nxp.mcuxpresso.tools.linux_11.4.0.202103011116/tools/bin/../lib/gcc/arm-none-eabi/10.2.1/../../../../arm-none-eabi/lib/thumb/v7e-m+fp/hard/libcr_semihost_nf.a(_cr__main.o)
 .comment       0x000000000000004d       0x4e /usr/local/mcuxpressoide-11.4.0_6237/ide/plugins/com.nxp.mcuxpresso.tools.linux_11.4.0.202103011116/tools/bin/../lib/gcc/arm-none-eabi/10.2.1/../../../../arm-none-eabi/lib/thumb/v7e-m+fp/hard/libcr_semihost_nf.a(_cr_assert.o)
 .comment       0x000000000000004d       0x4e /usr/local/mcuxpressoide-11.4.0_6237/ide/plugins/com.nxp.mcuxpresso.tools.linux_11.4.0.202103011116/tools/bin/../lib/gcc/arm-none-eabi/10.2.1/../../../../arm-none-eabi/lib/thumb/v7e-m+fp/hard/libcr_semihost_nf.a(__ciob.o)
 .comment       0x000000000000004d       0x4e /usr/local/mcuxpressoide-11.4.0_6237/ide/plugins/com.nxp.mcuxpresso.tools.linux_11.4.0.202103011116/tools/bin/../lib/gcc/arm-none-eabi/10.2.1/../../../../arm-none-eabi/lib/thumb/v7e-m+fp/hard/libcr_c.a(memset.o)
 .comment       0x000000000000004d       0x4e /usr/local/mcuxpressoide-11.4.0_6237/ide/plugins/com.nxp.mcuxpresso.tools.linux_11.4.0.202103011116/tools/bin/../lib/gcc/arm-none-eabi/10.2.1/../../../../arm-none-eabi/lib/thumb/v7e-m+fp/hard/libcr_c.a(_deferredlazyseek.o)
 .comment       0x000000000000004d       0x4e /usr/local/mcuxpressoide-11.4.0_6237/ide/plugins/com.nxp.mcuxpresso.tools.linux_11.4.0.202103011116/tools/bin/../lib/gcc/arm-none-eabi/10.2.1/../../../../arm-none-eabi/lib/thumb/v7e-m+fp/hard/libcr_c.a(_fflush.o)
 .comment       0x000000000000004d       0x4e /usr/local/mcuxpressoide-11.4.0_6237/ide/plugins/com.nxp.mcuxpresso.tools.linux_11.4.0.202103011116/tools/bin/../lib/gcc/arm-none-eabi/10.2.1/../../../../arm-none-eabi/lib/thumb/v7e-m+fp/hard/libcr_c.a(_writebuf.o)
 .comment       0x000000000000004d       0x4e /usr/local/mcuxpressoide-11.4.0_6237/ide/plugins/com.nxp.mcuxpresso.tools.linux_11.4.0.202103011116/tools/bin/../lib/gcc/arm-none-eabi/10.2.1/../../../../arm-none-eabi/lib/thumb/v7e-m+fp/hard/libcr_c.a(alloc.o)
 .comment       0x000000000000004d       0x4e /usr/local/mcuxpressoide-11.4.0_6237/ide/plugins/com.nxp.mcuxpresso.tools.linux_11.4.0.202103011116/tools/bin/../lib/gcc/arm-none-eabi/10.2.1/../../../../arm-none-eabi/lib/thumb/v7e-m+fp/hard/libcr_c.a(errno.o)
 .comment       0x000000000000004d       0x4e /usr/local/mcuxpressoide-11.4.0_6237/ide/plugins/com.nxp.mcuxpresso.tools.linux_11.4.0.202103011116/tools/bin/../lib/gcc/arm-none-eabi/10.2.1/../../../../arm-none-eabi/lib/thumb/v7e-m+fp/hard/libcr_c.a(fputs.o)
 .comment       0x000000000000004d       0x4e /usr/local/mcuxpressoide-11.4.0_6237/ide/plugins/com.nxp.mcuxpresso.tools.linux_11.4.0.202103011116/tools/bin/../lib/gcc/arm-none-eabi/10.2.1/../../../../arm-none-eabi/lib/thumb/v7e-m+fp/hard/libcr_c.a(fseek.o)
 .comment       0x000000000000004d       0x4e /usr/local/mcuxpressoide-11.4.0_6237/ide/plugins/com.nxp.mcuxpresso.tools.linux_11.4.0.202103011116/tools/bin/../lib/gcc/arm-none-eabi/10.2.1/../../../../arm-none-eabi/lib/thumb/v7e-m+fp/hard/libcr_c.a(ftell.o)
 .comment       0x000000000000004d       0x4e /usr/local/mcuxpressoide-11.4.0_6237/ide/plugins/com.nxp.mcuxpresso.tools.linux_11.4.0.202103011116/tools/bin/../lib/gcc/arm-none-eabi/10.2.1/../../../../arm-none-eabi/lib/thumb/v7e-m+fp/hard/libcr_c.a(initio.o)
 .comment       0x000000000000004d       0x4e /usr/local/mcuxpressoide-11.4.0_6237/ide/plugins/com.nxp.mcuxpresso.tools.linux_11.4.0.202103011116/tools/bin/../lib/gcc/arm-none-eabi/10.2.1/../../../../arm-none-eabi/lib/thumb/v7e-m+fp/hard/libcr_c.a(setvbuf.o)
 .comment       0x000000000000004d       0x4e /usr/local/mcuxpressoide-11.4.0_6237/ide/plugins/com.nxp.mcuxpresso.tools.linux_11.4.0.202103011116/tools/bin/../lib/gcc/arm-none-eabi/10.2.1/../../../../arm-none-eabi/lib/thumb/v7e-m+fp/hard/libcr_c.a(strlen.o)
 .comment       0x000000000000004d       0x4e /usr/local/mcuxpressoide-11.4.0_6237/ide/plugins/com.nxp.mcuxpresso.tools.linux_11.4.0.202103011116/tools/bin/../lib/gcc/arm-none-eabi/10.2.1/../../../../arm-none-eabi/lib/thumb/v7e-m+fp/hard/libcr_c.a(__init_alloc.o)
 .comment       0x000000000000004d       0x4e /usr/local/mcuxpressoide-11.4.0_6237/ide/plugins/com.nxp.mcuxpresso.tools.linux_11.4.0.202103011116/tools/bin/../lib/gcc/arm-none-eabi/10.2.1/../../../../arm-none-eabi/lib/thumb/v7e-m+fp/hard/libcr_c.a(_cr_sbrk.o)
 .comment       0x000000000000004d       0x4e /usr/local/mcuxpressoide-11.4.0_6237/ide/plugins/com.nxp.mcuxpresso.tools.linux_11.4.0.202103011116/tools/bin/../lib/gcc/arm-none-eabi/10.2.1/../../../../arm-none-eabi/lib/thumb/v7e-m+fp/hard/libcr_c.a(_fdopen.o)
 .comment       0x000000000000004d       0x4e /usr/local/mcuxpressoide-11.4.0_6237/ide/plugins/com.nxp.mcuxpresso.tools.linux_11.4.0.202103011116/tools/bin/../lib/gcc/arm-none-eabi/10.2.1/../../../../arm-none-eabi/lib/thumb/v7e-m+fp/hard/libcr_c.a(fclose.o)
 .comment       0x000000000000004d       0x4e /usr/local/mcuxpressoide-11.4.0_6237/ide/plugins/com.nxp.mcuxpresso.tools.linux_11.4.0.202103011116/tools/bin/../lib/gcc/arm-none-eabi/10.2.1/../../../../arm-none-eabi/lib/thumb/v7e-m+fp/hard/libcr_c.a(fflush.o)
 .comment       0x000000000000004d       0x4e /usr/local/mcuxpressoide-11.4.0_6237/ide/plugins/com.nxp.mcuxpresso.tools.linux_11.4.0.202103011116/tools/bin/../lib/gcc/arm-none-eabi/10.2.1/../../../../arm-none-eabi/lib/thumb/v7e-m+fp/hard/libcr_c.a(remove.o)
 .comment       0x000000000000004d       0x4e /usr/local/mcuxpressoide-11.4.0_6237/ide/plugins/com.nxp.mcuxpresso.tools.linux_11.4.0.202103011116/tools/bin/../lib/gcc/arm-none-eabi/10.2.1/../../../../arm-none-eabi/lib/thumb/v7e-m+fp/hard/libcr_c.a(_cr_check_heap.o)
 .comment       0x000000000000004d       0x4e /usr/local/mcuxpressoide-11.4.0_6237/ide/plugins/com.nxp.mcuxpresso.tools.linux_11.4.0.202103011116/tools/bin/../lib/gcc/arm-none-eabi/10.2.1/../../../../arm-none-eabi/lib/thumb/v7e-m+fp/hard/libcr_c.a(_do_fflush.o)

.ARM.attributes
                0x0000000000000000       0x32
 .ARM.attributes
                0x0000000000000000       0x34 ./startup/startup_mkv31f51212.o
 .ARM.attributes
                0x0000000000000034       0x34 ./source/PWM_BLDC.o
 .ARM.attributes
                0x0000000000000068       0x34 ./source/semihost_hardfault.o
 .ARM.attributes
                0x000000000000009c       0x34 ./drivers/fsl_clock.o
 .ARM.attributes
                0x00000000000000d0       0x34 ./drivers/fsl_ftm.o
 .ARM.attributes
                0x0000000000000104       0x34 ./drivers/fsl_gpio.o
 .ARM.attributes
                0x0000000000000138       0x34 ./drivers/fsl_i2c.o
 .ARM.attributes
                0x000000000000016c       0x34 ./drivers/fsl_smc.o
 .ARM.attributes
                0x00000000000001a0       0x34 ./drivers/fsl_uart.o
 .ARM.attributes
                0x00000000000001d4       0x34 ./device/system_MKV31F51212.o
 .ARM.attributes
                0x0000000000000208       0x34 ./board/board.o
 .ARM.attributes
                0x000000000000023c       0x34 ./board/clock_config.o
 .ARM.attributes
                0x0000000000000270       0x34 ./board/peripherals.o
 .ARM.attributes
                0x00000000000002a4       0x34 ./board/pin_mux.o
 .ARM.attributes
                0x00000000000002d8       0x34 /usr/local/mcuxpressoide-11.4.0_6237/ide/plugins/com.nxp.mcuxpresso.tools.linux_11.4.0.202103011116/tools/bin/../lib/gcc/arm-none-eabi/10.2.1/../../../../arm-none-eabi/lib/thumb/v7e-m+fp/hard/libcr_semihost_nf.a(_cr__main.o)
 .ARM.attributes
                0x000000000000030c       0x34 /usr/local/mcuxpressoide-11.4.0_6237/ide/plugins/com.nxp.mcuxpresso.tools.linux_11.4.0.202103011116/tools/bin/../lib/gcc/arm-none-eabi/10.2.1/../../../../arm-none-eabi/lib/thumb/v7e-m+fp/hard/libcr_semihost_nf.a(_cr_assert.o)
 .ARM.attributes
                0x0000000000000340       0x39 /usr/local/mcuxpressoide-11.4.0_6237/ide/plugins/com.nxp.mcuxpresso.tools.linux_11.4.0.202103011116/tools/bin/../lib/gcc/arm-none-eabi/10.2.1/../../../../arm-none-eabi/lib/thumb/v7e-m+fp/hard/libcr_semihost_nf.a(__ciob.o)
 .ARM.attributes
                0x0000000000000379       0x20 /usr/local/mcuxpressoide-11.4.0_6237/ide/plugins/com.nxp.mcuxpresso.tools.linux_11.4.0.202103011116/tools/bin/../lib/gcc/arm-none-eabi/10.2.1/../../../../arm-none-eabi/lib/thumb/v7e-m+fp/hard/libcr_semihost_nf.a(__sys_appexit.o)
 .ARM.attributes
                0x0000000000000399       0x34 /usr/local/mcuxpressoide-11.4.0_6237/ide/plugins/com.nxp.mcuxpresso.tools.linux_11.4.0.202103011116/tools/bin/../lib/gcc/arm-none-eabi/10.2.1/../../../../arm-none-eabi/lib/thumb/v7e-m+fp/hard/libcr_c.a(memset.o)
 .ARM.attributes
                0x00000000000003cd       0x34 /usr/local/mcuxpressoide-11.4.0_6237/ide/plugins/com.nxp.mcuxpresso.tools.linux_11.4.0.202103011116/tools/bin/../lib/gcc/arm-none-eabi/10.2.1/../../../../arm-none-eabi/lib/thumb/v7e-m+fp/hard/libcr_c.a(_deferredlazyseek.o)
 .ARM.attributes
                0x0000000000000401       0x34 /usr/local/mcuxpressoide-11.4.0_6237/ide/plugins/com.nxp.mcuxpresso.tools.linux_11.4.0.202103011116/tools/bin/../lib/gcc/arm-none-eabi/10.2.1/../../../../arm-none-eabi/lib/thumb/v7e-m+fp/hard/libcr_c.a(_fflush.o)
 .ARM.attributes
                0x0000000000000435       0x34 /usr/local/mcuxpressoide-11.4.0_6237/ide/plugins/com.nxp.mcuxpresso.tools.linux_11.4.0.202103011116/tools/bin/../lib/gcc/arm-none-eabi/10.2.1/../../../../arm-none-eabi/lib/thumb/v7e-m+fp/hard/libcr_c.a(_writebuf.o)
 .ARM.attributes
                0x0000000000000469       0x34 /usr/local/mcuxpressoide-11.4.0_6237/ide/plugins/com.nxp.mcuxpresso.tools.linux_11.4.0.202103011116/tools/bin/../lib/gcc/arm-none-eabi/10.2.1/../../../../arm-none-eabi/lib/thumb/v7e-m+fp/hard/libcr_c.a(alloc.o)
 .ARM.attributes
                0x000000000000049d       0x39 /usr/local/mcuxpressoide-11.4.0_6237/ide/plugins/com.nxp.mcuxpresso.tools.linux_11.4.0.202103011116/tools/bin/../lib/gcc/arm-none-eabi/10.2.1/../../../../arm-none-eabi/lib/thumb/v7e-m+fp/hard/libcr_c.a(errno.o)
 .ARM.attributes
                0x00000000000004d6       0x34 /usr/local/mcuxpressoide-11.4.0_6237/ide/plugins/com.nxp.mcuxpresso.tools.linux_11.4.0.202103011116/tools/bin/../lib/gcc/arm-none-eabi/10.2.1/../../../../arm-none-eabi/lib/thumb/v7e-m+fp/hard/libcr_c.a(fputs.o)
 .ARM.attributes
                0x000000000000050a       0x34 /usr/local/mcuxpressoide-11.4.0_6237/ide/plugins/com.nxp.mcuxpresso.tools.linux_11.4.0.202103011116/tools/bin/../lib/gcc/arm-none-eabi/10.2.1/../../../../arm-none-eabi/lib/thumb/v7e-m+fp/hard/libcr_c.a(fseek.o)
 .ARM.attributes
                0x000000000000053e       0x34 /usr/local/mcuxpressoide-11.4.0_6237/ide/plugins/com.nxp.mcuxpresso.tools.linux_11.4.0.202103011116/tools/bin/../lib/gcc/arm-none-eabi/10.2.1/../../../../arm-none-eabi/lib/thumb/v7e-m+fp/hard/libcr_c.a(ftell.o)
 .ARM.attributes
                0x0000000000000572       0x34 /usr/local/mcuxpressoide-11.4.0_6237/ide/plugins/com.nxp.mcuxpresso.tools.linux_11.4.0.202103011116/tools/bin/../lib/gcc/arm-none-eabi/10.2.1/../../../../arm-none-eabi/lib/thumb/v7e-m+fp/hard/libcr_c.a(initio.o)
 .ARM.attributes
                0x00000000000005a6       0x34 /usr/local/mcuxpressoide-11.4.0_6237/ide/plugins/com.nxp.mcuxpresso.tools.linux_11.4.0.202103011116/tools/bin/../lib/gcc/arm-none-eabi/10.2.1/../../../../arm-none-eabi/lib/thumb/v7e-m+fp/hard/libcr_c.a(setvbuf.o)
 .ARM.attributes
                0x00000000000005da       0x34 /usr/local/mcuxpressoide-11.4.0_6237/ide/plugins/com.nxp.mcuxpresso.tools.linux_11.4.0.202103011116/tools/bin/../lib/gcc/arm-none-eabi/10.2.1/../../../../arm-none-eabi/lib/thumb/v7e-m+fp/hard/libcr_c.a(strlen.o)
 .ARM.attributes
                0x000000000000060e       0x34 /usr/local/mcuxpressoide-11.4.0_6237/ide/plugins/com.nxp.mcuxpresso.tools.linux_11.4.0.202103011116/tools/bin/../lib/gcc/arm-none-eabi/10.2.1/../../../../arm-none-eabi/lib/thumb/v7e-m+fp/hard/libcr_c.a(__init_alloc.o)
 .ARM.attributes
                0x0000000000000642       0x34 /usr/local/mcuxpressoide-11.4.0_6237/ide/plugins/com.nxp.mcuxpresso.tools.linux_11.4.0.202103011116/tools/bin/../lib/gcc/arm-none-eabi/10.2.1/../../../../arm-none-eabi/lib/thumb/v7e-m+fp/hard/libcr_c.a(_cr_sbrk.o)
 .ARM.attributes
                0x0000000000000676       0x34 /usr/local/mcuxpressoide-11.4.0_6237/ide/plugins/com.nxp.mcuxpresso.tools.linux_11.4.0.202103011116/tools/bin/../lib/gcc/arm-none-eabi/10.2.1/../../../../arm-none-eabi/lib/thumb/v7e-m+fp/hard/libcr_c.a(_fdopen.o)
 .ARM.attributes
                0x00000000000006aa       0x34 /usr/local/mcuxpressoide-11.4.0_6237/ide/plugins/com.nxp.mcuxpresso.tools.linux_11.4.0.202103011116/tools/bin/../lib/gcc/arm-none-eabi/10.2.1/../../../../arm-none-eabi/lib/thumb/v7e-m+fp/hard/libcr_c.a(fclose.o)
 .ARM.attributes
                0x00000000000006de       0x34 /usr/local/mcuxpressoide-11.4.0_6237/ide/plugins/com.nxp.mcuxpresso.tools.linux_11.4.0.202103011116/tools/bin/../lib/gcc/arm-none-eabi/10.2.1/../../../../arm-none-eabi/lib/thumb/v7e-m+fp/hard/libcr_c.a(fflush.o)
 .ARM.attributes
                0x0000000000000712       0x34 /usr/local/mcuxpressoide-11.4.0_6237/ide/plugins/com.nxp.mcuxpresso.tools.linux_11.4.0.202103011116/tools/bin/../lib/gcc/arm-none-eabi/10.2.1/../../../../arm-none-eabi/lib/thumb/v7e-m+fp/hard/libcr_c.a(remove.o)
 .ARM.attributes
                0x0000000000000746       0x34 /usr/local/mcuxpressoide-11.4.0_6237/ide/plugins/com.nxp.mcuxpresso.tools.linux_11.4.0.202103011116/tools/bin/../lib/gcc/arm-none-eabi/10.2.1/../../../../arm-none-eabi/lib/thumb/v7e-m+fp/hard/libcr_c.a(_cr_check_heap.o)
 .ARM.attributes
                0x000000000000077a       0x34 /usr/local/mcuxpressoide-11.4.0_6237/ide/plugins/com.nxp.mcuxpresso.tools.linux_11.4.0.202103011116/tools/bin/../lib/gcc/arm-none-eabi/10.2.1/../../../../arm-none-eabi/lib/thumb/v7e-m+fp/hard/libcr_c.a(_do_fflush.o)
 .ARM.attributes
                0x00000000000007ae       0x20 /usr/local/mcuxpressoide-11.4.0_6237/ide/plugins/com.nxp.mcuxpresso.tools.linux_11.4.0.202103011116/tools/bin/../lib/gcc/arm-none-eabi/10.2.1/thumb/v7e-m+fp/hard/libcr_eabihelpers.a(memcpy.o)
 .ARM.attributes
                0x00000000000007ce       0x20 /usr/local/mcuxpressoide-11.4.0_6237/ide/plugins/com.nxp.mcuxpresso.tools.linux_11.4.0.202103011116/tools/bin/../lib/gcc/arm-none-eabi/10.2.1/../../../../arm-none-eabi/lib/thumb/v7e-m+fp/hard/libcr_semihost_nf.a(__sys_close.o)
 .ARM.attributes
                0x00000000000007ee       0x20 /usr/local/mcuxpressoide-11.4.0_6237/ide/plugins/com.nxp.mcuxpresso.tools.linux_11.4.0.202103011116/tools/bin/../lib/gcc/arm-none-eabi/10.2.1/../../../../arm-none-eabi/lib/thumb/v7e-m+fp/hard/libcr_semihost_nf.a(__sys_flen.o)
 .ARM.attributes
                0x000000000000080e       0x20 /usr/local/mcuxpressoide-11.4.0_6237/ide/plugins/com.nxp.mcuxpresso.tools.linux_11.4.0.202103011116/tools/bin/../lib/gcc/arm-none-eabi/10.2.1/../../../../arm-none-eabi/lib/thumb/v7e-m+fp/hard/libcr_semihost_nf.a(__sys_istty.o)
 .ARM.attributes
                0x000000000000082e       0x20 /usr/local/mcuxpressoide-11.4.0_6237/ide/plugins/com.nxp.mcuxpresso.tools.linux_11.4.0.202103011116/tools/bin/../lib/gcc/arm-none-eabi/10.2.1/../../../../arm-none-eabi/lib/thumb/v7e-m+fp/hard/libcr_semihost_nf.a(__sys_remove.o)
 .ARM.attributes
                0x000000000000084e       0x20 /usr/local/mcuxpressoide-11.4.0_6237/ide/plugins/com.nxp.mcuxpresso.tools.linux_11.4.0.202103011116/tools/bin/../lib/gcc/arm-none-eabi/10.2.1/../../../../arm-none-eabi/lib/thumb/v7e-m+fp/hard/libcr_semihost_nf.a(__sys_seek.o)
 .ARM.attributes
                0x000000000000086e       0x20 /usr/local/mcuxpressoide-11.4.0_6237/ide/plugins/com.nxp.mcuxpresso.tools.linux_11.4.0.202103011116/tools/bin/../lib/gcc/arm-none-eabi/10.2.1/../../../../arm-none-eabi/lib/thumb/v7e-m+fp/hard/libcr_semihost_nf.a(__sys_tmpnam.o)
 .ARM.attributes
                0x000000000000088e       0x20 /usr/local/mcuxpressoide-11.4.0_6237/ide/plugins/com.nxp.mcuxpresso.tools.linux_11.4.0.202103011116/tools/bin/../lib/gcc/arm-none-eabi/10.2.1/../../../../arm-none-eabi/lib/thumb/v7e-m+fp/hard/libcr_semihost_nf.a(__sys_write.o)

.debug_frame    0x0000000000000000     0x29c0
 .debug_frame   0x0000000000000000      0x7dc ./startup/startup_mkv31f51212.o
 .debug_frame   0x00000000000007dc       0xf0 ./source/PWM_BLDC.o
 .debug_frame   0x00000000000008cc       0x20 ./source/semihost_hardfault.o
 .debug_frame   0x00000000000008ec      0x834 ./drivers/fsl_clock.o
 .debug_frame   0x0000000000001120      0x3a4 ./drivers/fsl_ftm.o
 .debug_frame   0x00000000000014c4       0xc8 ./drivers/fsl_gpio.o
 .debug_frame   0x000000000000158c      0x678 ./drivers/fsl_i2c.o
 .debug_frame   0x0000000000001c04      0x24c ./drivers/fsl_smc.o
 .debug_frame   0x0000000000001e50      0x6a4 ./drivers/fsl_uart.o
 .debug_frame   0x00000000000024f4       0x74 ./device/system_MKV31F51212.o
 .debug_frame   0x0000000000002568       0x5c ./board/board.o
 .debug_frame   0x00000000000025c4      0x19c ./board/clock_config.o
 .debug_frame   0x0000000000002760       0xa8 ./board/peripherals.o
 .debug_frame   0x0000000000002808      0x1b8 ./board/pin_mux.o

Cross Reference Table

Symbol                                            File
ADC0_DriverIRQHandler                             ./startup/startup_mkv31f51212.o
ADC0_IRQHandler                                   ./startup/startup_mkv31f51212.o
ADC1_DriverIRQHandler                             ./startup/startup_mkv31f51212.o
ADC1_IRQHandler                                   ./startup/startup_mkv31f51212.o
BOARD_BootClockHSRUN                              ./board/clock_config.o
BOARD_BootClockVLPR                               ./board/clock_config.o
BOARD_InitACCELPins                               ./board/pin_mux.o
BOARD_InitBUTTONsPins                             ./board/pin_mux.o
BOARD_InitBootClocks                              ./board/clock_config.o
                                                  ./source/PWM_BLDC.o
BOARD_InitBootPeripherals                         ./board/peripherals.o
                                                  ./source/PWM_BLDC.o
BOARD_InitBootPins                                ./board/pin_mux.o
                                                  ./source/PWM_BLDC.o
BOARD_InitDEBUG_UARTPins                          ./board/pin_mux.o
BOARD_InitDebugConsole                            ./board/board.o
                                                  ./source/PWM_BLDC.o
BOARD_InitLEDsPins                                ./board/pin_mux.o
BOARD_InitOSCPins                                 ./board/pin_mux.o
BOARD_InitPeripherals                             ./board/peripherals.o
BOARD_InitPins                                    ./board/pin_mux.o
BOARD_InitTHERPins                                ./board/pin_mux.o
BusFault_Handler                                  ./startup/startup_mkv31f51212.o
CLOCK_BootToBlpeMode                              ./drivers/fsl_clock.o
CLOCK_BootToBlpiMode                              ./drivers/fsl_clock.o
                                                  ./board/clock_config.o
CLOCK_BootToFeeMode                               ./drivers/fsl_clock.o
CLOCK_BootToFeiMode                               ./drivers/fsl_clock.o
CLOCK_BootToPeeMode                               ./drivers/fsl_clock.o
                                                  ./board/clock_config.o
CLOCK_CalcPllDiv                                  ./drivers/fsl_clock.o
CLOCK_ClearStatusFlags                            ./drivers/fsl_clock.o
CLOCK_DeinitOsc0                                  ./drivers/fsl_clock.o
CLOCK_EnablePll0                                  ./drivers/fsl_clock.o
CLOCK_ExternalModeToFbeModeQuick                  ./drivers/fsl_clock.o
CLOCK_GetBusClkFreq                               ./drivers/fsl_clock.o
CLOCK_GetCoreSysClkFreq                           ./drivers/fsl_clock.o
                                                  ./board/board.o
CLOCK_GetEr32kClkFreq                             ./drivers/fsl_clock.o
CLOCK_GetFixedFreqClkFreq                         ./drivers/fsl_clock.o
CLOCK_GetFlashClkFreq                             ./drivers/fsl_clock.o
CLOCK_GetFlexBusClkFreq                           ./drivers/fsl_clock.o
CLOCK_GetFllFreq                                  ./drivers/fsl_clock.o
CLOCK_GetFreq                                     ./drivers/fsl_clock.o
                                                  ./source/PWM_BLDC.o
CLOCK_GetInternalRefClkFreq                       ./drivers/fsl_clock.o
CLOCK_GetMode                                     ./drivers/fsl_clock.o
CLOCK_GetOsc0ErClkDivFreq                         ./drivers/fsl_clock.o
CLOCK_GetOsc0ErClkFreq                            ./drivers/fsl_clock.o
CLOCK_GetOsc0ErClkUndivFreq                       ./drivers/fsl_clock.o
CLOCK_GetOutClkFreq                               ./drivers/fsl_clock.o
CLOCK_GetPlatClkFreq                              ./drivers/fsl_clock.o
CLOCK_GetPll0Freq                                 ./drivers/fsl_clock.o
CLOCK_GetPllFllSelClkFreq                         ./drivers/fsl_clock.o
CLOCK_GetStatusFlags                              ./drivers/fsl_clock.o
CLOCK_InitOsc0                                    ./drivers/fsl_clock.o
                                                  ./board/clock_config.o
CLOCK_InternalModeToFbiModeQuick                  ./drivers/fsl_clock.o
CLOCK_SetBlpeMode                                 ./drivers/fsl_clock.o
CLOCK_SetBlpiMode                                 ./drivers/fsl_clock.o
CLOCK_SetExternalRefClkConfig                     ./drivers/fsl_clock.o
CLOCK_SetFastIrcFreq                              ./drivers/fsl_clock.o
CLOCK_SetFbeMode                                  ./drivers/fsl_clock.o
CLOCK_SetFbiMode                                  ./drivers/fsl_clock.o
CLOCK_SetFeeMode                                  ./drivers/fsl_clock.o
CLOCK_SetFeiMode                                  ./drivers/fsl_clock.o
CLOCK_SetInternalRefClkConfig                     ./drivers/fsl_clock.o